Archive member included to satisfy reference by file (symbol)

c:/program files (x86)/gnu tools arm embedded/5.4 2016q3/bin/../lib/gcc/arm-none-eabi/5.4.1/../../../../arm-none-eabi/lib/armv7e-m\libg_nano.a(lib_a-errno.o)
                              ./system/src/newlib/_sbrk.o (__errno)
c:/program files (x86)/gnu tools arm embedded/5.4 2016q3/bin/../lib/gcc/arm-none-eabi/5.4.1/../../../../arm-none-eabi/lib/armv7e-m\libg_nano.a(lib_a-impure.o)
                              c:/program files (x86)/gnu tools arm embedded/5.4 2016q3/bin/../lib/gcc/arm-none-eabi/5.4.1/../../../../arm-none-eabi/lib/armv7e-m\libg_nano.a(lib_a-errno.o) (_impure_ptr)
c:/program files (x86)/gnu tools arm embedded/5.4 2016q3/bin/../lib/gcc/arm-none-eabi/5.4.1/../../../../arm-none-eabi/lib/armv7e-m\libg_nano.a(lib_a-nano-vfprintf_float.o)
                              (_printf_float)
c:/program files (x86)/gnu tools arm embedded/5.4 2016q3/bin/../lib/gcc/arm-none-eabi/5.4.1/../../../../arm-none-eabi/lib/armv7e-m\libg_nano.a(lib_a-nano-vfprintf_i.o)
                              c:/program files (x86)/gnu tools arm embedded/5.4 2016q3/bin/../lib/gcc/arm-none-eabi/5.4.1/../../../../arm-none-eabi/lib/armv7e-m\libg_nano.a(lib_a-nano-vfprintf_float.o) (_printf_common)
c:/program files (x86)/gnu tools arm embedded/5.4 2016q3/bin/../lib/gcc/arm-none-eabi/5.4.1/../../../../arm-none-eabi/lib/armv7e-m\libg_nano.a(lib_a-strlen.o)
                              ./system/src/diag/Trace.o (strlen)
c:/program files (x86)/gnu tools arm embedded/5.4 2016q3/bin/../lib/gcc/arm-none-eabi/5.4.1/../../../../arm-none-eabi/lib/armv7e-m\libg_nano.a(lib_a-vsnprintf.o)
                              ./system/src/diag/Trace.o (vsnprintf)
c:/program files (x86)/gnu tools arm embedded/5.4 2016q3/bin/../lib/gcc/arm-none-eabi/5.4.1/../../../../arm-none-eabi/lib/armv7e-m\libg_nano.a(lib_a-dtoa.o)
                              c:/program files (x86)/gnu tools arm embedded/5.4 2016q3/bin/../lib/gcc/arm-none-eabi/5.4.1/../../../../arm-none-eabi/lib/armv7e-m\libg_nano.a(lib_a-nano-vfprintf_float.o) (_dtoa_r)
c:/program files (x86)/gnu tools arm embedded/5.4 2016q3/bin/../lib/gcc/arm-none-eabi/5.4.1/../../../../arm-none-eabi/lib/armv7e-m\libg_nano.a(lib_a-localeconv.o)
                              c:/program files (x86)/gnu tools arm embedded/5.4 2016q3/bin/../lib/gcc/arm-none-eabi/5.4.1/../../../../arm-none-eabi/lib/armv7e-m\libg_nano.a(lib_a-nano-vfprintf_float.o) (_localeconv_r)
c:/program files (x86)/gnu tools arm embedded/5.4 2016q3/bin/../lib/gcc/arm-none-eabi/5.4.1/../../../../arm-none-eabi/lib/armv7e-m\libg_nano.a(lib_a-malloc.o)
                              c:/program files (x86)/gnu tools arm embedded/5.4 2016q3/bin/../lib/gcc/arm-none-eabi/5.4.1/../../../../arm-none-eabi/lib/armv7e-m\libg_nano.a(lib_a-dtoa.o) (malloc)
c:/program files (x86)/gnu tools arm embedded/5.4 2016q3/bin/../lib/gcc/arm-none-eabi/5.4.1/../../../../arm-none-eabi/lib/armv7e-m\libg_nano.a(lib_a-memchr.o)
                              c:/program files (x86)/gnu tools arm embedded/5.4 2016q3/bin/../lib/gcc/arm-none-eabi/5.4.1/../../../../arm-none-eabi/lib/armv7e-m\libg_nano.a(lib_a-nano-vfprintf_i.o) (memchr)
c:/program files (x86)/gnu tools arm embedded/5.4 2016q3/bin/../lib/gcc/arm-none-eabi/5.4.1/../../../../arm-none-eabi/lib/armv7e-m\libg_nano.a(lib_a-memcpy-stub.o)
                              c:/program files (x86)/gnu tools arm embedded/5.4 2016q3/bin/../lib/gcc/arm-none-eabi/5.4.1/../../../../arm-none-eabi/lib/armv7e-m\libg_nano.a(lib_a-dtoa.o) (memcpy)
c:/program files (x86)/gnu tools arm embedded/5.4 2016q3/bin/../lib/gcc/arm-none-eabi/5.4.1/../../../../arm-none-eabi/lib/armv7e-m\libg_nano.a(lib_a-mprec.o)
                              c:/program files (x86)/gnu tools arm embedded/5.4 2016q3/bin/../lib/gcc/arm-none-eabi/5.4.1/../../../../arm-none-eabi/lib/armv7e-m\libg_nano.a(lib_a-dtoa.o) (_Balloc)
c:/program files (x86)/gnu tools arm embedded/5.4 2016q3/bin/../lib/gcc/arm-none-eabi/5.4.1/../../../../arm-none-eabi/lib/armv7e-m\libg_nano.a(lib_a-nano-callocr.o)
                              c:/program files (x86)/gnu tools arm embedded/5.4 2016q3/bin/../lib/gcc/arm-none-eabi/5.4.1/../../../../arm-none-eabi/lib/armv7e-m\libg_nano.a(lib_a-mprec.o) (_calloc_r)
c:/program files (x86)/gnu tools arm embedded/5.4 2016q3/bin/../lib/gcc/arm-none-eabi/5.4.1/../../../../arm-none-eabi/lib/armv7e-m\libg_nano.a(lib_a-nano-freer.o)
                              c:/program files (x86)/gnu tools arm embedded/5.4 2016q3/bin/../lib/gcc/arm-none-eabi/5.4.1/../../../../arm-none-eabi/lib/armv7e-m\libg_nano.a(lib_a-malloc.o) (_free_r)
c:/program files (x86)/gnu tools arm embedded/5.4 2016q3/bin/../lib/gcc/arm-none-eabi/5.4.1/../../../../arm-none-eabi/lib/armv7e-m\libg_nano.a(lib_a-nano-mallocr.o)
                              c:/program files (x86)/gnu tools arm embedded/5.4 2016q3/bin/../lib/gcc/arm-none-eabi/5.4.1/../../../../arm-none-eabi/lib/armv7e-m\libg_nano.a(lib_a-malloc.o) (_malloc_r)
[...]
Memory Configuration

Name             Origin             Length             Attributes
RAM              0x20000000         0x00010000         xrw
CCMRAM           0x10000000         0x00000000         xrw
FLASH            0x08000000         0x00020000         xr
FLASHB1          0x00000000         0x00000000         xr
EXTMEMB0         0x00000000         0x00000000         xr
EXTMEMB1         0x00000000         0x00000000         xr
EXTMEMB2         0x00000000         0x00000000         xr
EXTMEMB3         0x00000000         0x00000000         xr
*default*        0x00000000         0xffffffff

Linker script and memory map

LOAD ./system/src/stm_spl/misc.o
LOAD ./system/src/stm_spl/stm32f4xx_adc.o
LOAD ./system/src/stm_spl/stm32f4xx_can.o
LOAD ./system/src/stm_spl/stm32f4xx_cec.o
LOAD ./system/src/stm_spl/stm32f4xx_crc.o
LOAD ./system/src/stm_spl/stm32f4xx_cryp.o
LOAD ./system/src/stm_spl/stm32f4xx_cryp_aes.o
LOAD ./system/src/stm_spl/stm32f4xx_cryp_des.o
LOAD ./system/src/stm_spl/stm32f4xx_cryp_tdes.o
LOAD ./system/src/stm_spl/stm32f4xx_dac.o
LOAD ./system/src/stm_spl/stm32f4xx_dbgmcu.o
LOAD ./system/src/stm_spl/stm32f4xx_dcmi.o
LOAD ./system/src/stm_spl/stm32f4xx_dma.o
LOAD ./system/src/stm_spl/stm32f4xx_dma2d.o
LOAD ./system/src/stm_spl/stm32f4xx_exti.o
LOAD ./system/src/stm_spl/stm32f4xx_flash.o
LOAD ./system/src/stm_spl/stm32f4xx_flash_ramfunc.o
LOAD ./system/src/stm_spl/stm32f4xx_fmpi2c.o
LOAD ./system/src/stm_spl/stm32f4xx_gpio.o
LOAD ./system/src/stm_spl/stm32f4xx_hash.o
LOAD ./system/src/stm_spl/stm32f4xx_hash_md5.o
LOAD ./system/src/stm_spl/stm32f4xx_hash_sha1.o
LOAD ./system/src/stm_spl/stm32f4xx_i2c.o
LOAD ./system/src/stm_spl/stm32f4xx_iwdg.o
LOAD ./system/src/stm_spl/stm32f4xx_ltdc.o
LOAD ./system/src/stm_spl/stm32f4xx_pwr.o
LOAD ./system/src/stm_spl/stm32f4xx_qspi.o
LOAD ./system/src/stm_spl/stm32f4xx_rcc.o
LOAD ./system/src/stm_spl/stm32f4xx_rng.o
LOAD ./system/src/stm_spl/stm32f4xx_rtc.o
LOAD ./system/src/stm_spl/stm32f4xx_sai.o
LOAD ./system/src/stm_spl/stm32f4xx_sdio.o
LOAD ./system/src/stm_spl/stm32f4xx_spdifrx.o
LOAD ./system/src/stm_spl/stm32f4xx_spi.o
LOAD ./system/src/stm_spl/stm32f4xx_syscfg.o
LOAD ./system/src/stm_spl/stm32f4xx_tim.o
LOAD ./system/src/stm_spl/stm32f4xx_usart.o
LOAD ./system/src/stm_spl/stm32f4xx_wwdg.o
LOAD ./system/src/newlib/_cxx.o
LOAD ./system/src/newlib/_exit.o
LOAD ./system/src/newlib/_sbrk.o
LOAD ./system/src/newlib/_startup.o
LOAD ./system/src/newlib/_syscalls.o
LOAD ./system/src/newlib/assert.o
LOAD ./system/src/diag/Trace.o
LOAD ./system/src/diag/trace_impl.o
LOAD ./system/src/cortexm/_initialize_hardware.o
LOAD ./system/src/cortexm/_reset_hardware.o
LOAD ./system/src/cortexm/exception_handlers.o
LOAD ./system/src/cmsis/system_stm32f4xx.o
LOAD ./system/src/cmsis/vectors_stm32f4xx.o
LOAD ./src/delay.o
LOAD ./src/main.o
LOAD ./src/stm32f4_discovery.o
LOAD c:/program files (x86)/gnu tools arm embedded/5.4 2016q3/bin/../lib/gcc/arm-none-eabi/5.4.1/../../../../arm-none-eabi/lib/armv7e-m\libstdc++_nano.a
LOAD c:/program files (x86)/gnu tools arm embedded/5.4 2016q3/bin/../lib/gcc/arm-none-eabi/5.4.1/../../../../arm-none-eabi/lib/armv7e-m\libm.a
START GROUP
LOAD c:/program files (x86)/gnu tools arm embedded/5.4 2016q3/bin/../lib/gcc/arm-none-eabi/5.4.1/armv7e-m\libgcc.a
LOAD c:/program files (x86)/gnu tools arm embedded/5.4 2016q3/bin/../lib/gcc/arm-none-eabi/5.4.1/../../../../arm-none-eabi/lib/armv7e-m\libg_nano.a
LOAD c:/program files (x86)/gnu tools arm embedded/5.4 2016q3/bin/../lib/gcc/arm-none-eabi/5.4.1/../../../../arm-none-eabi/lib/armv7e-m\libc_nano.a
END GROUP
START GROUP
LOAD c:/program files (x86)/gnu tools arm embedded/5.4 2016q3/bin/../lib/gcc/arm-none-eabi/5.4.1/armv7e-m\libgcc.a
LOAD c:/program files (x86)/gnu tools arm embedded/5.4 2016q3/bin/../lib/gcc/arm-none-eabi/5.4.1/../../../../arm-none-eabi/lib/armv7e-m\libc_nano.a
END GROUP
                0x20010000                __stack = (ORIGIN (RAM) + LENGTH (RAM))
                0x20010000                _estack = __stack
                0x00000400                __Main_Stack_Size = 0x400
                [!provide]                PROVIDE (_Main_Stack_Size, __Main_Stack_Size)
                0x2000fc00                __Main_Stack_Limit = (__stack - __Main_Stack_Size)
                [!provide]                PROVIDE (_Main_Stack_Limit, __Main_Stack_Limit)
                0x00000100                _Minimum_Stack_Size = 0x100
                0x20000294                PROVIDE (_Heap_Begin, _end_noinit)
                0x2000fc00                PROVIDE (_Heap_Limit, (__stack - __Main_Stack_Size))

.isr_vector     0x08000000      0x410
 FILL mask 0xff
                0x08000000                __vectors_start = ABSOLUTE (.)
                0x08000000                __vectors_start__ = ABSOLUTE (.)
 *(.isr_vector)
 .isr_vector    0x08000000      0x1ac ./system/src/cmsis/vectors_stm32f4xx.o
                0x08000000                __isr_vectors
 *(.cfmconfig)
 *(.after_vectors .after_vectors.*)
 .after_vectors
                0x080001ac      0x130 ./system/src/newlib/_startup.o
                0x080001ac                _start
 .after_vectors
                0x080002dc      0x130 ./system/src/cortexm/exception_handlers.o
                0x080002dc                Reset_Handler
                0x080002e4                NMI_Handler
                0x080002e8                HardFault_Handler
                0x080002fc                HardFault_Handler_C
                0x0800035c                MemManage_Handler
                0x08000360                BusFault_Handler
                0x08000374                BusFault_Handler_C
                0x080003a8                UsageFault_Handler
                0x080003bc                UsageFault_Handler_C
                0x080003f0                SVC_Handler
                0x080003f4                DebugMon_Handler
                0x080003f8                PendSV_Handler
 .after_vectors
                0x0800040c        0x4 ./system/src/cmsis/vectors_stm32f4xx.o
                0x0800040c                RTC_Alarm_IRQHandler
                0x0800040c                HASH_RNG_IRQHandler
                0x0800040c                EXTI2_IRQHandler
                0x0800040c                TIM8_CC_IRQHandler
                0x0800040c                UART8_IRQHandler
                0x0800040c                SPI4_IRQHandler
                0x0800040c                TIM1_CC_IRQHandler
                0x0800040c                DMA2_Stream5_IRQHandler
                0x0800040c                DMA1_Stream5_IRQHandler
                0x0800040c                PVD_IRQHandler
                0x0800040c                SDIO_IRQHandler
                0x0800040c                TAMP_STAMP_IRQHandler
                0x0800040c                CAN2_RX1_IRQHandler
                0x0800040c                EXTI3_IRQHandler
                0x0800040c                TIM8_TRG_COM_TIM14_IRQHandler
                0x0800040c                TIM1_UP_TIM10_IRQHandler
                0x0800040c                TIM8_UP_TIM13_IRQHandler
                0x0800040c                I2C3_ER_IRQHandler
                0x0800040c                EXTI0_IRQHandler
                0x0800040c                I2C2_EV_IRQHandler
                0x0800040c                DMA1_Stream2_IRQHandler
                0x0800040c                CAN1_RX0_IRQHandler
                0x0800040c                FPU_IRQHandler
                0x0800040c                OTG_HS_WKUP_IRQHandler
                0x0800040c                LTDC_ER_IRQHandler
                0x0800040c                CAN2_SCE_IRQHandler
                0x0800040c                DMA2_Stream2_IRQHandler
                0x0800040c                SPI1_IRQHandler
                0x0800040c                TIM6_DAC_IRQHandler
                0x0800040c                TIM1_BRK_TIM9_IRQHandler
                0x0800040c                DCMI_IRQHandler
                0x0800040c                CAN2_RX0_IRQHandler
                0x0800040c                DMA2_Stream3_IRQHandler
                0x0800040c                USART6_IRQHandler
                0x0800040c                USART3_IRQHandler
                0x0800040c                CAN1_RX1_IRQHandler
                0x0800040c                UART5_IRQHandler
                0x0800040c                DMA2_Stream0_IRQHandler
                0x0800040c                TIM4_IRQHandler
                0x0800040c                I2C1_EV_IRQHandler
                0x0800040c                DMA1_Stream6_IRQHandler
                0x0800040c                DMA1_Stream1_IRQHandler
                0x0800040c                UART4_IRQHandler
                0x0800040c                TIM3_IRQHandler
                0x0800040c                RCC_IRQHandler
                0x0800040c                TIM8_BRK_TIM12_IRQHandler
                0x0800040c                Default_Handler
                0x0800040c                EXTI15_10_IRQHandler
                0x0800040c                ADC_IRQHandler
                0x0800040c                DMA1_Stream7_IRQHandler
                0x0800040c                SPI5_IRQHandler
                0x0800040c                TIM7_IRQHandler
                0x0800040c                CAN2_TX_IRQHandler
                0x0800040c                TIM5_IRQHandler
                0x0800040c                DMA2_Stream7_IRQHandler
                0x0800040c                I2C3_EV_IRQHandler
                0x0800040c                EXTI9_5_IRQHandler
                0x0800040c                RTC_WKUP_IRQHandler
                0x0800040c                LTDC_IRQHandler
                0x0800040c                ETH_WKUP_IRQHandler
                0x0800040c                SPI2_IRQHandler
                0x0800040c                OTG_HS_EP1_IN_IRQHandler
                0x0800040c                DMA1_Stream0_IRQHandler
                0x0800040c                CAN1_TX_IRQHandler
                0x0800040c                EXTI4_IRQHandler
                0x0800040c                ETH_IRQHandler
                0x0800040c                OTG_HS_EP1_OUT_IRQHandler
                0x0800040c                WWDG_IRQHandler
                0x0800040c                SPI6_IRQHandler
                0x0800040c                TIM2_IRQHandler
                0x0800040c                OTG_FS_WKUP_IRQHandler
                0x0800040c                TIM1_TRG_COM_TIM11_IRQHandler
                0x0800040c                OTG_HS_IRQHandler
                0x0800040c                DMA2D_IRQHandler
                0x0800040c                EXTI1_IRQHandler
                0x0800040c                UART7_IRQHandler
                0x0800040c                USART2_IRQHandler
                0x0800040c                I2C2_ER_IRQHandler
                0x0800040c                DMA2_Stream1_IRQHandler
                0x0800040c                CAN1_SCE_IRQHandler
                0x0800040c                FLASH_IRQHandler
                0x0800040c                DMA2_Stream4_IRQHandler
                0x0800040c                USART1_IRQHandler
                0x0800040c                OTG_FS_IRQHandler
                0x0800040c                SPI3_IRQHandler
                0x0800040c                DMA1_Stream4_IRQHandler
                0x0800040c                I2C1_ER_IRQHandler
                0x0800040c                FMC_IRQHandler
                0x0800040c                DMA2_Stream6_IRQHandler
                0x0800040c                SAI1_IRQHandler
                0x0800040c                DMA1_Stream3_IRQHandler

.inits          0x08000410       0x28
                0x08000410                __data_regions_array_start = .
                0x08000410        0x4 LONG 0x8003730 LOADADDR (.data)
                0x08000414        0x4 LONG 0x20000000 ADDR (.data)
                0x08000418        0x4 LONG 0x200001f4 (ADDR (.data) + SIZEOF (.data))
                0x0800041c        0x4 LONG 0x8003730 LOADADDR (.data_CCMRAM)
                0x08000420        0x4 LONG 0x10000000 ADDR (.data_CCMRAM)
                0x08000424        0x4 LONG 0x10000000 (ADDR (.data_CCMRAM) + SIZEOF (.data_CCMRAM))
                0x08000428                __data_regions_array_end = .
                0x08000428                __bss_regions_array_start = .
                0x08000428        0x4 LONG 0x200001f4 ADDR (.bss)
                0x0800042c        0x4 LONG 0x20000294 (ADDR (.bss) + SIZEOF (.bss))
                0x08000430        0x4 LONG 0x10000000 ADDR (.bss_CCMRAM)
                0x08000434        0x4 LONG 0x10000000 (ADDR (.bss_CCMRAM) + SIZEOF (.bss_CCMRAM))
                0x08000438                __bss_regions_array_end = .
 *(.init)
 *(.fini)
                0x08000438                . = ALIGN (0x4)
                0x08000438                PROVIDE (__preinit_array_start, .)
 *(.preinit_array_sysinit .preinit_array_sysinit.*)
 *(.preinit_array_platform .preinit_array_platform.*)
 *(.preinit_array .preinit_array.*)
                0x08000438                PROVIDE (__preinit_array_end, .)
                0x08000438                . = ALIGN (0x4)
                0x08000438                PROVIDE (__init_array_start, .)
 *(SORT(.init_array.*))
 *(.init_array)
                0x08000438                PROVIDE (__init_array_end, .)
                0x08000438                . = ALIGN (0x4)
                0x08000438                PROVIDE (__fini_array_start, .)
 *(SORT(.fini_array.*))
 *(.fini_array)
                0x08000438                PROVIDE (__fini_array_end, .)

.flashtext
 *(.flashtext .flashtext.*)

.text           0x08000440     0x32f0
 *(.text .text.*)
 .text.GPIO_Init
                0x08000440       0x84 ./system/src/stm_spl/stm32f4xx_gpio.o
                0x08000440                GPIO_Init
 .text.GPIO_ResetBits
                0x080004c4        0x4 ./system/src/stm_spl/stm32f4xx_gpio.o
                0x080004c4                GPIO_ResetBits
 .text.RCC_AHB1PeriphClockCmd
                0x080004c8       0x1c ./system/src/stm_spl/stm32f4xx_rcc.o
                0x080004c8                RCC_AHB1PeriphClockCmd
 .text._exit    0x080004e4        0x4 ./system/src/newlib/_exit.o
                0x080004e4                _exit
 .text._sbrk    0x080004e8       0x44 ./system/src/newlib/_sbrk.o
                0x080004e8                _sbrk
 .text.__initialize_args
                0x0800052c       0x10 ./system/src/newlib/_syscalls.o
                0x0800052c                __initialize_args
 .text.trace_printf
                0x0800053c       0x30 ./system/src/diag/Trace.o
                0x0800053c                trace_printf
 .text._trace_write_semihosting_debug
                0x0800056c       0x64 ./system/src/diag/trace_impl.o
 .text.trace_write
                0x080005d0        0x8 ./system/src/diag/trace_impl.o
                0x080005d0                trace_write
 .text.__initialize_hardware_early
                0x080005d8        0x8 ./system/src/cortexm/_initialize_hardware.o
                0x080005d8                __initialize_hardware_early
 .text.__initialize_hardware
                0x080005e0        0x8 ./system/src/cortexm/_initialize_hardware.o
                0x080005e0                __initialize_hardware
 .text.dumpExceptionStack
                0x080005e8       0xf0 ./system/src/cortexm/exception_handlers.o
                0x080005e8                dumpExceptionStack
 .text.isSemihosting
                0x080006d8       0x20 ./system/src/cortexm/exception_handlers.o
                0x080006d8                isSemihosting
 .text.SetSysClock
                0x080006f8       0x74 ./system/src/cmsis/system_stm32f4xx.o
 .text.SystemInit
                0x0800076c       0x44 ./system/src/cmsis/system_stm32f4xx.o
                0x0800076c                SystemInit
 .text.SystemCoreClockUpdate
                0x080007b0       0xa4 ./system/src/cmsis/system_stm32f4xx.o
                0x080007b0                SystemCoreClockUpdate
 .text.DelayInit
                0x08000854       0x44 ./src/delay.o
                0x08000854                DelayInit
 .text.TimingDelay_Decrement
                0x08000898       0x14 ./src/delay.o
                0x08000898                TimingDelay_Decrement
 .text.SysTick_Handler
                0x080008ac        0x8 ./src/delay.o
                0x080008ac                SysTick_Handler
 .text.main     0x080008b4       0x44 ./src/main.o
                0x080008b4                main
 .text.__errno  0x080008f8        0xc c:/program files (x86)/gnu tools arm embedded/5.4 2016q3/bin/../lib/gcc/arm-none-eabi/5.4.1/../../../../arm-none-eabi/lib/armv7e-m\libg_nano.a(lib_a-errno.o)
                0x080008f8                __errno
 .text.__cvt    0x08000904       0xbe c:/program files (x86)/gnu tools arm embedded/5.4 2016q3/bin/../lib/gcc/arm-none-eabi/5.4.1/../../../../arm-none-eabi/lib/armv7e-m\libg_nano.a(lib_a-nano-vfprintf_float.o)
                0x08000904                __cvt
 .text.__exponent
                0x080009c2       0x60 c:/program files (x86)/gnu tools arm embedded/5.4 2016q3/bin/../lib/gcc/arm-none-eabi/5.4.1/../../../../arm-none-eabi/lib/armv7e-m\libg_nano.a(lib_a-nano-vfprintf_float.o)
                0x080009c2                __exponent
 *fill*         0x08000a22        0x2 
 .text._printf_float
                0x08000a24      0x488 c:/program files (x86)/gnu tools arm embedded/5.4 2016q3/bin/../lib/gcc/arm-none-eabi/5.4.1/../../../../arm-none-eabi/lib/armv7e-m\libg_nano.a(lib_a-nano-vfprintf_float.o)
                0x08000a24                _printf_float
 .text._printf_common
                0x08000eac       0xec c:/program files (x86)/gnu tools arm embedded/5.4 2016q3/bin/../lib/gcc/arm-none-eabi/5.4.1/../../../../arm-none-eabi/lib/armv7e-m\libg_nano.a(lib_a-nano-vfprintf_i.o)
                0x08000eac                _printf_common
 .text._printf_i
                0x08000f98      0x24c c:/program files (x86)/gnu tools arm embedded/5.4 2016q3/bin/../lib/gcc/arm-none-eabi/5.4.1/../../../../arm-none-eabi/lib/armv7e-m\libg_nano.a(lib_a-nano-vfprintf_i.o)
                0x08000f98                _printf_i
 .text          0x080011e4       0x10 c:/program files (x86)/gnu tools arm embedded/5.4 2016q3/bin/../lib/gcc/arm-none-eabi/5.4.1/../../../../arm-none-eabi/lib/armv7e-m\libg_nano.a(lib_a-strlen.o)
                0x080011e4                strlen
 .text._vsnprintf_r
                0x080011f4       0x56 c:/program files (x86)/gnu tools arm embedded/5.4 2016q3/bin/../lib/gcc/arm-none-eabi/5.4.1/../../../../arm-none-eabi/lib/armv7e-m\libg_nano.a(lib_a-vsnprintf.o)
                0x080011f4                _vsniprintf_r
                0x080011f4                _vsnprintf_r
 *fill*         0x0800124a        0x2 
 .text.vsnprintf
                0x0800124c       0x1c c:/program files (x86)/gnu tools arm embedded/5.4 2016q3/bin/../lib/gcc/arm-none-eabi/5.4.1/../../../../arm-none-eabi/lib/armv7e-m\libg_nano.a(lib_a-vsnprintf.o)
                0x0800124c                vsniprintf
                0x0800124c                vsnprintf
 .text.quorem   0x08001268      0x11e c:/program files (x86)/gnu tools arm embedded/5.4 2016q3/bin/../lib/gcc/arm-none-eabi/5.4.1/../../../../arm-none-eabi/lib/armv7e-m\libg_nano.a(lib_a-dtoa.o)
 *fill*         0x08001386        0x2 
 .text._dtoa_r  0x08001388      0xb38 c:/program files (x86)/gnu tools arm embedded/5.4 2016q3/bin/../lib/gcc/arm-none-eabi/5.4.1/../../../../arm-none-eabi/lib/armv7e-m\libg_nano.a(lib_a-dtoa.o)
                0x08001388                _dtoa_r
 .text._localeconv_r
                0x08001ec0       0x1c c:/program files (x86)/gnu tools arm embedded/5.4 2016q3/bin/../lib/gcc/arm-none-eabi/5.4.1/../../../../arm-none-eabi/lib/armv7e-m\libg_nano.a(lib_a-localeconv.o)
                0x08001ec0                _localeconv_r
 .text.malloc   0x08001edc       0x10 c:/program files (x86)/gnu tools arm embedded/5.4 2016q3/bin/../lib/gcc/arm-none-eabi/5.4.1/../../../../arm-none-eabi/lib/armv7e-m\libg_nano.a(lib_a-malloc.o)
                0x08001edc                malloc
 *fill*         0x08001eec        0x4 
 .text          0x08001ef0       0xa0 c:/program files (x86)/gnu tools arm embedded/5.4 2016q3/bin/../lib/gcc/arm-none-eabi/5.4.1/../../../../arm-none-eabi/lib/armv7e-m\libg_nano.a(lib_a-memchr.o)
                0x08001ef0                memchr
 .text.memcpy   0x08001f90       0x16 c:/program files (x86)/gnu tools arm embedded/5.4 2016q3/bin/../lib/gcc/arm-none-eabi/5.4.1/../../../../arm-none-eabi/lib/armv7e-m\libg_nano.a(lib_a-memcpy-stub.o)
                0x08001f90                memcpy
 .text._Balloc  0x08001fa6       0x6a c:/program files (x86)/gnu tools arm embedded/5.4 2016q3/bin/../lib/gcc/arm-none-eabi/5.4.1/../../../../arm-none-eabi/lib/armv7e-m\libg_nano.a(lib_a-mprec.o)
                0x08001fa6                _Balloc
 .text._Bfree   0x08002010       0x2e c:/program files (x86)/gnu tools arm embedded/5.4 2016q3/bin/../lib/gcc/arm-none-eabi/5.4.1/../../../../arm-none-eabi/lib/armv7e-m\libg_nano.a(lib_a-mprec.o)
                0x08002010                _Bfree
 .text.__multadd
                0x0800203e       0x76 c:/program files (x86)/gnu tools arm embedded/5.4 2016q3/bin/../lib/gcc/arm-none-eabi/5.4.1/../../../../arm-none-eabi/lib/armv7e-m\libg_nano.a(lib_a-mprec.o)
                0x0800203e                __multadd
 .text.__hi0bits
                0x080020b4       0x40 c:/program files (x86)/gnu tools arm embedded/5.4 2016q3/bin/../lib/gcc/arm-none-eabi/5.4.1/../../../../arm-none-eabi/lib/armv7e-m\libg_nano.a(lib_a-mprec.o)
                0x080020b4                __hi0bits
 .text.__lo0bits
                0x080020f4       0x5a c:/program files (x86)/gnu tools arm embedded/5.4 2016q3/bin/../lib/gcc/arm-none-eabi/5.4.1/../../../../arm-none-eabi/lib/armv7e-m\libg_nano.a(lib_a-mprec.o)
                0x080020f4                __lo0bits
 .text.__i2b    0x0800214e       0x12 c:/program files (x86)/gnu tools arm embedded/5.4 2016q3/bin/../lib/gcc/arm-none-eabi/5.4.1/../../../../arm-none-eabi/lib/armv7e-m\libg_nano.a(lib_a-mprec.o)
                0x0800214e                __i2b
 .text.__multiply
                0x08002160      0x122 c:/program files (x86)/gnu tools arm embedded/5.4 2016q3/bin/../lib/gcc/arm-none-eabi/5.4.1/../../../../arm-none-eabi/lib/armv7e-m\libg_nano.a(lib_a-mprec.o)
                0x08002160                __multiply
 *fill*         0x08002282        0x2 
 .text.__pow5mult
                0x08002284       0x9c c:/program files (x86)/gnu tools arm embedded/5.4 2016q3/bin/../lib/gcc/arm-none-eabi/5.4.1/../../../../arm-none-eabi/lib/armv7e-m\libg_nano.a(lib_a-mprec.o)
                0x08002284                __pow5mult
 .text.__lshift
                0x08002320       0xa2 c:/program files (x86)/gnu tools arm embedded/5.4 2016q3/bin/../lib/gcc/arm-none-eabi/5.4.1/../../../../arm-none-eabi/lib/armv7e-m\libg_nano.a(lib_a-mprec.o)
                0x08002320                __lshift
 .text.__mcmp   0x080023c2       0x38 c:/program files (x86)/gnu tools arm embedded/5.4 2016q3/bin/../lib/gcc/arm-none-eabi/5.4.1/../../../../arm-none-eabi/lib/armv7e-m\libg_nano.a(lib_a-mprec.o)
                0x080023c2                __mcmp
 .text.__mdiff  0x080023fa       0xbe c:/program files (x86)/gnu tools arm embedded/5.4 2016q3/bin/../lib/gcc/arm-none-eabi/5.4.1/../../../../arm-none-eabi/lib/armv7e-m\libg_nano.a(lib_a-mprec.o)
                0x080023fa                __mdiff
 .text.__d2b    0x080024b8       0x9c c:/program files (x86)/gnu tools arm embedded/5.4 2016q3/bin/../lib/gcc/arm-none-eabi/5.4.1/../../../../arm-none-eabi/lib/armv7e-m\libg_nano.a(lib_a-mprec.o)
                0x080024b8                __d2b
 .text._calloc_r
                0x08002554       0x1c c:/program files (x86)/gnu tools arm embedded/5.4 2016q3/bin/../lib/gcc/arm-none-eabi/5.4.1/../../../../arm-none-eabi/lib/armv7e-m\libg_nano.a(lib_a-nano-callocr.o)
                0x08002554                _calloc_r
 .text._free_r  0x08002570       0x9c c:/program files (x86)/gnu tools arm embedded/5.4 2016q3/bin/../lib/gcc/arm-none-eabi/5.4.1/../../../../arm-none-eabi/lib/armv7e-m\libg_nano.a(lib_a-nano-freer.o)
                0x08002570                _free_r
 .text._malloc_r
                0x0800260c       0xbc c:/program files (x86)/gnu tools arm embedded/5.4 2016q3/bin/../lib/gcc/arm-none-eabi/5.4.1/../../../../arm-none-eabi/lib/armv7e-m\libg_nano.a(lib_a-nano-mallocr.o)
                0x0800260c                _malloc_r
 .text.__ssputs_r
                0x080026c8       0xb2 c:/program files (x86)/gnu tools arm embedded/5.4 2016q3/bin/../lib/gcc/arm-none-eabi/5.4.1/../../../../arm-none-eabi/lib/armv7e-m\libg_nano.a(lib_a-nano-svfprintf.o)
                0x080026c8                __ssputs_r
 *fill*         0x0800277a        0x2 
 .text._svfprintf_r
                0x0800277c      0x1e8 c:/program files (x86)/gnu tools arm embedded/5.4 2016q3/bin/../lib/gcc/arm-none-eabi/5.4.1/../../../../arm-none-eabi/lib/armv7e-m\libg_nano.a(lib_a-nano-svfprintf.o)
                0x0800277c                _svfiprintf_r
                0x0800277c                _svfprintf_r
 .text._sbrk_r  0x08002964       0x20 c:/program files (x86)/gnu tools arm embedded/5.4 2016q3/bin/../lib/gcc/arm-none-eabi/5.4.1/../../../../arm-none-eabi/lib/armv7e-m\libg_nano.a(lib_a-sbrkr.o)
                0x08002964                _sbrk_r
 .text.__ascii_mbtowc
                0x08002984       0x24 c:/program files (x86)/gnu tools arm embedded/5.4 2016q3/bin/../lib/gcc/arm-none-eabi/5.4.1/../../../../arm-none-eabi/lib/armv7e-m\libg_nano.a(lib_a-mbtowc_r.o)
                0x08002984                __ascii_mbtowc
 .text.memmove  0x080029a8       0x36 c:/program files (x86)/gnu tools arm embedded/5.4 2016q3/bin/../lib/gcc/arm-none-eabi/5.4.1/../../../../arm-none-eabi/lib/armv7e-m\libg_nano.a(lib_a-memmove.o)
                0x080029a8                memmove
 .text.memset   0x080029de       0x10 c:/program files (x86)/gnu tools arm embedded/5.4 2016q3/bin/../lib/gcc/arm-none-eabi/5.4.1/../../../../arm-none-eabi/lib/armv7e-m\libg_nano.a(lib_a-memset.o)
                0x080029de                memset
 .text.__malloc_lock
                0x080029ee        0x2 c:/program files (x86)/gnu tools arm embedded/5.4 2016q3/bin/../lib/gcc/arm-none-eabi/5.4.1/../../../../arm-none-eabi/lib/armv7e-m\libg_nano.a(lib_a-mlock.o)
                0x080029ee                __malloc_lock
 .text.__malloc_unlock
                0x080029f0        0x2 c:/program files (x86)/gnu tools arm embedded/5.4 2016q3/bin/../lib/gcc/arm-none-eabi/5.4.1/../../../../arm-none-eabi/lib/armv7e-m\libg_nano.a(lib_a-mlock.o)
                0x080029f0                __malloc_unlock
 .text._realloc_r
                0x080029f2       0x4c c:/program files (x86)/gnu tools arm embedded/5.4 2016q3/bin/../lib/gcc/arm-none-eabi/5.4.1/../../../../arm-none-eabi/lib/armv7e-m\libg_nano.a(lib_a-nano-reallocr.o)
                0x080029f2                _realloc_r
 .text.__ascii_wctomb
                0x08002a3e       0x1a c:/program files (x86)/gnu tools arm embedded/5.4 2016q3/bin/../lib/gcc/arm-none-eabi/5.4.1/../../../../arm-none-eabi/lib/armv7e-m\libg_nano.a(lib_a-wctomb_r.o)
                0x08002a3e                __ascii_wctomb
 .text._malloc_usable_size_r
                0x08002a58       0x14 c:/program files (x86)/gnu tools arm embedded/5.4 2016q3/bin/../lib/gcc/arm-none-eabi/5.4.1/../../../../arm-none-eabi/lib/armv7e-m\libg_nano.a(lib_a-nano-msizer.o)
                0x08002a58                _malloc_usable_size_r
 .text          0x08002a6c      0x370 c:/program files (x86)/gnu tools arm embedded/5.4 2016q3/bin/../lib/gcc/arm-none-eabi/5.4.1/armv7e-m\libgcc.a(_arm_addsubdf3.o)
                0x08002a6c                __aeabi_drsub
                0x08002a74                __aeabi_dsub
                0x08002a74                __subdf3
                0x08002a78                __aeabi_dadd
                0x08002a78                __adddf3
                0x08002cf0                __floatunsidf
                0x08002cf0                __aeabi_ui2d
                0x08002d10                __floatsidf
                0x08002d10                __aeabi_i2d
                0x08002d34                __aeabi_f2d
                0x08002d34                __extendsfdf2
                0x08002d70                __floatundidf
                0x08002d70                __aeabi_ul2d
                0x08002d80                __floatdidf
                0x08002d80                __aeabi_l2d
 .text          0x08002ddc      0x424 c:/program files (x86)/gnu tools arm embedded/5.4 2016q3/bin/../lib/gcc/arm-none-eabi/5.4.1/armv7e-m\libgcc.a(_arm_muldivdf3.o)
                0x08002ddc                __aeabi_dmul
                0x08002ddc                __muldf3
                0x08003030                __divdf3
                0x08003030                __aeabi_ddiv
 .text          0x08003200      0x110 c:/program files (x86)/gnu tools arm embedded/5.4 2016q3/bin/../lib/gcc/arm-none-eabi/5.4.1/armv7e-m\libgcc.a(_arm_cmpdf2.o)
                0x08003200                __gtdf2
                0x08003200                __gedf2
                0x08003208                __ltdf2
                0x08003208                __ledf2
                0x08003210                __nedf2
                0x08003210                __eqdf2
                0x08003210                __cmpdf2
                0x0800328c                __aeabi_cdrcmple
                0x0800329c                __aeabi_cdcmpeq
                0x0800329c                __aeabi_cdcmple
                0x080032ac                __aeabi_dcmpeq
                0x080032c0                __aeabi_dcmplt
                0x080032d4                __aeabi_dcmple
                0x080032e8                __aeabi_dcmpge
                0x080032fc                __aeabi_dcmpgt
 .text          0x08003310       0x2c c:/program files (x86)/gnu tools arm embedded/5.4 2016q3/bin/../lib/gcc/arm-none-eabi/5.4.1/armv7e-m\libgcc.a(_arm_unorddf2.o)
                0x08003310                __unorddf2
                0x08003310                __aeabi_dcmpun
 .text          0x0800333c       0x50 c:/program files (x86)/gnu tools arm embedded/5.4 2016q3/bin/../lib/gcc/arm-none-eabi/5.4.1/armv7e-m\libgcc.a(_arm_fixdfsi.o)
                0x0800333c                __aeabi_d2iz
                0x0800333c                __fixdfsi
 *(.rodata .rodata.* .constdata .constdata.*)
 .rodata.str1.4
                0x0800338c      0x148 ./system/src/cortexm/exception_handlers.o
                                0x146 (size before relaxing)
 .rodata.str1.1
                0x080034d4       0x12 c:/program files (x86)/gnu tools arm embedded/5.4 2016q3/bin/../lib/gcc/arm-none-eabi/5.4.1/../../../../arm-none-eabi/lib/armv7e-m\libg_nano.a(lib_a-nano-vfprintf_float.o)
 .rodata.str1.1
                0x080034e6       0x22 c:/program files (x86)/gnu tools arm embedded/5.4 2016q3/bin/../lib/gcc/arm-none-eabi/5.4.1/../../../../arm-none-eabi/lib/armv7e-m\libg_nano.a(lib_a-nano-vfprintf_i.o)
 .rodata.str1.1
                0x08003508        0xd c:/program files (x86)/gnu tools arm embedded/5.4 2016q3/bin/../lib/gcc/arm-none-eabi/5.4.1/../../../../arm-none-eabi/lib/armv7e-m\libg_nano.a(lib_a-dtoa.o)
                                  0xf (size before relaxing)
 *fill*         0x08003515        0x3 
 .rodata.__mprec_tens
                0x08003518       0xc8 c:/program files (x86)/gnu tools arm embedded/5.4 2016q3/bin/../lib/gcc/arm-none-eabi/5.4.1/../../../../arm-none-eabi/lib/armv7e-m\libg_nano.a(lib_a-mprec.o)
                0x08003518                __mprec_tens
 .rodata.__mprec_bigtens
                0x080035e0       0x28 c:/program files (x86)/gnu tools arm embedded/5.4 2016q3/bin/../lib/gcc/arm-none-eabi/5.4.1/../../../../arm-none-eabi/lib/armv7e-m\libg_nano.a(lib_a-mprec.o)
                0x080035e0                __mprec_bigtens
 .rodata.p05.6097
                0x08003608        0xc c:/program files (x86)/gnu tools arm embedded/5.4 2016q3/bin/../lib/gcc/arm-none-eabi/5.4.1/../../../../arm-none-eabi/lib/armv7e-m\libg_nano.a(lib_a-mprec.o)
 .rodata.str1.1
                0x08003614       0x11 c:/program files (x86)/gnu tools arm embedded/5.4 2016q3/bin/../lib/gcc/arm-none-eabi/5.4.1/../../../../arm-none-eabi/lib/armv7e-m\libg_nano.a(lib_a-nano-svfprintf.o)
 .rodata.str1.1
                0x08003625        0xa c:/program files (x86)/gnu tools arm embedded/5.4 2016q3/bin/../lib/gcc/arm-none-eabi/5.4.1/../../../../arm-none-eabi/lib/armv7e-m\libg_nano.a(lib_a-locale.o)
                                  0xb (size before relaxing)
 .rodata._ctype_
                0x0800362f      0x101 c:/program files (x86)/gnu tools arm embedded/5.4 2016q3/bin/../lib/gcc/arm-none-eabi/5.4.1/../../../../arm-none-eabi/lib/armv7e-m\libg_nano.a(lib_a-ctype_.o)
                0x0800362f                _ctype_
 *(vtable)
 *(.eh_frame*)
 *(.glue_7)
 .glue_7        0x08003730        0x0 linker stubs
 *(.glue_7t)
 .glue_7t       0x08003730        0x0 linker stubs

.vfp11_veneer   0x08003730        0x0
 .vfp11_veneer  0x08003730        0x0 linker stubs

.v4_bx          0x08003730        0x0
 .v4_bx         0x08003730        0x0 linker stubs

.iplt           0x08003730        0x0
 .iplt          0x08003730        0x0 ./system/src/stm_spl/misc.o

.rel.dyn        0x08003730        0x0
 .rel.iplt      0x08003730        0x0 ./system/src/stm_spl/misc.o

.ARM.extab
 *(.ARM.extab* .gnu.linkonce.armextab.*)
                0x08003730                . = ALIGN (0x4)
                0x08003730                __exidx_start = .

.ARM.exidx
 *(.ARM.exidx* .gnu.linkonce.armexidx.*)
                0x08003730                __exidx_end = .
                0x08003730                . = ALIGN (0x4)
                0x08003730                _etext = .
                0x08003730                __etext = .

.data_CCMRAM    0x10000000        0x0 load address 0x08003730
 FILL mask 0xff
 *(.data.CCMRAM .data.CCMRAM.*)
                0x10000000                . = ALIGN (0x4)
                0x08003730                _sidata = LOADADDR (.data)

.data           0x20000000      0x1f4 load address 0x08003730
 FILL mask 0xff
                0x20000000                _sdata = .
                0x20000000                __data_start__ = .
 *(.data_begin .data_begin.*)
 .data_begin    0x20000000        0x4 ./system/src/newlib/_startup.o
 *(.data .data.*)
 .data.argv.4289
                0x20000004        0x8 ./system/src/newlib/_syscalls.o
 .data.AHBPrescTable
                0x2000000c       0x10 ./system/src/cmsis/system_stm32f4xx.o
                0x2000000c                AHBPrescTable
 .data.SystemCoreClock
                0x2000001c        0x4 ./system/src/cmsis/system_stm32f4xx.o
                0x2000001c                SystemCoreClock
 .data.impure_data
                0x20000020       0x60 c:/program files (x86)/gnu tools arm embedded/5.4 2016q3/bin/../lib/gcc/arm-none-eabi/5.4.1/../../../../arm-none-eabi/lib/armv7e-m\libg_nano.a(lib_a-impure.o)
 .data._impure_ptr
                0x20000080        0x4 c:/program files (x86)/gnu tools arm embedded/5.4 2016q3/bin/../lib/gcc/arm-none-eabi/5.4.1/../../../../arm-none-eabi/lib/armv7e-m\libg_nano.a(lib_a-impure.o)
                0x20000080                _impure_ptr
 .data.__global_locale
                0x20000084      0x16c c:/program files (x86)/gnu tools arm embedded/5.4 2016q3/bin/../lib/gcc/arm-none-eabi/5.4.1/../../../../arm-none-eabi/lib/armv7e-m\libg_nano.a(lib_a-locale.o)
                0x20000084                __global_locale
 *(.data_end .data_end.*)
 .data_end      0x200001f0        0x4 ./system/src/newlib/_startup.o
                0x200001f4                . = ALIGN (0x4)
                0x200001f4                _edata = .
                0x200001f4                __data_end__ = .

.igot.plt       0x200001f4        0x0 load address 0x08003924
 .igot.plt      0x200001f4        0x0 ./system/src/stm_spl/misc.o

.bss_CCMRAM     0x10000000        0x0
 *(.bss.CCMRAM .bss.CCMRAM.*)

.bss            0x200001f4       0xa0
                0x200001f4                __bss_start__ = .
                0x200001f4                _sbss = .
 *(.bss_begin .bss_begin.*)
 .bss_begin     0x200001f4        0x4 ./system/src/newlib/_startup.o
 *(.bss .bss.*)
 .bss.current_heap_end.3974
                0x200001f8        0x4 ./system/src/newlib/_sbrk.o
 .bss.name.4288
                0x200001fc        0x1 ./system/src/newlib/_syscalls.o
 *fill*         0x200001fd        0x3 
 .bss.buf.5179  0x20000200       0x80 ./system/src/diag/Trace.o
 .bss.TimingDelay
                0x20000280        0x4 ./src/delay.o
 .bss.__malloc_sbrk_start
                0x20000284        0x4 c:/program files (x86)/gnu tools arm embedded/5.4 2016q3/bin/../lib/gcc/arm-none-eabi/5.4.1/../../../../arm-none-eabi/lib/armv7e-m\libg_nano.a(lib_a-nano-mallocr.o)
                0x20000284                __malloc_sbrk_start
 .bss.__malloc_free_list
                0x20000288        0x4 c:/program files (x86)/gnu tools arm embedded/5.4 2016q3/bin/../lib/gcc/arm-none-eabi/5.4.1/../../../../arm-none-eabi/lib/armv7e-m\libg_nano.a(lib_a-nano-mallocr.o)
                0x20000288                __malloc_free_list
 *(COMMON)
 COMMON         0x2000028c        0x4 ./system/src/newlib/_syscalls.o
                0x2000028c                errno
 *(.bss_end .bss_end.*)
 .bss_end       0x20000290        0x4 ./system/src/newlib/_startup.o
                0x20000294                . = ALIGN (0x4)
                0x20000294                __bss_end__ = .
                0x20000294                _ebss = .

.noinit_CCMRAM
 *(.noinit.CCMRAM .noinit.CCMRAM.*)

.noinit         0x20000294        0x0
                0x20000294                _noinit = .
 *(.noinit .noinit.*)
                0x20000294                . = ALIGN (0x4)
                0x20000294                _end_noinit = .
                [!provide]                PROVIDE (end, _end_noinit)
                [!provide]                PROVIDE (_end, _end_noinit)
                [!provide]                PROVIDE (__end, _end_noinit)
                [!provide]                PROVIDE (__end__, _end_noinit)

._check_stack   0x20000294      0x100
                0x20000394                . = (. + _Minimum_Stack_Size)
 *fill*         0x20000294      0x100 

.b1text
 *(.b1text)
 *(.b1rodata)
 *(.b1rodata.*)

.eb0text
 *(.eb0text)
 *(.eb0rodata)
 *(.eb0rodata.*)

.eb1text
 *(.eb1text)
 *(.eb1rodata)
 *(.eb1rodata.*)

.eb2text
 *(.eb2text)
 *(.eb2rodata)
 *(.eb2rodata.*)

.eb3text
 *(.eb3text)
 *(.eb3rodata)
 *(.eb3rodata.*)

.stab
 *(.stab)

.stabstr
 *(.stabstr)

.stab.excl
 *(.stab.excl)

.stab.exclstr
 *(.stab.exclstr)

.stab.index
 *(.stab.index)

.stab.indexstr
 *(.stab.indexstr)

.comment        0x00000000       0x6e
 *(.comment)
 .comment       0x00000000       0x6e ./system/src/stm_spl/stm32f4xx_gpio.o
                                 0x6f (size before relaxing)
 .comment       0x0000006e       0x6f ./system/src/stm_spl/stm32f4xx_rcc.o
 .comment       0x0000006e       0x6f ./system/src/newlib/_exit.o
 .comment       0x0000006e       0x6f ./system/src/newlib/_sbrk.o
 .comment       0x0000006e       0x6f ./system/src/newlib/_startup.o
 .comment       0x0000006e       0x6f ./system/src/newlib/_syscalls.o
 .comment       0x0000006e       0x6f ./system/src/diag/Trace.o
 .comment       0x0000006e       0x6f ./system/src/diag/trace_impl.o
 .comment       0x0000006e       0x6f ./system/src/cortexm/_initialize_hardware.o
 .comment       0x0000006e       0x6f ./system/src/cortexm/exception_handlers.o
 .comment       0x0000006e       0x6f ./system/src/cmsis/system_stm32f4xx.o
 .comment       0x0000006e       0x6f ./system/src/cmsis/vectors_stm32f4xx.o
 .comment       0x0000006e       0x6f ./src/delay.o
 .comment       0x0000006e       0x6f ./src/main.o

.ARM.attributes
                0x00000000       0x31
 .ARM.attributes
                0x00000000       0x33 ./system/src/stm_spl/stm32f4xx_gpio.o
 .ARM.attributes
                0x00000033       0x33 ./system/src/stm_spl/stm32f4xx_rcc.o
 .ARM.attributes
                0x00000066       0x33 ./system/src/newlib/_exit.o
 .ARM.attributes
                0x00000099       0x33 ./system/src/newlib/_sbrk.o
 .ARM.attributes
                0x000000cc       0x33 ./system/src/newlib/_startup.o
 .ARM.attributes
                0x000000ff       0x33 ./system/src/newlib/_syscalls.o
 .ARM.attributes
                0x00000132       0x33 ./system/src/diag/Trace.o
 .ARM.attributes
                0x00000165       0x33 ./system/src/diag/trace_impl.o
 .ARM.attributes
                0x00000198       0x33 ./system/src/cortexm/_initialize_hardware.o
 .ARM.attributes
                0x000001cb       0x33 ./system/src/cortexm/exception_handlers.o
 .ARM.attributes
                0x000001fe       0x33 ./system/src/cmsis/system_stm32f4xx.o
 .ARM.attributes
                0x00000231       0x33 ./system/src/cmsis/vectors_stm32f4xx.o
 .ARM.attributes
                0x00000264       0x33 ./src/delay.o
 .ARM.attributes
                0x00000297       0x33 ./src/main.o
 .ARM.attributes
                0x000002ca       0x2e c:/program files (x86)/gnu tools arm embedded/5.4 2016q3/bin/../lib/gcc/arm-none-eabi/5.4.1/../../../../arm-none-eabi/lib/armv7e-m\libg_nano.a(lib_a-errno.o)
 .ARM.attributes
                0x000002f8       0x2e c:/program files (x86)/gnu tools arm embedded/5.4 2016q3/bin/../lib/gcc/arm-none-eabi/5.4.1/../../../../arm-none-eabi/lib/armv7e-m\libg_nano.a(lib_a-impure.o)
 .ARM.attributes
                0x00000326       0x2e c:/program files (x86)/gnu tools arm embedded/5.4 2016q3/bin/../lib/gcc/arm-none-eabi/5.4.1/../../../../arm-none-eabi/lib/armv7e-m\libg_nano.a(lib_a-nano-vfprintf_float.o)
 .ARM.attributes
                0x00000354       0x2e c:/program files (x86)/gnu tools arm embedded/5.4 2016q3/bin/../lib/gcc/arm-none-eabi/5.4.1/../../../../arm-none-eabi/lib/armv7e-m\libg_nano.a(lib_a-nano-vfprintf_i.o)
 .ARM.attributes
                0x00000382       0x17 c:/program files (x86)/gnu tools arm embedded/5.4 2016q3/bin/../lib/gcc/arm-none-eabi/5.4.1/../../../../arm-none-eabi/lib/armv7e-m\libg_nano.a(lib_a-strlen.o)
 .ARM.attributes
                0x00000399       0x2e c:/program files (x86)/gnu tools arm embedded/5.4 2016q3/bin/../lib/gcc/arm-none-eabi/5.4.1/../../../../arm-none-eabi/lib/armv7e-m\libg_nano.a(lib_a-vsnprintf.o)
 .ARM.attributes
                0x000003c7       0x2e c:/program files (x86)/gnu tools arm embedded/5.4 2016q3/bin/../lib/gcc/arm-none-eabi/5.4.1/../../../../arm-none-eabi/lib/armv7e-m\libg_nano.a(lib_a-dtoa.o)
 .ARM.attributes
                0x000003f5       0x2e c:/program files (x86)/gnu tools arm embedded/5.4 2016q3/bin/../lib/gcc/arm-none-eabi/5.4.1/../../../../arm-none-eabi/lib/armv7e-m\libg_nano.a(lib_a-localeconv.o)
 .ARM.attributes
                0x00000423       0x2e c:/program files (x86)/gnu tools arm embedded/5.4 2016q3/bin/../lib/gcc/arm-none-eabi/5.4.1/../../../../arm-none-eabi/lib/armv7e-m\libg_nano.a(lib_a-malloc.o)
 .ARM.attributes
                0x00000451       0x1c c:/program files (x86)/gnu tools arm embedded/5.4 2016q3/bin/../lib/gcc/arm-none-eabi/5.4.1/../../../../arm-none-eabi/lib/armv7e-m\libg_nano.a(lib_a-memchr.o)
 .ARM.attributes
                0x0000046d       0x2e c:/program files (x86)/gnu tools arm embedded/5.4 2016q3/bin/../lib/gcc/arm-none-eabi/5.4.1/../../../../arm-none-eabi/lib/armv7e-m\libg_nano.a(lib_a-memcpy-stub.o)
 .ARM.attributes
                0x0000049b       0x2e c:/program files (x86)/gnu tools arm embedded/5.4 2016q3/bin/../lib/gcc/arm-none-eabi/5.4.1/../../../../arm-none-eabi/lib/armv7e-m\libg_nano.a(lib_a-mprec.o)
 .ARM.attributes
                0x000004c9       0x2e c:/program files (x86)/gnu tools arm embedded/5.4 2016q3/bin/../lib/gcc/arm-none-eabi/5.4.1/../../../../arm-none-eabi/lib/armv7e-m\libg_nano.a(lib_a-nano-callocr.o)
 .ARM.attributes
                0x000004f7       0x2e c:/program files (x86)/gnu tools arm embedded/5.4 2016q3/bin/../lib/gcc/arm-none-eabi/5.4.1/../../../../arm-none-eabi/lib/armv7e-m\libg_nano.a(lib_a-nano-freer.o)
 .ARM.attributes
                0x00000525       0x2e c:/program files (x86)/gnu tools arm embedded/5.4 2016q3/bin/../lib/gcc/arm-none-eabi/5.4.1/../../../../arm-none-eabi/lib/armv7e-m\libg_nano.a(lib_a-nano-mallocr.o)
 .ARM.attributes
                0x00000553       0x2e c:/program files (x86)/gnu tools arm embedded/5.4 2016q3/bin/../lib/gcc/arm-none-eabi/5.4.1/../../../../arm-none-eabi/lib/armv7e-m\libg_nano.a(lib_a-nano-svfprintf.o)
 .ARM.attributes
                0x00000581       0x2e c:/program files (x86)/gnu tools arm embedded/5.4 2016q3/bin/../lib/gcc/arm-none-eabi/5.4.1/../../../../arm-none-eabi/lib/armv7e-m\libg_nano.a(lib_a-sbrkr.o)
 .ARM.attributes
                0x000005af       0x2e c:/program files (x86)/gnu tools arm embedded/5.4 2016q3/bin/../lib/gcc/arm-none-eabi/5.4.1/../../../../arm-none-eabi/lib/armv7e-m\libg_nano.a(lib_a-locale.o)
 .ARM.attributes
                0x000005dd       0x2e c:/program files (x86)/gnu tools arm embedded/5.4 2016q3/bin/../lib/gcc/arm-none-eabi/5.4.1/../../../../arm-none-eabi/lib/armv7e-m\libg_nano.a(lib_a-mbtowc_r.o)
 .ARM.attributes
                0x0000060b       0x2e c:/program files (x86)/gnu tools arm embedded/5.4 2016q3/bin/../lib/gcc/arm-none-eabi/5.4.1/../../../../arm-none-eabi/lib/armv7e-m\libg_nano.a(lib_a-memmove.o)
 .ARM.attributes
                0x00000639       0x2e c:/program files (x86)/gnu tools arm embedded/5.4 2016q3/bin/../lib/gcc/arm-none-eabi/5.4.1/../../../../arm-none-eabi/lib/armv7e-m\libg_nano.a(lib_a-memset.o)
 .ARM.attributes
                0x00000667       0x2e c:/program files (x86)/gnu tools arm embedded/5.4 2016q3/bin/../lib/gcc/arm-none-eabi/5.4.1/../../../../arm-none-eabi/lib/armv7e-m\libg_nano.a(lib_a-mlock.o)
 .ARM.attributes
                0x00000695       0x2e c:/program files (x86)/gnu tools arm embedded/5.4 2016q3/bin/../lib/gcc/arm-none-eabi/5.4.1/../../../../arm-none-eabi/lib/armv7e-m\libg_nano.a(lib_a-nano-reallocr.o)
 .ARM.attributes
                0x000006c3       0x2e c:/program files (x86)/gnu tools arm embedded/5.4 2016q3/bin/../lib/gcc/arm-none-eabi/5.4.1/../../../../arm-none-eabi/lib/armv7e-m\libg_nano.a(lib_a-wctomb_r.o)
 .ARM.attributes
                0x000006f1       0x2e c:/program files (x86)/gnu tools arm embedded/5.4 2016q3/bin/../lib/gcc/arm-none-eabi/5.4.1/../../../../arm-none-eabi/lib/armv7e-m\libg_nano.a(lib_a-ctype_.o)
 .ARM.attributes
                0x0000071f       0x2e c:/program files (x86)/gnu tools arm embedded/5.4 2016q3/bin/../lib/gcc/arm-none-eabi/5.4.1/../../../../arm-none-eabi/lib/armv7e-m\libg_nano.a(lib_a-nano-msizer.o)
 .ARM.attributes
                0x0000074d       0x1e c:/program files (x86)/gnu tools arm embedded/5.4 2016q3/bin/../lib/gcc/arm-none-eabi/5.4.1/armv7e-m\libgcc.a(_arm_addsubdf3.o)
 .ARM.attributes
                0x0000076b       0x1e c:/program files (x86)/gnu tools arm embedded/5.4 2016q3/bin/../lib/gcc/arm-none-eabi/5.4.1/armv7e-m\libgcc.a(_arm_muldivdf3.o)
 .ARM.attributes
                0x00000789       0x1e c:/program files (x86)/gnu tools arm embedded/5.4 2016q3/bin/../lib/gcc/arm-none-eabi/5.4.1/armv7e-m\libgcc.a(_arm_cmpdf2.o)
 .ARM.attributes
                0x000007a7       0x1e c:/program files (x86)/gnu tools arm embedded/5.4 2016q3/bin/../lib/gcc/arm-none-eabi/5.4.1/armv7e-m\libgcc.a(_arm_unorddf2.o)
 .ARM.attributes
                0x000007c5       0x1e c:/program files (x86)/gnu tools arm embedded/5.4 2016q3/bin/../lib/gcc/arm-none-eabi/5.4.1/armv7e-m\libgcc.a(_arm_fixdfsi.o)

.debug
 *(.debug)

.line
 *(.line)

.debug_srcinfo
 *(.debug_srcinfo)

.debug_sfnames
 *(.debug_sfnames)

.debug_aranges  0x00000000      0x4c8
 *(.debug_aranges)
 .debug_aranges
                0x00000000       0x88 ./system/src/stm_spl/stm32f4xx_gpio.o
 .debug_aranges
                0x00000088      0x1c0 ./system/src/stm_spl/stm32f4xx_rcc.o
 .debug_aranges
                0x00000248       0x28 ./system/src/newlib/_exit.o
 .debug_aranges
                0x00000270       0x20 ./system/src/newlib/_sbrk.o
 .debug_aranges
                0x00000290       0x40 ./system/src/newlib/_startup.o
 .debug_aranges
                0x000002d0       0x30 ./system/src/newlib/_syscalls.o
 .debug_aranges
                0x00000300       0x38 ./system/src/diag/Trace.o
 .debug_aranges
                0x00000338       0x30 ./system/src/diag/trace_impl.o
 .debug_aranges
                0x00000368       0x28 ./system/src/cortexm/_initialize_hardware.o
 .debug_aranges
                0x00000390       0x90 ./system/src/cortexm/exception_handlers.o
 .debug_aranges
                0x00000420       0x30 ./system/src/cmsis/system_stm32f4xx.o
 .debug_aranges
                0x00000450       0x20 ./system/src/cmsis/vectors_stm32f4xx.o
 .debug_aranges
                0x00000470       0x38 ./src/delay.o
 .debug_aranges
                0x000004a8       0x20 ./src/main.o

.debug_pubnames
 *(.debug_pubnames)

.debug_info     0x00000000     0x4040
 *(.debug_info .gnu.linkonce.wi.*)
 .debug_info    0x00000000      0x820 ./system/src/stm_spl/stm32f4xx_gpio.o
 .debug_info    0x00000820      0xe87 ./system/src/stm_spl/stm32f4xx_rcc.o
 .debug_info    0x000016a7       0xef ./system/src/newlib/_exit.o
 .debug_info    0x00001796      0x11f ./system/src/newlib/_sbrk.o
 .debug_info    0x000018b5      0x4ef ./system/src/newlib/_startup.o
 .debug_info    0x00001da4      0x1b4 ./system/src/newlib/_syscalls.o
 .debug_info    0x00001f58      0x2e7 ./system/src/diag/Trace.o
 .debug_info    0x0000223f      0x30a ./system/src/diag/trace_impl.o
 .debug_info    0x00002549       0xe7 ./system/src/cortexm/_initialize_hardware.o
 .debug_info    0x00002630      0x8f4 ./system/src/cortexm/exception_handlers.o
 .debug_info    0x00002f24      0x5ad ./system/src/cmsis/system_stm32f4xx.o
 .debug_info    0x000034d1       0xd4 ./system/src/cmsis/vectors_stm32f4xx.o
 .debug_info    0x000035a5      0x760 ./src/delay.o
 .debug_info    0x00003d05      0x33b ./src/main.o

.debug_abbrev   0x00000000     0x1297
 *(.debug_abbrev)
 .debug_abbrev  0x00000000      0x1e5 ./system/src/stm_spl/stm32f4xx_gpio.o
 .debug_abbrev  0x000001e5      0x1e7 ./system/src/stm_spl/stm32f4xx_rcc.o
 .debug_abbrev  0x000003cc       0x8e ./system/src/newlib/_exit.o
 .debug_abbrev  0x0000045a       0xb9 ./system/src/newlib/_sbrk.o
 .debug_abbrev  0x00000513      0x1d4 ./system/src/newlib/_startup.o
 .debug_abbrev  0x000006e7       0xe5 ./system/src/newlib/_syscalls.o
 .debug_abbrev  0x000007cc      0x156 ./system/src/diag/Trace.o
 .debug_abbrev  0x00000922      0x1c8 ./system/src/diag/trace_impl.o
 .debug_abbrev  0x00000aea       0x88 ./system/src/cortexm/_initialize_hardware.o
 .debug_abbrev  0x00000b72      0x247 ./system/src/cortexm/exception_handlers.o
 .debug_abbrev  0x00000db9      0x127 ./system/src/cmsis/system_stm32f4xx.o
 .debug_abbrev  0x00000ee0       0x9d ./system/src/cmsis/vectors_stm32f4xx.o
 .debug_abbrev  0x00000f7d      0x1be ./src/delay.o
 .debug_abbrev  0x0000113b      0x15c ./src/main.o

.debug_line     0x00000000     0x4049
 *(.debug_line)
 .debug_line    0x00000000      0x4d5 ./system/src/stm_spl/stm32f4xx_gpio.o
 .debug_line    0x000004d5      0x7b1 ./system/src/stm_spl/stm32f4xx_rcc.o
 .debug_line    0x00000c86      0x33c ./system/src/newlib/_exit.o
 .debug_line    0x00000fc2      0x2ee ./system/src/newlib/_sbrk.o
 .debug_line    0x000012b0      0x3b6 ./system/src/newlib/_startup.o
 .debug_line    0x00001666      0x409 ./system/src/newlib/_syscalls.o
 .debug_line    0x00001a6f      0x3a8 ./system/src/diag/Trace.o
 .debug_line    0x00001e17      0x676 ./system/src/diag/trace_impl.o
 .debug_line    0x0000248d      0x3c6 ./system/src/cortexm/_initialize_hardware.o
 .debug_line    0x00002853      0x720 ./system/src/cortexm/exception_handlers.o
 .debug_line    0x00002f73      0x3eb ./system/src/cmsis/system_stm32f4xx.o
 .debug_line    0x0000335e      0x103 ./system/src/cmsis/vectors_stm32f4xx.o
 .debug_line    0x00003461      0x5ae ./src/delay.o
 .debug_line    0x00003a0f      0x63a ./src/main.o

.debug_frame    0x00000000     0x10ec
 *(.debug_frame)
 .debug_frame   0x00000000      0x11c ./system/src/stm_spl/stm32f4xx_gpio.o
 .debug_frame   0x0000011c      0x378 ./system/src/stm_spl/stm32f4xx_rcc.o
 .debug_frame   0x00000494       0x38 ./system/src/newlib/_exit.o
 .debug_frame   0x000004cc       0x28 ./system/src/newlib/_sbrk.o
 .debug_frame   0x000004f4       0x7c ./system/src/newlib/_startup.o
 .debug_frame   0x00000570       0x50 ./system/src/newlib/_syscalls.o
 .debug_frame   0x000005c0       0x94 ./system/src/diag/Trace.o
 .debug_frame   0x00000654       0x60 ./system/src/diag/trace_impl.o
 .debug_frame   0x000006b4       0x40 ./system/src/cortexm/_initialize_hardware.o
 .debug_frame   0x000006f4      0x158 ./system/src/cortexm/exception_handlers.o
 .debug_frame   0x0000084c       0x48 ./system/src/cmsis/system_stm32f4xx.o
 .debug_frame   0x00000894       0x20 ./system/src/cmsis/vectors_stm32f4xx.o
 .debug_frame   0x000008b4       0x58 ./src/delay.o
 .debug_frame   0x0000090c       0x2c ./src/main.o
 .debug_frame   0x00000938       0x20 c:/program files (x86)/gnu tools arm embedded/5.4 2016q3/bin/../lib/gcc/arm-none-eabi/5.4.1/../../../../arm-none-eabi/lib/armv7e-m\libg_nano.a(lib_a-errno.o)
 .debug_frame   0x00000958       0x8c c:/program files (x86)/gnu tools arm embedded/5.4 2016q3/bin/../lib/gcc/arm-none-eabi/5.4.1/../../../../arm-none-eabi/lib/armv7e-m\libg_nano.a(lib_a-nano-vfprintf_float.o)
 .debug_frame   0x000009e4       0x60 c:/program files (x86)/gnu tools arm embedded/5.4 2016q3/bin/../lib/gcc/arm-none-eabi/5.4.1/../../../../arm-none-eabi/lib/armv7e-m\libg_nano.a(lib_a-nano-vfprintf_i.o)
 .debug_frame   0x00000a44       0x48 c:/program files (x86)/gnu tools arm embedded/5.4 2016q3/bin/../lib/gcc/arm-none-eabi/5.4.1/../../../../arm-none-eabi/lib/armv7e-m\libg_nano.a(lib_a-vsnprintf.o)
 .debug_frame   0x00000a8c       0x6c c:/program files (x86)/gnu tools arm embedded/5.4 2016q3/bin/../lib/gcc/arm-none-eabi/5.4.1/../../../../arm-none-eabi/lib/armv7e-m\libg_nano.a(lib_a-dtoa.o)
 .debug_frame   0x00000af8       0x40 c:/program files (x86)/gnu tools arm embedded/5.4 2016q3/bin/../lib/gcc/arm-none-eabi/5.4.1/../../../../arm-none-eabi/lib/armv7e-m\libg_nano.a(lib_a-localeconv.o)
 .debug_frame   0x00000b38       0x30 c:/program files (x86)/gnu tools arm embedded/5.4 2016q3/bin/../lib/gcc/arm-none-eabi/5.4.1/../../../../arm-none-eabi/lib/armv7e-m\libg_nano.a(lib_a-malloc.o)
 .debug_frame   0x00000b68       0x28 c:/program files (x86)/gnu tools arm embedded/5.4 2016q3/bin/../lib/gcc/arm-none-eabi/5.4.1/../../../../arm-none-eabi/lib/armv7e-m\libg_nano.a(lib_a-memcpy-stub.o)
 .debug_frame   0x00000b90      0x234 c:/program files (x86)/gnu tools arm embedded/5.4 2016q3/bin/../lib/gcc/arm-none-eabi/5.4.1/../../../../arm-none-eabi/lib/armv7e-m\libg_nano.a(lib_a-mprec.o)
 .debug_frame   0x00000dc4       0x2c c:/program files (x86)/gnu tools arm embedded/5.4 2016q3/bin/../lib/gcc/arm-none-eabi/5.4.1/../../../../arm-none-eabi/lib/armv7e-m\libg_nano.a(lib_a-nano-callocr.o)
 .debug_frame   0x00000df0       0x38 c:/program files (x86)/gnu tools arm embedded/5.4 2016q3/bin/../lib/gcc/arm-none-eabi/5.4.1/../../../../arm-none-eabi/lib/armv7e-m\libg_nano.a(lib_a-nano-freer.o)
 .debug_frame   0x00000e28       0x2c c:/program files (x86)/gnu tools arm embedded/5.4 2016q3/bin/../lib/gcc/arm-none-eabi/5.4.1/../../../../arm-none-eabi/lib/armv7e-m\libg_nano.a(lib_a-nano-mallocr.o)
 .debug_frame   0x00000e54       0x90 c:/program files (x86)/gnu tools arm embedded/5.4 2016q3/bin/../lib/gcc/arm-none-eabi/5.4.1/../../../../arm-none-eabi/lib/armv7e-m\libg_nano.a(lib_a-nano-svfprintf.o)
 .debug_frame   0x00000ee4       0x2c c:/program files (x86)/gnu tools arm embedded/5.4 2016q3/bin/../lib/gcc/arm-none-eabi/5.4.1/../../../../arm-none-eabi/lib/armv7e-m\libg_nano.a(lib_a-sbrkr.o)
 .debug_frame   0x00000f10       0x88 c:/program files (x86)/gnu tools arm embedded/5.4 2016q3/bin/../lib/gcc/arm-none-eabi/5.4.1/../../../../arm-none-eabi/lib/armv7e-m\libg_nano.a(lib_a-locale.o)
 .debug_frame   0x00000f98       0x44 c:/program files (x86)/gnu tools arm embedded/5.4 2016q3/bin/../lib/gcc/arm-none-eabi/5.4.1/../../../../arm-none-eabi/lib/armv7e-m\libg_nano.a(lib_a-mbtowc_r.o)
 .debug_frame   0x00000fdc       0x28 c:/program files (x86)/gnu tools arm embedded/5.4 2016q3/bin/../lib/gcc/arm-none-eabi/5.4.1/../../../../arm-none-eabi/lib/armv7e-m\libg_nano.a(lib_a-memmove.o)
 .debug_frame   0x00001004       0x20 c:/program files (x86)/gnu tools arm embedded/5.4 2016q3/bin/../lib/gcc/arm-none-eabi/5.4.1/../../../../arm-none-eabi/lib/armv7e-m\libg_nano.a(lib_a-memset.o)
 .debug_frame   0x00001024       0x30 c:/program files (x86)/gnu tools arm embedded/5.4 2016q3/bin/../lib/gcc/arm-none-eabi/5.4.1/../../../../arm-none-eabi/lib/armv7e-m\libg_nano.a(lib_a-mlock.o)
 .debug_frame   0x00001054       0x3c c:/program files (x86)/gnu tools arm embedded/5.4 2016q3/bin/../lib/gcc/arm-none-eabi/5.4.1/../../../../arm-none-eabi/lib/armv7e-m\libg_nano.a(lib_a-nano-reallocr.o)
 .debug_frame   0x00001090       0x3c c:/program files (x86)/gnu tools arm embedded/5.4 2016q3/bin/../lib/gcc/arm-none-eabi/5.4.1/../../../../arm-none-eabi/lib/armv7e-m\libg_nano.a(lib_a-wctomb_r.o)
 .debug_frame   0x000010cc       0x20 c:/program files (x86)/gnu tools arm embedded/5.4 2016q3/bin/../lib/gcc/arm-none-eabi/5.4.1/../../../../arm-none-eabi/lib/armv7e-m\libg_nano.a(lib_a-nano-msizer.o)

.debug_str      0x00000000    0x6ab8c
 *(.debug_str)
 .debug_str     0x00000000    0x627e9 ./system/src/stm_spl/stm32f4xx_gpio.o
                              0x62a35 (size before relaxing)
 .debug_str     0x000627e9      0xd9c ./system/src/stm_spl/stm32f4xx_rcc.o
                              0x6350f (size before relaxing)
 .debug_str     0x00063585     0x482f ./system/src/newlib/_exit.o
                               0x6ed3 (size before relaxing)
 .debug_str     0x00067db4      0x4de ./system/src/newlib/_sbrk.o
                               0x62be (size before relaxing)
 .debug_str     0x00068292      0x2fd ./system/src/newlib/_startup.o
                               0x5ed3 (size before relaxing)
 .debug_str     0x0006858f      0xe0b ./system/src/newlib/_syscalls.o
                               0x7111 (size before relaxing)
 .debug_str     0x0006939a      0x890 ./system/src/diag/Trace.o
                               0x76c3 (size before relaxing)
 .debug_str     0x00069c2a      0x381 ./system/src/diag/trace_impl.o
                              0x66647 (size before relaxing)
 .debug_str     0x00069fab       0x4e ./system/src/cortexm/_initialize_hardware.o
                              0x62782 (size before relaxing)
 .debug_str     0x00069ff9      0x1f1 ./system/src/cortexm/exception_handlers.o
                              0x67409 (size before relaxing)
 .debug_str     0x0006a1ea       0xa9 ./system/src/cmsis/system_stm32f4xx.o
                              0x62967 (size before relaxing)
 .debug_str     0x0006a293       0x57 ./system/src/cmsis/vectors_stm32f4xx.o
                               0x308e (size before relaxing)
 .debug_str     0x0006a2ea      0x625 ./src/delay.o
                              0x65ba5 (size before relaxing)
 .debug_str     0x0006a90f      0x27d ./src/main.o
                              0x67439 (size before relaxing)

.debug_loc      0x00000000     0x1a62
 *(.debug_loc)
 .debug_loc     0x00000000      0x365 ./system/src/stm_spl/stm32f4xx_gpio.o
 .debug_loc     0x00000365      0xbec ./system/src/stm_spl/stm32f4xx_rcc.o
 .debug_loc     0x00000f51       0x82 ./system/src/newlib/_sbrk.o
 .debug_loc     0x00000fd3      0x36e ./system/src/newlib/_startup.o
 .debug_loc     0x00001341       0x63 ./system/src/newlib/_syscalls.o
 .debug_loc     0x000013a4      0x102 ./system/src/diag/Trace.o
 .debug_loc     0x000014a6      0x17c ./system/src/diag/trace_impl.o
 .debug_loc     0x00001622      0x2a8 ./system/src/cortexm/exception_handlers.o
 .debug_loc     0x000018ca      0x132 ./system/src/cmsis/system_stm32f4xx.o
 .debug_loc     0x000019fc       0x66 ./src/delay.o

.debug_macinfo
 *(.debug_macinfo)

.debug_weaknames
 *(.debug_weaknames)

.debug_funcnames
 *(.debug_funcnames)

.debug_typenames
 *(.debug_typenames)

.debug_varnames
 *(.debug_varnames)
OUTPUT(STM32F4.elf elf32-littlearm)

.debug_ranges   0x00000000      0x418
 .debug_ranges  0x00000000       0x78 ./system/src/stm_spl/stm32f4xx_gpio.o
 .debug_ranges  0x00000078      0x1b0 ./system/src/stm_spl/stm32f4xx_rcc.o
 .debug_ranges  0x00000228       0x18 ./system/src/newlib/_exit.o
 .debug_ranges  0x00000240       0x10 ./system/src/newlib/_sbrk.o
 .debug_ranges  0x00000250       0x30 ./system/src/newlib/_startup.o
 .debug_ranges  0x00000280       0x20 ./system/src/newlib/_syscalls.o
 .debug_ranges  0x000002a0       0x28 ./system/src/diag/Trace.o
 .debug_ranges  0x000002c8       0x38 ./system/src/diag/trace_impl.o
 .debug_ranges  0x00000300       0x18 ./system/src/cortexm/_initialize_hardware.o
 .debug_ranges  0x00000318       0x98 ./system/src/cortexm/exception_handlers.o
 .debug_ranges  0x000003b0       0x20 ./system/src/cmsis/system_stm32f4xx.o
 .debug_ranges  0x000003d0       0x10 ./system/src/cmsis/vectors_stm32f4xx.o
 .debug_ranges  0x000003e0       0x28 ./src/delay.o
 .debug_ranges  0x00000408       0x10 ./src/main.o

.debug_macro    0x00000000     0x4183
 .debug_macro   0x00000000      0x194 ./system/src/stm_spl/stm32f4xx_gpio.o
 .debug_macro   0x00000194      0x2e7 ./system/src/stm_spl/stm32f4xx_gpio.o
 .debug_macro   0x0000047b      0x25e ./system/src/stm_spl/stm32f4xx_rcc.o
 .debug_macro   0x000006d9      0x64a ./system/src/stm_spl/stm32f4xx_rcc.o
 .debug_macro   0x00000d23      0x19c ./system/src/newlib/_exit.o
 .debug_macro   0x00000ebf       0x9c ./system/src/newlib/_exit.o
 .debug_macro   0x00000f5b      0x10e ./system/src/newlib/_exit.o
 .debug_macro   0x00001069       0x8d ./system/src/newlib/_exit.o
 .debug_macro   0x000010f6       0x43 ./system/src/newlib/_exit.o
 .debug_macro   0x00001139      0x30d ./system/src/newlib/_exit.o
 .debug_macro   0x00001446       0x35 ./system/src/newlib/_exit.o
 .debug_macro   0x0000147b      0x151 ./system/src/newlib/_sbrk.o
 .debug_macro   0x000015cc      0x174 ./system/src/newlib/_sbrk.o
 .debug_macro   0x00001740       0x10 ./system/src/newlib/_sbrk.o
 .debug_macro   0x00001750      0x23b ./system/src/newlib/_sbrk.o
 .debug_macro   0x0000198b      0x15b ./system/src/newlib/_startup.o
 .debug_macro   0x00001ae6      0x89e ./system/src/newlib/_startup.o
 .debug_macro   0x00002384      0x1ff ./system/src/newlib/_syscalls.o
 .debug_macro   0x00002583       0x1c ./system/src/newlib/_syscalls.o
 .debug_macro   0x0000259f       0x10 ./system/src/newlib/_syscalls.o
 .debug_macro   0x000025af       0x10 ./system/src/newlib/_syscalls.o
 .debug_macro   0x000025bf       0x10 ./system/src/newlib/_syscalls.o
 .debug_macro   0x000025cf       0x35 ./system/src/newlib/_syscalls.o
 .debug_macro   0x00002604      0x122 ./system/src/newlib/_syscalls.o
 .debug_macro   0x00002726       0x88 ./system/src/newlib/_syscalls.o
 .debug_macro   0x000027ae       0x2b ./system/src/newlib/_syscalls.o
 .debug_macro   0x000027d9      0x118 ./system/src/newlib/_syscalls.o
 .debug_macro   0x000028f1      0x159 ./system/src/newlib/_syscalls.o
 .debug_macro   0x00002a4a       0x16 ./system/src/newlib/_syscalls.o
 .debug_macro   0x00002a60      0x1d9 ./system/src/diag/Trace.o
 .debug_macro   0x00002c39       0x16 ./system/src/diag/Trace.o
 .debug_macro   0x00002c4f       0x97 ./system/src/diag/Trace.o
 .debug_macro   0x00002ce6       0xfd ./system/src/diag/Trace.o
 .debug_macro   0x00002de3       0x10 ./system/src/diag/Trace.o
 .debug_macro   0x00002df3       0x16 ./system/src/diag/Trace.o
 .debug_macro   0x00002e09      0x18b ./system/src/diag/Trace.o
 .debug_macro   0x00002f94       0x4c ./system/src/diag/Trace.o
 .debug_macro   0x00002fe0       0x16 ./system/src/diag/Trace.o
 .debug_macro   0x00002ff6      0x2eb ./system/src/diag/trace_impl.o
 .debug_macro   0x000032e1       0x10 ./system/src/diag/trace_impl.o
 .debug_macro   0x000032f1       0xcf ./system/src/diag/trace_impl.o
 .debug_macro   0x000033c0       0xbe ./system/src/diag/trace_impl.o
 .debug_macro   0x0000347e       0x22 ./system/src/diag/trace_impl.o
 .debug_macro   0x000034a0      0x194 ./system/src/cortexm/_initialize_hardware.o
 .debug_macro   0x00003634      0x330 ./system/src/cortexm/exception_handlers.o
 .debug_macro   0x00003964       0x10 ./system/src/cortexm/exception_handlers.o
 .debug_macro   0x00003974      0x1ad ./system/src/cmsis/system_stm32f4xx.o
 .debug_macro   0x00003b21       0x34 ./system/src/cmsis/vectors_stm32f4xx.o
 .debug_macro   0x00003b55      0x27a ./src/delay.o
 .debug_macro   0x00003dcf      0x32c ./src/main.o
 .debug_macro   0x000040fb       0x88 ./src/main.o
