Archive member included to satisfy reference by file (symbol)

c:/program files (x86)/gnu tools arm embedded/5.4 2016q3/bin/../lib/gcc/arm-none-eabi/5.4.1/../../../../arm-none-eabi/lib/armv7e-m\libg_nano.a(lib_a-errno.o)
                              ./system/src/newlib/_sbrk.o (__errno)
c:/program files (x86)/gnu tools arm embedded/5.4 2016q3/bin/../lib/gcc/arm-none-eabi/5.4.1/../../../../arm-none-eabi/lib/armv7e-m\libg_nano.a(lib_a-impure.o)
                              c:/program files (x86)/gnu tools arm embedded/5.4 2016q3/bin/../lib/gcc/arm-none-eabi/5.4.1/../../../../arm-none-eabi/lib/armv7e-m\libg_nano.a(lib_a-errno.o) (_impure_ptr)
c:/program files (x86)/gnu tools arm embedded/5.4 2016q3/bin/../lib/gcc/arm-none-eabi/5.4.1/../../../../arm-none-eabi/lib/armv7e-m\libg_nano.a(lib_a-nano-vfprintf_float.o)
                              (_printf_float)
c:/program files (x86)/gnu tools arm embedded/5.4 2016q3/bin/../lib/gcc/arm-none-eabi/5.4.1/../../../../arm-none-eabi/lib/armv7e-m\libg_nano.a(lib_a-nano-vfprintf_i.o)
                              c:/program files (x86)/gnu tools arm embedded/5.4 2016q3/bin/../lib/gcc/arm-none-eabi/5.4.1/../../../../arm-none-eabi/lib/armv7e-m\libg_nano.a(lib_a-nano-vfprintf_float.o) (_printf_common)
c:/program files (x86)/gnu tools arm embedded/5.4 2016q3/bin/../lib/gcc/arm-none-eabi/5.4.1/../../../../arm-none-eabi/lib/armv7e-m\libg_nano.a(lib_a-strlen.o)
                              ./system/src/diag/Trace.o (strlen)
c:/program files (x86)/gnu tools arm embedded/5.4 2016q3/bin/../lib/gcc/arm-none-eabi/5.4.1/../../../../arm-none-eabi/lib/armv7e-m\libg_nano.a(lib_a-vsnprintf.o)
                              ./system/src/diag/Trace.o (vsnprintf)
c:/program files (x86)/gnu tools arm embedded/5.4 2016q3/bin/../lib/gcc/arm-none-eabi/5.4.1/../../../../arm-none-eabi/lib/armv7e-m\libg_nano.a(lib_a-dtoa.o)
                              c:/program files (x86)/gnu tools arm embedded/5.4 2016q3/bin/../lib/gcc/arm-none-eabi/5.4.1/../../../../arm-none-eabi/lib/armv7e-m\libg_nano.a(lib_a-nano-vfprintf_float.o) (_dtoa_r)
c:/program files (x86)/gnu tools arm embedded/5.4 2016q3/bin/../lib/gcc/arm-none-eabi/5.4.1/../../../../arm-none-eabi/lib/armv7e-m\libg_nano.a(lib_a-localeconv.o)
                              c:/program files (x86)/gnu tools arm embedded/5.4 2016q3/bin/../lib/gcc/arm-none-eabi/5.4.1/../../../../arm-none-eabi/lib/armv7e-m\libg_nano.a(lib_a-nano-vfprintf_float.o) (_localeconv_r)
c:/program files (x86)/gnu tools arm embedded/5.4 2016q3/bin/../lib/gcc/arm-none-eabi/5.4.1/../../../../arm-none-eabi/lib/armv7e-m\libg_nano.a(lib_a-malloc.o)
                              c:/program files (x86)/gnu tools arm embedded/5.4 2016q3/bin/../lib/gcc/arm-none-eabi/5.4.1/../../../../arm-none-eabi/lib/armv7e-m\libg_nano.a(lib_a-dtoa.o) (malloc)
c:/program files (x86)/gnu tools arm embedded/5.4 2016q3/bin/../lib/gcc/arm-none-eabi/5.4.1/../../../../arm-none-eabi/lib/armv7e-m\libg_nano.a(lib_a-memchr.o)
                              c:/program files (x86)/gnu tools arm embedded/5.4 2016q3/bin/../lib/gcc/arm-none-eabi/5.4.1/../../../../arm-none-eabi/lib/armv7e-m\libg_nano.a(lib_a-nano-vfprintf_i.o) (memchr)
c:/program files (x86)/gnu tools arm embedded/5.4 2016q3/bin/../lib/gcc/arm-none-eabi/5.4.1/../../../../arm-none-eabi/lib/armv7e-m\libg_nano.a(lib_a-memcpy-stub.o)
                              c:/program files (x86)/gnu tools arm embedded/5.4 2016q3/bin/../lib/gcc/arm-none-eabi/5.4.1/../../../../arm-none-eabi/lib/armv7e-m\libg_nano.a(lib_a-dtoa.o) (memcpy)
c:/program files (x86)/gnu tools arm embedded/5.4 2016q3/bin/../lib/gcc/arm-none-eabi/5.4.1/../../../../arm-none-eabi/lib/armv7e-m\libg_nano.a(lib_a-mprec.o)
                              c:/program files (x86)/gnu tools arm embedded/5.4 2016q3/bin/../lib/gcc/arm-none-eabi/5.4.1/../../../../arm-none-eabi/lib/armv7e-m\libg_nano.a(lib_a-dtoa.o) (_Balloc)
c:/program files (x86)/gnu tools arm embedded/5.4 2016q3/bin/../lib/gcc/arm-none-eabi/5.4.1/../../../../arm-none-eabi/lib/armv7e-m\libg_nano.a(lib_a-nano-callocr.o)
                              c:/program files (x86)/gnu tools arm embedded/5.4 2016q3/bin/../lib/gcc/arm-none-eabi/5.4.1/../../../../arm-none-eabi/lib/armv7e-m\libg_nano.a(lib_a-mprec.o) (_calloc_r)
c:/program files (x86)/gnu tools arm embedded/5.4 2016q3/bin/../lib/gcc/arm-none-eabi/5.4.1/../../../../arm-none-eabi/lib/armv7e-m\libg_nano.a(lib_a-nano-freer.o)
                              c:/program files (x86)/gnu tools arm embedded/5.4 2016q3/bin/../lib/gcc/arm-none-eabi/5.4.1/../../../../arm-none-eabi/lib/armv7e-m\libg_nano.a(lib_a-malloc.o) (_free_r)
c:/program files (x86)/gnu tools arm embedded/5.4 2016q3/bin/../lib/gcc/arm-none-eabi/5.4.1/../../../../arm-none-eabi/lib/armv7e-m\libg_nano.a(lib_a-nano-mallocr.o)
                              c:/program files (x86)/gnu tools arm embedded/5.4 2016q3/bin/../lib/gcc/arm-none-eabi/5.4.1/../../../../arm-none-eabi/lib/armv7e-m\libg_nano.a(lib_a-malloc.o) (_malloc_r)
[...]
Memory Configuration

Name             Origin             Length             Attributes
RAM              0x20000000         0x00010000         xrw
CCMRAM           0x10000000         0x00000000         xrw
FLASH            0x08000000         0x00020000         xr
FLASHB1          0x00000000         0x00000000         xr
EXTMEMB0         0x00000000         0x00000000         xr
EXTMEMB1         0x00000000         0x00000000         xr
EXTMEMB2         0x00000000         0x00000000         xr
EXTMEMB3         0x00000000         0x00000000         xr
*default*        0x00000000         0xffffffff

Linker script and memory map

LOAD ./system/src/stm_spl/misc.o
LOAD ./system/src/stm_spl/stm32f4xx_adc.o
LOAD ./system/src/stm_spl/stm32f4xx_can.o
LOAD ./system/src/stm_spl/stm32f4xx_cec.o
LOAD ./system/src/stm_spl/stm32f4xx_crc.o
LOAD ./system/src/stm_spl/stm32f4xx_cryp.o
LOAD ./system/src/stm_spl/stm32f4xx_cryp_aes.o
LOAD ./system/src/stm_spl/stm32f4xx_cryp_des.o
LOAD ./system/src/stm_spl/stm32f4xx_cryp_tdes.o
LOAD ./system/src/stm_spl/stm32f4xx_dac.o
LOAD ./system/src/stm_spl/stm32f4xx_dbgmcu.o
LOAD ./system/src/stm_spl/stm32f4xx_dcmi.o
LOAD ./system/src/stm_spl/stm32f4xx_dma.o
LOAD ./system/src/stm_spl/stm32f4xx_dma2d.o
LOAD ./system/src/stm_spl/stm32f4xx_exti.o
LOAD ./system/src/stm_spl/stm32f4xx_flash.o
LOAD ./system/src/stm_spl/stm32f4xx_flash_ramfunc.o
LOAD ./system/src/stm_spl/stm32f4xx_fmpi2c.o
LOAD ./system/src/stm_spl/stm32f4xx_gpio.o
LOAD ./system/src/stm_spl/stm32f4xx_hash.o
LOAD ./system/src/stm_spl/stm32f4xx_hash_md5.o
LOAD ./system/src/stm_spl/stm32f4xx_hash_sha1.o
LOAD ./system/src/stm_spl/stm32f4xx_i2c.o
LOAD ./system/src/stm_spl/stm32f4xx_iwdg.o
LOAD ./system/src/stm_spl/stm32f4xx_ltdc.o
LOAD ./system/src/stm_spl/stm32f4xx_pwr.o
LOAD ./system/src/stm_spl/stm32f4xx_qspi.o
LOAD ./system/src/stm_spl/stm32f4xx_rcc.o
LOAD ./system/src/stm_spl/stm32f4xx_rng.o
LOAD ./system/src/stm_spl/stm32f4xx_rtc.o
LOAD ./system/src/stm_spl/stm32f4xx_sai.o
LOAD ./system/src/stm_spl/stm32f4xx_sdio.o
LOAD ./system/src/stm_spl/stm32f4xx_spdifrx.o
LOAD ./system/src/stm_spl/stm32f4xx_spi.o
LOAD ./system/src/stm_spl/stm32f4xx_syscfg.o
LOAD ./system/src/stm_spl/stm32f4xx_tim.o
LOAD ./system/src/stm_spl/stm32f4xx_usart.o
LOAD ./system/src/stm_spl/stm32f4xx_wwdg.o
LOAD ./system/src/newlib/_cxx.o
LOAD ./system/src/newlib/_exit.o
LOAD ./system/src/newlib/_sbrk.o
LOAD ./system/src/newlib/_startup.o
LOAD ./system/src/newlib/_syscalls.o
LOAD ./system/src/newlib/assert.o
LOAD ./system/src/diag/Trace.o
LOAD ./system/src/diag/trace_impl.o
LOAD ./system/src/cortexm/_initialize_hardware.o
LOAD ./system/src/cortexm/_reset_hardware.o
LOAD ./system/src/cortexm/exception_handlers.o
LOAD ./system/src/cmsis/system_stm32f4xx.o
LOAD ./system/src/cmsis/vectors_stm32f4xx.o
LOAD ./src/coil_driver.o
LOAD ./src/debugkom.o
LOAD ./src/delay.o
LOAD ./src/main.o
LOAD ./src/phot_meas.o
LOAD ./src/stm32f4_discovery.o
LOAD ./src/temp_meas.o
LOAD ./src/timer.o
LOAD c:/program files (x86)/gnu tools arm embedded/5.4 2016q3/bin/../lib/gcc/arm-none-eabi/5.4.1/../../../../arm-none-eabi/lib/armv7e-m\libstdc++_nano.a
LOAD c:/program files (x86)/gnu tools arm embedded/5.4 2016q3/bin/../lib/gcc/arm-none-eabi/5.4.1/../../../../arm-none-eabi/lib/armv7e-m\libm.a
START GROUP
LOAD c:/program files (x86)/gnu tools arm embedded/5.4 2016q3/bin/../lib/gcc/arm-none-eabi/5.4.1/armv7e-m\libgcc.a
LOAD c:/program files (x86)/gnu tools arm embedded/5.4 2016q3/bin/../lib/gcc/arm-none-eabi/5.4.1/../../../../arm-none-eabi/lib/armv7e-m\libg_nano.a
LOAD c:/program files (x86)/gnu tools arm embedded/5.4 2016q3/bin/../lib/gcc/arm-none-eabi/5.4.1/../../../../arm-none-eabi/lib/armv7e-m\libc_nano.a
END GROUP
START GROUP
LOAD c:/program files (x86)/gnu tools arm embedded/5.4 2016q3/bin/../lib/gcc/arm-none-eabi/5.4.1/armv7e-m\libgcc.a
LOAD c:/program files (x86)/gnu tools arm embedded/5.4 2016q3/bin/../lib/gcc/arm-none-eabi/5.4.1/../../../../arm-none-eabi/lib/armv7e-m\libc_nano.a
END GROUP
                0x20010000                __stack = (ORIGIN (RAM) + LENGTH (RAM))
                0x20010000                _estack = __stack
                0x00000400                __Main_Stack_Size = 0x400
                [!provide]                PROVIDE (_Main_Stack_Size, __Main_Stack_Size)
                0x2000fc00                __Main_Stack_Limit = (__stack - __Main_Stack_Size)
                [!provide]                PROVIDE (_Main_Stack_Limit, __Main_Stack_Limit)
                0x00000100                _Minimum_Stack_Size = 0x100
                0x2000047c                PROVIDE (_Heap_Begin, _end_noinit)
                0x2000fc00                PROVIDE (_Heap_Limit, (__stack - __Main_Stack_Size))

.isr_vector     0x08000000      0x410
 FILL mask 0xff
                0x08000000                __vectors_start = ABSOLUTE (.)
                0x08000000                __vectors_start__ = ABSOLUTE (.)
 *(.isr_vector)
 .isr_vector    0x08000000      0x1ac ./system/src/cmsis/vectors_stm32f4xx.o
                0x08000000                __isr_vectors
 *(.cfmconfig)
 *(.after_vectors .after_vectors.*)
 .after_vectors
                0x080001ac      0x130 ./system/src/newlib/_startup.o
                0x080001ac                _start
 .after_vectors
                0x080002dc      0x130 ./system/src/cortexm/exception_handlers.o
                0x080002dc                Reset_Handler
                0x080002e4                NMI_Handler
                0x080002e8                HardFault_Handler
                0x080002fc                HardFault_Handler_C
                0x0800035c                MemManage_Handler
                0x08000360                BusFault_Handler
                0x08000374                BusFault_Handler_C
                0x080003a8                UsageFault_Handler
                0x080003bc                UsageFault_Handler_C
                0x080003f0                SVC_Handler
                0x080003f4                DebugMon_Handler
                0x080003f8                PendSV_Handler
 .after_vectors
                0x0800040c        0x4 ./system/src/cmsis/vectors_stm32f4xx.o
                0x0800040c                RTC_Alarm_IRQHandler
                0x0800040c                HASH_RNG_IRQHandler
                0x0800040c                EXTI2_IRQHandler
                0x0800040c                TIM8_CC_IRQHandler
                0x0800040c                UART8_IRQHandler
                0x0800040c                SPI4_IRQHandler
                0x0800040c                TIM1_CC_IRQHandler
                0x0800040c                DMA2_Stream5_IRQHandler
                0x0800040c                DMA1_Stream5_IRQHandler
                0x0800040c                PVD_IRQHandler
                0x0800040c                SDIO_IRQHandler
                0x0800040c                TAMP_STAMP_IRQHandler
                0x0800040c                CAN2_RX1_IRQHandler
                0x0800040c                EXTI3_IRQHandler
                0x0800040c                TIM8_TRG_COM_TIM14_IRQHandler
                0x0800040c                TIM1_UP_TIM10_IRQHandler
                0x0800040c                TIM8_UP_TIM13_IRQHandler
                0x0800040c                I2C3_ER_IRQHandler
                0x0800040c                EXTI0_IRQHandler
                0x0800040c                I2C2_EV_IRQHandler
                0x0800040c                DMA1_Stream2_IRQHandler
                0x0800040c                CAN1_RX0_IRQHandler
                0x0800040c                FPU_IRQHandler
                0x0800040c                OTG_HS_WKUP_IRQHandler
                0x0800040c                LTDC_ER_IRQHandler
                0x0800040c                CAN2_SCE_IRQHandler
                0x0800040c                DMA2_Stream2_IRQHandler
                0x0800040c                SPI1_IRQHandler
                0x0800040c                TIM6_DAC_IRQHandler
                0x0800040c                TIM1_BRK_TIM9_IRQHandler
                0x0800040c                DCMI_IRQHandler
                0x0800040c                CAN2_RX0_IRQHandler
                0x0800040c                DMA2_Stream3_IRQHandler
                0x0800040c                USART6_IRQHandler
                0x0800040c                USART3_IRQHandler
                0x0800040c                CAN1_RX1_IRQHandler
                0x0800040c                UART5_IRQHandler
                0x0800040c                TIM4_IRQHandler
                0x0800040c                I2C1_EV_IRQHandler
                0x0800040c                DMA1_Stream6_IRQHandler
                0x0800040c                DMA1_Stream1_IRQHandler
                0x0800040c                UART4_IRQHandler
                0x0800040c                TIM3_IRQHandler
                0x0800040c                RCC_IRQHandler
                0x0800040c                TIM8_BRK_TIM12_IRQHandler
                0x0800040c                Default_Handler
                0x0800040c                EXTI15_10_IRQHandler
                0x0800040c                ADC_IRQHandler
                0x0800040c                DMA1_Stream7_IRQHandler
                0x0800040c                SPI5_IRQHandler
                0x0800040c                TIM7_IRQHandler
                0x0800040c                CAN2_TX_IRQHandler
                0x0800040c                TIM5_IRQHandler
                0x0800040c                DMA2_Stream7_IRQHandler
                0x0800040c                I2C3_EV_IRQHandler
                0x0800040c                EXTI9_5_IRQHandler
                0x0800040c                RTC_WKUP_IRQHandler
                0x0800040c                LTDC_IRQHandler
                0x0800040c                ETH_WKUP_IRQHandler
                0x0800040c                SPI2_IRQHandler
                0x0800040c                OTG_HS_EP1_IN_IRQHandler
                0x0800040c                DMA1_Stream0_IRQHandler
                0x0800040c                CAN1_TX_IRQHandler
                0x0800040c                EXTI4_IRQHandler
                0x0800040c                ETH_IRQHandler
                0x0800040c                OTG_HS_EP1_OUT_IRQHandler
                0x0800040c                WWDG_IRQHandler
                0x0800040c                SPI6_IRQHandler
                0x0800040c                OTG_FS_WKUP_IRQHandler
                0x0800040c                TIM1_TRG_COM_TIM11_IRQHandler
                0x0800040c                OTG_HS_IRQHandler
                0x0800040c                DMA2D_IRQHandler
                0x0800040c                EXTI1_IRQHandler
                0x0800040c                UART7_IRQHandler
                0x0800040c                I2C2_ER_IRQHandler
                0x0800040c                DMA2_Stream1_IRQHandler
                0x0800040c                CAN1_SCE_IRQHandler
                0x0800040c                FLASH_IRQHandler
                0x0800040c                DMA2_Stream4_IRQHandler
                0x0800040c                USART1_IRQHandler
                0x0800040c                OTG_FS_IRQHandler
                0x0800040c                SPI3_IRQHandler
                0x0800040c                DMA1_Stream4_IRQHandler
                0x0800040c                I2C1_ER_IRQHandler
                0x0800040c                FMC_IRQHandler
                0x0800040c                DMA2_Stream6_IRQHandler
                0x0800040c                SAI1_IRQHandler
                0x0800040c                DMA1_Stream3_IRQHandler

.inits          0x08000410       0x28
                0x08000410                __data_regions_array_start = .
                0x08000410        0x4 LONG 0x8004808 LOADADDR (.data)
                0x08000414        0x4 LONG 0x20000000 ADDR (.data)
                0x08000418        0x4 LONG 0x20000204 (ADDR (.data) + SIZEOF (.data))
                0x0800041c        0x4 LONG 0x8004808 LOADADDR (.data_CCMRAM)
                0x08000420        0x4 LONG 0x10000000 ADDR (.data_CCMRAM)
                0x08000424        0x4 LONG 0x10000000 (ADDR (.data_CCMRAM) + SIZEOF (.data_CCMRAM))
                0x08000428                __data_regions_array_end = .
                0x08000428                __bss_regions_array_start = .
                0x08000428        0x4 LONG 0x20000204 ADDR (.bss)
                0x0800042c        0x4 LONG 0x2000047c (ADDR (.bss) + SIZEOF (.bss))
                0x08000430        0x4 LONG 0x10000000 ADDR (.bss_CCMRAM)
                0x08000434        0x4 LONG 0x10000000 (ADDR (.bss_CCMRAM) + SIZEOF (.bss_CCMRAM))
                0x08000438                __bss_regions_array_end = .
 *(.init)
 *(.fini)
                0x08000438                . = ALIGN (0x4)
                0x08000438                PROVIDE (__preinit_array_start, .)
 *(.preinit_array_sysinit .preinit_array_sysinit.*)
 *(.preinit_array_platform .preinit_array_platform.*)
 *(.preinit_array .preinit_array.*)
                0x08000438                PROVIDE (__preinit_array_end, .)
                0x08000438                . = ALIGN (0x4)
                0x08000438                PROVIDE (__init_array_start, .)
 *(SORT(.init_array.*))
 *(.init_array)
                0x08000438                PROVIDE (__init_array_end, .)
                0x08000438                . = ALIGN (0x4)
                0x08000438                PROVIDE (__fini_array_start, .)
 *(SORT(.fini_array.*))
 *(.fini_array)
                0x08000438                PROVIDE (__fini_array_end, .)

.flashtext
 *(.flashtext .flashtext.*)

.text           0x08000440     0x43c8
 *(.text .text.*)
 .text.NVIC_PriorityGroupConfig
                0x08000440       0x14 ./system/src/stm_spl/misc.o
                0x08000440                NVIC_PriorityGroupConfig
 .text.NVIC_Init
                0x08000454       0x6c ./system/src/stm_spl/misc.o
                0x08000454                NVIC_Init
 .text.ADC_DeInit
                0x080004c0       0x18 ./system/src/stm_spl/stm32f4xx_adc.o
                0x080004c0                ADC_DeInit
 .text.ADC_Init
                0x080004d8       0x4c ./system/src/stm_spl/stm32f4xx_adc.o
                0x080004d8                ADC_Init
 .text.ADC_CommonInit
                0x08000524       0x28 ./system/src/stm_spl/stm32f4xx_adc.o
                0x08000524                ADC_CommonInit
 .text.ADC_Cmd  0x0800054c       0x18 ./system/src/stm_spl/stm32f4xx_adc.o
                0x0800054c                ADC_Cmd
 .text.ADC_RegularChannelConfig
                0x08000564       0x8c ./system/src/stm_spl/stm32f4xx_adc.o
                0x08000564                ADC_RegularChannelConfig
 .text.ADC_SoftwareStartConv
                0x080005f0        0xc ./system/src/stm_spl/stm32f4xx_adc.o
                0x080005f0                ADC_SoftwareStartConv
 .text.ADC_DMACmd
                0x080005fc       0x18 ./system/src/stm_spl/stm32f4xx_adc.o
                0x080005fc                ADC_DMACmd
 .text.ADC_DMARequestAfterLastTransferCmd
                0x08000614       0x18 ./system/src/stm_spl/stm32f4xx_adc.o
                0x08000614                ADC_DMARequestAfterLastTransferCmd
 .text.DMA_Init
                0x0800062c       0x58 ./system/src/stm_spl/stm32f4xx_dma.o
                0x0800062c                DMA_Init
 .text.DMA_Cmd  0x08000684       0x18 ./system/src/stm_spl/stm32f4xx_dma.o
                0x08000684                DMA_Cmd
 .text.DMA_GetITStatus
                0x0800069c       0x60 ./system/src/stm_spl/stm32f4xx_dma.o
                0x0800069c                DMA_GetITStatus
 .text.DMA_ClearITPendingBit
                0x080006fc       0x34 ./system/src/stm_spl/stm32f4xx_dma.o
                0x080006fc                DMA_ClearITPendingBit
 .text.GPIO_Init
                0x08000730       0x84 ./system/src/stm_spl/stm32f4xx_gpio.o
                0x08000730                GPIO_Init
 .text.GPIO_StructInit
                0x080007b4       0x14 ./system/src/stm_spl/stm32f4xx_gpio.o
                0x080007b4                GPIO_StructInit
 .text.GPIO_SetBits
                0x080007c8        0x4 ./system/src/stm_spl/stm32f4xx_gpio.o
                0x080007c8                GPIO_SetBits
 .text.GPIO_PinAFConfig
                0x080007cc       0x30 ./system/src/stm_spl/stm32f4xx_gpio.o
                0x080007cc                GPIO_PinAFConfig
 .text.I2C_DeInit
                0x080007fc       0x64 ./system/src/stm_spl/stm32f4xx_i2c.o
                0x080007fc                I2C_DeInit
 .text.I2C_Init
                0x08000860       0xdc ./system/src/stm_spl/stm32f4xx_i2c.o
                0x08000860                I2C_Init
 .text.I2C_StructInit
                0x0800093c       0x1c ./system/src/stm_spl/stm32f4xx_i2c.o
                0x0800093c                I2C_StructInit
 .text.I2C_Cmd  0x08000958       0x1c ./system/src/stm_spl/stm32f4xx_i2c.o
                0x08000958                I2C_Cmd
 .text.I2C_AnalogFilterCmd
                0x08000974       0x1c ./system/src/stm_spl/stm32f4xx_i2c.o
                0x08000974                I2C_AnalogFilterCmd
 .text.I2C_DigitalFilterConfig
                0x08000990       0x14 ./system/src/stm_spl/stm32f4xx_i2c.o
                0x08000990                I2C_DigitalFilterConfig
 .text.I2C_CheckEvent
                0x080009a4       0x1c ./system/src/stm_spl/stm32f4xx_i2c.o
                0x080009a4                I2C_CheckEvent
 .text.RCC_GetClocksFreq
                0x080009c0       0xb4 ./system/src/stm_spl/stm32f4xx_rcc.o
                0x080009c0                RCC_GetClocksFreq
 .text.RCC_AHB1PeriphClockCmd
                0x08000a74       0x1c ./system/src/stm_spl/stm32f4xx_rcc.o
                0x08000a74                RCC_AHB1PeriphClockCmd
 .text.RCC_APB1PeriphClockCmd
                0x08000a90       0x1c ./system/src/stm_spl/stm32f4xx_rcc.o
                0x08000a90                RCC_APB1PeriphClockCmd
 .text.RCC_APB2PeriphClockCmd
                0x08000aac       0x1c ./system/src/stm_spl/stm32f4xx_rcc.o
                0x08000aac                RCC_APB2PeriphClockCmd
 .text.RCC_APB1PeriphResetCmd
                0x08000ac8       0x1c ./system/src/stm_spl/stm32f4xx_rcc.o
                0x08000ac8                RCC_APB1PeriphResetCmd
 .text.RCC_APB2PeriphResetCmd
                0x08000ae4       0x1c ./system/src/stm_spl/stm32f4xx_rcc.o
                0x08000ae4                RCC_APB2PeriphResetCmd
 .text.SPI_I2S_DeInit
                0x08000b00       0xc4 ./system/src/stm_spl/stm32f4xx_spi.o
                0x08000b00                SPI_I2S_DeInit
 .text.SPI_Init
                0x08000bc4       0x4c ./system/src/stm_spl/stm32f4xx_spi.o
                0x08000bc4                SPI_Init
 .text.SPI_Cmd  0x08000c10       0x1c ./system/src/stm_spl/stm32f4xx_spi.o
                0x08000c10                SPI_Cmd
 .text.TIM_GetITStatus
                0x08000c2c       0x18 ./system/src/stm_spl/stm32f4xx_tim.o
                0x08000c2c                TIM_GetITStatus
 .text.TIM_ClearITPendingBit
                0x08000c44        0x8 ./system/src/stm_spl/stm32f4xx_tim.o
                0x08000c44                TIM_ClearITPendingBit
 .text.USART_Init
                0x08000c4c       0xd0 ./system/src/stm_spl/stm32f4xx_usart.o
                0x08000c4c                USART_Init
 .text.USART_Cmd
                0x08000d1c       0x1c ./system/src/stm_spl/stm32f4xx_usart.o
                0x08000d1c                USART_Cmd
 .text.USART_SendData
                0x08000d38        0x8 ./system/src/stm_spl/stm32f4xx_usart.o
                0x08000d38                USART_SendData
 .text.USART_ReceiveData
                0x08000d40        0x8 ./system/src/stm_spl/stm32f4xx_usart.o
                0x08000d40                USART_ReceiveData
 .text.USART_ITConfig
                0x08000d48       0x38 ./system/src/stm_spl/stm32f4xx_usart.o
                0x08000d48                USART_ITConfig
 .text.USART_GetFlagStatus
                0x08000d80       0x10 ./system/src/stm_spl/stm32f4xx_usart.o
                0x08000d80                USART_GetFlagStatus
 .text.USART_GetITStatus
                0x08000d90       0x4c ./system/src/stm_spl/stm32f4xx_usart.o
                0x08000d90                USART_GetITStatus
 .text._exit    0x08000ddc        0x4 ./system/src/newlib/_exit.o
                0x08000ddc                _exit
 .text._sbrk    0x08000de0       0x44 ./system/src/newlib/_sbrk.o
                0x08000de0                _sbrk
 .text.__initialize_args
                0x08000e24       0x10 ./system/src/newlib/_syscalls.o
                0x08000e24                __initialize_args
 .text.trace_printf
                0x08000e34       0x30 ./system/src/diag/Trace.o
                0x08000e34                trace_printf
 .text._trace_write_semihosting_debug
                0x08000e64       0x64 ./system/src/diag/trace_impl.o
 .text.trace_write
                0x08000ec8        0x8 ./system/src/diag/trace_impl.o
                0x08000ec8                trace_write
 .text.__initialize_hardware_early
                0x08000ed0        0x8 ./system/src/cortexm/_initialize_hardware.o
                0x08000ed0                __initialize_hardware_early
 .text.__initialize_hardware
                0x08000ed8        0x8 ./system/src/cortexm/_initialize_hardware.o
                0x08000ed8                __initialize_hardware
 .text.dumpExceptionStack
                0x08000ee0       0xf0 ./system/src/cortexm/exception_handlers.o
                0x08000ee0                dumpExceptionStack
 .text.isSemihosting
                0x08000fd0       0x20 ./system/src/cortexm/exception_handlers.o
                0x08000fd0                isSemihosting
 .text.SetSysClock
                0x08000ff0       0x74 ./system/src/cmsis/system_stm32f4xx.o
 .text.SystemInit
                0x08001064       0x44 ./system/src/cmsis/system_stm32f4xx.o
                0x08001064                SystemInit
 .text.SystemCoreClockUpdate
                0x080010a8       0xa4 ./system/src/cmsis/system_stm32f4xx.o
                0x080010a8                SystemCoreClockUpdate
 .text.TM_I2C_WriteData
                0x0800114c       0x2c ./src/coil_driver.o
 .text.TM_I2C_Stop
                0x08001178       0x44 ./src/coil_driver.o
 .text.TM_I2C_Start
                0x080011bc       0xa4 ./src/coil_driver.o
 .text.TM_I2C_Write
                0x08001260       0x34 ./src/coil_driver.o
 .text.DAC_SetVoltage
                0x08001294       0x20 ./src/coil_driver.o
                0x08001294                DAC_SetVoltage
 .text.DAC_OUT_Coil_Ctrl_Init
                0x080012b4       0xb8 ./src/coil_driver.o
                0x080012b4                DAC_OUT_Coil_Ctrl_Init
 .text.Uart_Init
                0x0800136c       0xc0 ./src/debugkom.o
 .text.Uart_BufClr
                0x0800142c       0x34 ./src/debugkom.o
 .text.PC_Debug
                0x08001460       0x30 ./src/debugkom.o
                0x08001460                PC_Debug
 .text.Debug_Init
                0x08001490       0x34 ./src/debugkom.o
                0x08001490                Debug_Init
 .text.USART2_IRQHandler
                0x080014c4       0x90 ./src/debugkom.o
                0x080014c4                USART2_IRQHandler
 .text.DelayInit
                0x08001554       0x44 ./src/delay.o
                0x08001554                DelayInit
 .text.TimingDelay_Decrement
                0x08001598       0x14 ./src/delay.o
                0x08001598                TimingDelay_Decrement
 .text.SysTick_Handler
                0x080015ac        0x8 ./src/delay.o
                0x080015ac                SysTick_Handler
 .text.main     0x080015b4       0x24 ./src/main.o
                0x080015b4                main
 .text.Photo_Init
                0x080015d8       0xec ./src/phot_meas.o
                0x080015d8                Photo_Init
 .text.Temp_SENS_Init
                0x080016c4      0x134 ./src/temp_meas.o
                0x080016c4                Temp_SENS_Init
 .text.DMA2_Stream0_IRQHandler
                0x080017f8       0x24 ./src/temp_meas.o
                0x080017f8                DMA2_Stream0_IRQHandler
 .text.Timer_Register
                0x0800181c       0x90 ./src/timer.o
                0x0800181c                Timer_Register
 .text.Timer_Handler
                0x080018ac       0x5c ./src/timer.o
                0x080018ac                Timer_Handler
 .text.TIM2_IRQHandler
                0x08001908       0x20 ./src/timer.o
                0x08001908                TIM2_IRQHandler
 .text.__errno  0x08001928        0xc c:/program files (x86)/gnu tools arm embedded/5.4 2016q3/bin/../lib/gcc/arm-none-eabi/5.4.1/../../../../arm-none-eabi/lib/armv7e-m\libg_nano.a(lib_a-errno.o)
                0x08001928                __errno
 .text.__cvt    0x08001934       0xbe c:/program files (x86)/gnu tools arm embedded/5.4 2016q3/bin/../lib/gcc/arm-none-eabi/5.4.1/../../../../arm-none-eabi/lib/armv7e-m\libg_nano.a(lib_a-nano-vfprintf_float.o)
                0x08001934                __cvt
 .text.__exponent
                0x080019f2       0x60 c:/program files (x86)/gnu tools arm embedded/5.4 2016q3/bin/../lib/gcc/arm-none-eabi/5.4.1/../../../../arm-none-eabi/lib/armv7e-m\libg_nano.a(lib_a-nano-vfprintf_float.o)
                0x080019f2                __exponent
 *fill*         0x08001a52        0x2 
 .text._printf_float
                0x08001a54      0x488 c:/program files (x86)/gnu tools arm embedded/5.4 2016q3/bin/../lib/gcc/arm-none-eabi/5.4.1/../../../../arm-none-eabi/lib/armv7e-m\libg_nano.a(lib_a-nano-vfprintf_float.o)
                0x08001a54                _printf_float
 .text._printf_common
                0x08001edc       0xec c:/program files (x86)/gnu tools arm embedded/5.4 2016q3/bin/../lib/gcc/arm-none-eabi/5.4.1/../../../../arm-none-eabi/lib/armv7e-m\libg_nano.a(lib_a-nano-vfprintf_i.o)
                0x08001edc                _printf_common
 .text._printf_i
                0x08001fc8      0x24c c:/program files (x86)/gnu tools arm embedded/5.4 2016q3/bin/../lib/gcc/arm-none-eabi/5.4.1/../../../../arm-none-eabi/lib/armv7e-m\libg_nano.a(lib_a-nano-vfprintf_i.o)
                0x08001fc8                _printf_i
 .text          0x08002214       0x10 c:/program files (x86)/gnu tools arm embedded/5.4 2016q3/bin/../lib/gcc/arm-none-eabi/5.4.1/../../../../arm-none-eabi/lib/armv7e-m\libg_nano.a(lib_a-strlen.o)
                0x08002214                strlen
 .text._vsnprintf_r
                0x08002224       0x56 c:/program files (x86)/gnu tools arm embedded/5.4 2016q3/bin/../lib/gcc/arm-none-eabi/5.4.1/../../../../arm-none-eabi/lib/armv7e-m\libg_nano.a(lib_a-vsnprintf.o)
                0x08002224                _vsniprintf_r
                0x08002224                _vsnprintf_r
 *fill*         0x0800227a        0x2 
 .text.vsnprintf
                0x0800227c       0x1c c:/program files (x86)/gnu tools arm embedded/5.4 2016q3/bin/../lib/gcc/arm-none-eabi/5.4.1/../../../../arm-none-eabi/lib/armv7e-m\libg_nano.a(lib_a-vsnprintf.o)
                0x0800227c                vsniprintf
                0x0800227c                vsnprintf
 .text.quorem   0x08002298      0x11e c:/program files (x86)/gnu tools arm embedded/5.4 2016q3/bin/../lib/gcc/arm-none-eabi/5.4.1/../../../../arm-none-eabi/lib/armv7e-m\libg_nano.a(lib_a-dtoa.o)
 *fill*         0x080023b6        0x2 
 .text._dtoa_r  0x080023b8      0xb38 c:/program files (x86)/gnu tools arm embedded/5.4 2016q3/bin/../lib/gcc/arm-none-eabi/5.4.1/../../../../arm-none-eabi/lib/armv7e-m\libg_nano.a(lib_a-dtoa.o)
                0x080023b8                _dtoa_r
 .text._localeconv_r
                0x08002ef0       0x1c c:/program files (x86)/gnu tools arm embedded/5.4 2016q3/bin/../lib/gcc/arm-none-eabi/5.4.1/../../../../arm-none-eabi/lib/armv7e-m\libg_nano.a(lib_a-localeconv.o)
                0x08002ef0                _localeconv_r
 .text.malloc   0x08002f0c       0x10 c:/program files (x86)/gnu tools arm embedded/5.4 2016q3/bin/../lib/gcc/arm-none-eabi/5.4.1/../../../../arm-none-eabi/lib/armv7e-m\libg_nano.a(lib_a-malloc.o)
                0x08002f0c                malloc
 *fill*         0x08002f1c        0x4 
 .text          0x08002f20       0xa0 c:/program files (x86)/gnu tools arm embedded/5.4 2016q3/bin/../lib/gcc/arm-none-eabi/5.4.1/../../../../arm-none-eabi/lib/armv7e-m\libg_nano.a(lib_a-memchr.o)
                0x08002f20                memchr
 .text.memcpy   0x08002fc0       0x16 c:/program files (x86)/gnu tools arm embedded/5.4 2016q3/bin/../lib/gcc/arm-none-eabi/5.4.1/../../../../arm-none-eabi/lib/armv7e-m\libg_nano.a(lib_a-memcpy-stub.o)
                0x08002fc0                memcpy
 .text._Balloc  0x08002fd6       0x6a c:/program files (x86)/gnu tools arm embedded/5.4 2016q3/bin/../lib/gcc/arm-none-eabi/5.4.1/../../../../arm-none-eabi/lib/armv7e-m\libg_nano.a(lib_a-mprec.o)
                0x08002fd6                _Balloc
 .text._Bfree   0x08003040       0x2e c:/program files (x86)/gnu tools arm embedded/5.4 2016q3/bin/../lib/gcc/arm-none-eabi/5.4.1/../../../../arm-none-eabi/lib/armv7e-m\libg_nano.a(lib_a-mprec.o)
                0x08003040                _Bfree
 .text.__multadd
                0x0800306e       0x76 c:/program files (x86)/gnu tools arm embedded/5.4 2016q3/bin/../lib/gcc/arm-none-eabi/5.4.1/../../../../arm-none-eabi/lib/armv7e-m\libg_nano.a(lib_a-mprec.o)
                0x0800306e                __multadd
 .text.__hi0bits
                0x080030e4       0x40 c:/program files (x86)/gnu tools arm embedded/5.4 2016q3/bin/../lib/gcc/arm-none-eabi/5.4.1/../../../../arm-none-eabi/lib/armv7e-m\libg_nano.a(lib_a-mprec.o)
                0x080030e4                __hi0bits
 .text.__lo0bits
                0x08003124       0x5a c:/program files (x86)/gnu tools arm embedded/5.4 2016q3/bin/../lib/gcc/arm-none-eabi/5.4.1/../../../../arm-none-eabi/lib/armv7e-m\libg_nano.a(lib_a-mprec.o)
                0x08003124                __lo0bits
 .text.__i2b    0x0800317e       0x12 c:/program files (x86)/gnu tools arm embedded/5.4 2016q3/bin/../lib/gcc/arm-none-eabi/5.4.1/../../../../arm-none-eabi/lib/armv7e-m\libg_nano.a(lib_a-mprec.o)
                0x0800317e                __i2b
 .text.__multiply
                0x08003190      0x122 c:/program files (x86)/gnu tools arm embedded/5.4 2016q3/bin/../lib/gcc/arm-none-eabi/5.4.1/../../../../arm-none-eabi/lib/armv7e-m\libg_nano.a(lib_a-mprec.o)
                0x08003190                __multiply
 *fill*         0x080032b2        0x2 
 .text.__pow5mult
                0x080032b4       0x9c c:/program files (x86)/gnu tools arm embedded/5.4 2016q3/bin/../lib/gcc/arm-none-eabi/5.4.1/../../../../arm-none-eabi/lib/armv7e-m\libg_nano.a(lib_a-mprec.o)
                0x080032b4                __pow5mult
 .text.__lshift
                0x08003350       0xa2 c:/program files (x86)/gnu tools arm embedded/5.4 2016q3/bin/../lib/gcc/arm-none-eabi/5.4.1/../../../../arm-none-eabi/lib/armv7e-m\libg_nano.a(lib_a-mprec.o)
                0x08003350                __lshift
 .text.__mcmp   0x080033f2       0x38 c:/program files (x86)/gnu tools arm embedded/5.4 2016q3/bin/../lib/gcc/arm-none-eabi/5.4.1/../../../../arm-none-eabi/lib/armv7e-m\libg_nano.a(lib_a-mprec.o)
                0x080033f2                __mcmp
 .text.__mdiff  0x0800342a       0xbe c:/program files (x86)/gnu tools arm embedded/5.4 2016q3/bin/../lib/gcc/arm-none-eabi/5.4.1/../../../../arm-none-eabi/lib/armv7e-m\libg_nano.a(lib_a-mprec.o)
                0x0800342a                __mdiff
 .text.__d2b    0x080034e8       0x9c c:/program files (x86)/gnu tools arm embedded/5.4 2016q3/bin/../lib/gcc/arm-none-eabi/5.4.1/../../../../arm-none-eabi/lib/armv7e-m\libg_nano.a(lib_a-mprec.o)
                0x080034e8                __d2b
 .text._calloc_r
                0x08003584       0x1c c:/program files (x86)/gnu tools arm embedded/5.4 2016q3/bin/../lib/gcc/arm-none-eabi/5.4.1/../../../../arm-none-eabi/lib/armv7e-m\libg_nano.a(lib_a-nano-callocr.o)
                0x08003584                _calloc_r
 .text._free_r  0x080035a0       0x9c c:/program files (x86)/gnu tools arm embedded/5.4 2016q3/bin/../lib/gcc/arm-none-eabi/5.4.1/../../../../arm-none-eabi/lib/armv7e-m\libg_nano.a(lib_a-nano-freer.o)
                0x080035a0                _free_r
 .text._malloc_r
                0x0800363c       0xbc c:/program files (x86)/gnu tools arm embedded/5.4 2016q3/bin/../lib/gcc/arm-none-eabi/5.4.1/../../../../arm-none-eabi/lib/armv7e-m\libg_nano.a(lib_a-nano-mallocr.o)
                0x0800363c                _malloc_r
 .text.__ssputs_r
                0x080036f8       0xb2 c:/program files (x86)/gnu tools arm embedded/5.4 2016q3/bin/../lib/gcc/arm-none-eabi/5.4.1/../../../../arm-none-eabi/lib/armv7e-m\libg_nano.a(lib_a-nano-svfprintf.o)
                0x080036f8                __ssputs_r
 *fill*         0x080037aa        0x2 
 .text._svfprintf_r
                0x080037ac      0x1e8 c:/program files (x86)/gnu tools arm embedded/5.4 2016q3/bin/../lib/gcc/arm-none-eabi/5.4.1/../../../../arm-none-eabi/lib/armv7e-m\libg_nano.a(lib_a-nano-svfprintf.o)
                0x080037ac                _svfiprintf_r
                0x080037ac                _svfprintf_r
 .text._sbrk_r  0x08003994       0x20 c:/program files (x86)/gnu tools arm embedded/5.4 2016q3/bin/../lib/gcc/arm-none-eabi/5.4.1/../../../../arm-none-eabi/lib/armv7e-m\libg_nano.a(lib_a-sbrkr.o)
                0x08003994                _sbrk_r
 .text.__ascii_mbtowc
                0x080039b4       0x24 c:/program files (x86)/gnu tools arm embedded/5.4 2016q3/bin/../lib/gcc/arm-none-eabi/5.4.1/../../../../arm-none-eabi/lib/armv7e-m\libg_nano.a(lib_a-mbtowc_r.o)
                0x080039b4                __ascii_mbtowc
 .text.memmove  0x080039d8       0x36 c:/program files (x86)/gnu tools arm embedded/5.4 2016q3/bin/../lib/gcc/arm-none-eabi/5.4.1/../../../../arm-none-eabi/lib/armv7e-m\libg_nano.a(lib_a-memmove.o)
                0x080039d8                memmove
 .text.memset   0x08003a0e       0x10 c:/program files (x86)/gnu tools arm embedded/5.4 2016q3/bin/../lib/gcc/arm-none-eabi/5.4.1/../../../../arm-none-eabi/lib/armv7e-m\libg_nano.a(lib_a-memset.o)
                0x08003a0e                memset
 .text.__malloc_lock
                0x08003a1e        0x2 c:/program files (x86)/gnu tools arm embedded/5.4 2016q3/bin/../lib/gcc/arm-none-eabi/5.4.1/../../../../arm-none-eabi/lib/armv7e-m\libg_nano.a(lib_a-mlock.o)
                0x08003a1e                __malloc_lock
 .text.__malloc_unlock
                0x08003a20        0x2 c:/program files (x86)/gnu tools arm embedded/5.4 2016q3/bin/../lib/gcc/arm-none-eabi/5.4.1/../../../../arm-none-eabi/lib/armv7e-m\libg_nano.a(lib_a-mlock.o)
                0x08003a20                __malloc_unlock
 .text._realloc_r
                0x08003a22       0x4c c:/program files (x86)/gnu tools arm embedded/5.4 2016q3/bin/../lib/gcc/arm-none-eabi/5.4.1/../../../../arm-none-eabi/lib/armv7e-m\libg_nano.a(lib_a-nano-reallocr.o)
                0x08003a22                _realloc_r
 .text.__ascii_wctomb
                0x08003a6e       0x1a c:/program files (x86)/gnu tools arm embedded/5.4 2016q3/bin/../lib/gcc/arm-none-eabi/5.4.1/../../../../arm-none-eabi/lib/armv7e-m\libg_nano.a(lib_a-wctomb_r.o)
                0x08003a6e                __ascii_wctomb
 .text._malloc_usable_size_r
                0x08003a88       0x14 c:/program files (x86)/gnu tools arm embedded/5.4 2016q3/bin/../lib/gcc/arm-none-eabi/5.4.1/../../../../arm-none-eabi/lib/armv7e-m\libg_nano.a(lib_a-nano-msizer.o)
                0x08003a88                _malloc_usable_size_r
 .text          0x08003a9c      0x370 c:/program files (x86)/gnu tools arm embedded/5.4 2016q3/bin/../lib/gcc/arm-none-eabi/5.4.1/armv7e-m\libgcc.a(_arm_addsubdf3.o)
                0x08003a9c                __aeabi_drsub
                0x08003aa4                __aeabi_dsub
                0x08003aa4                __subdf3
                0x08003aa8                __aeabi_dadd
                0x08003aa8                __adddf3
                0x08003d20                __floatunsidf
                0x08003d20                __aeabi_ui2d
                0x08003d40                __floatsidf
                0x08003d40                __aeabi_i2d
                0x08003d64                __aeabi_f2d
                0x08003d64                __extendsfdf2
                0x08003da0                __floatundidf
                0x08003da0                __aeabi_ul2d
                0x08003db0                __floatdidf
                0x08003db0                __aeabi_l2d
 .text          0x08003e0c      0x424 c:/program files (x86)/gnu tools arm embedded/5.4 2016q3/bin/../lib/gcc/arm-none-eabi/5.4.1/armv7e-m\libgcc.a(_arm_muldivdf3.o)
                0x08003e0c                __aeabi_dmul
                0x08003e0c                __muldf3
                0x08004060                __divdf3
                0x08004060                __aeabi_ddiv
 .text          0x08004230      0x110 c:/program files (x86)/gnu tools arm embedded/5.4 2016q3/bin/../lib/gcc/arm-none-eabi/5.4.1/armv7e-m\libgcc.a(_arm_cmpdf2.o)
                0x08004230                __gtdf2
                0x08004230                __gedf2
                0x08004238                __ltdf2
                0x08004238                __ledf2
                0x08004240                __nedf2
                0x08004240                __eqdf2
                0x08004240                __cmpdf2
                0x080042bc                __aeabi_cdrcmple
                0x080042cc                __aeabi_cdcmpeq
                0x080042cc                __aeabi_cdcmple
                0x080042dc                __aeabi_dcmpeq
                0x080042f0                __aeabi_dcmplt
                0x08004304                __aeabi_dcmple
                0x08004318                __aeabi_dcmpge
                0x0800432c                __aeabi_dcmpgt
 .text          0x08004340       0x2c c:/program files (x86)/gnu tools arm embedded/5.4 2016q3/bin/../lib/gcc/arm-none-eabi/5.4.1/armv7e-m\libgcc.a(_arm_unorddf2.o)
                0x08004340                __unorddf2
                0x08004340                __aeabi_dcmpun
 .text          0x0800436c       0x50 c:/program files (x86)/gnu tools arm embedded/5.4 2016q3/bin/../lib/gcc/arm-none-eabi/5.4.1/armv7e-m\libgcc.a(_arm_fixdfsi.o)
                0x0800436c                __aeabi_d2iz
                0x0800436c                __fixdfsi
 *(.rodata .rodata.* .constdata .constdata.*)
 .rodata.str1.4
                0x080043bc      0x146 ./system/src/cortexm/exception_handlers.o
 *fill*         0x08004502        0x2 
 .rodata.str1.4
                0x08004504       0xa4 ./src/debugkom.o
                                 0xa2 (size before relaxing)
 .rodata.str1.1
                0x080045a8       0x12 c:/program files (x86)/gnu tools arm embedded/5.4 2016q3/bin/../lib/gcc/arm-none-eabi/5.4.1/../../../../arm-none-eabi/lib/armv7e-m\libg_nano.a(lib_a-nano-vfprintf_float.o)
 .rodata.str1.1
                0x080045ba       0x22 c:/program files (x86)/gnu tools arm embedded/5.4 2016q3/bin/../lib/gcc/arm-none-eabi/5.4.1/../../../../arm-none-eabi/lib/armv7e-m\libg_nano.a(lib_a-nano-vfprintf_i.o)
 .rodata.str1.1
                0x080045dc        0xd c:/program files (x86)/gnu tools arm embedded/5.4 2016q3/bin/../lib/gcc/arm-none-eabi/5.4.1/../../../../arm-none-eabi/lib/armv7e-m\libg_nano.a(lib_a-dtoa.o)
                                  0xf (size before relaxing)
 *fill*         0x080045e9        0x7 
 .rodata.__mprec_tens
                0x080045f0       0xc8 c:/program files (x86)/gnu tools arm embedded/5.4 2016q3/bin/../lib/gcc/arm-none-eabi/5.4.1/../../../../arm-none-eabi/lib/armv7e-m\libg_nano.a(lib_a-mprec.o)
                0x080045f0                __mprec_tens
 .rodata.__mprec_bigtens
                0x080046b8       0x28 c:/program files (x86)/gnu tools arm embedded/5.4 2016q3/bin/../lib/gcc/arm-none-eabi/5.4.1/../../../../arm-none-eabi/lib/armv7e-m\libg_nano.a(lib_a-mprec.o)
                0x080046b8                __mprec_bigtens
 .rodata.p05.6097
                0x080046e0        0xc c:/program files (x86)/gnu tools arm embedded/5.4 2016q3/bin/../lib/gcc/arm-none-eabi/5.4.1/../../../../arm-none-eabi/lib/armv7e-m\libg_nano.a(lib_a-mprec.o)
 .rodata.str1.1
                0x080046ec       0x11 c:/program files (x86)/gnu tools arm embedded/5.4 2016q3/bin/../lib/gcc/arm-none-eabi/5.4.1/../../../../arm-none-eabi/lib/armv7e-m\libg_nano.a(lib_a-nano-svfprintf.o)
 .rodata.str1.1
                0x080046fd        0xa c:/program files (x86)/gnu tools arm embedded/5.4 2016q3/bin/../lib/gcc/arm-none-eabi/5.4.1/../../../../arm-none-eabi/lib/armv7e-m\libg_nano.a(lib_a-locale.o)
                                  0xb (size before relaxing)
 .rodata._ctype_
                0x08004707      0x101 c:/program files (x86)/gnu tools arm embedded/5.4 2016q3/bin/../lib/gcc/arm-none-eabi/5.4.1/../../../../arm-none-eabi/lib/armv7e-m\libg_nano.a(lib_a-ctype_.o)
                0x08004707                _ctype_
 *(vtable)
 *(.eh_frame*)
 *(.glue_7)
 .glue_7        0x08004808        0x0 linker stubs
 *(.glue_7t)
 .glue_7t       0x08004808        0x0 linker stubs

.vfp11_veneer   0x08004808        0x0
 .vfp11_veneer  0x08004808        0x0 linker stubs

.v4_bx          0x08004808        0x0
 .v4_bx         0x08004808        0x0 linker stubs

.iplt           0x08004808        0x0
 .iplt          0x08004808        0x0 ./system/src/stm_spl/misc.o

.rel.dyn        0x08004808        0x0
 .rel.iplt      0x08004808        0x0 ./system/src/stm_spl/misc.o

.ARM.extab
 *(.ARM.extab* .gnu.linkonce.armextab.*)
                0x08004808                . = ALIGN (0x4)
                0x08004808                __exidx_start = .

.ARM.exidx
 *(.ARM.exidx* .gnu.linkonce.armexidx.*)
                0x08004808                __exidx_end = .
                0x08004808                . = ALIGN (0x4)
                0x08004808                _etext = .
                0x08004808                __etext = .

.data_CCMRAM    0x10000000        0x0 load address 0x08004808
 FILL mask 0xff
 *(.data.CCMRAM .data.CCMRAM.*)
                0x10000000                . = ALIGN (0x4)
                0x08004808                _sidata = LOADADDR (.data)

.data           0x20000000      0x204 load address 0x08004808
 FILL mask 0xff
                0x20000000                _sdata = .
                0x20000000                __data_start__ = .
 *(.data_begin .data_begin.*)
 .data_begin    0x20000000        0x4 ./system/src/newlib/_startup.o
 *(.data .data.*)
 .data.APBAHBPrescTable
                0x20000004       0x10 ./system/src/stm_spl/stm32f4xx_rcc.o
 .data.argv.4289
                0x20000014        0x8 ./system/src/newlib/_syscalls.o
 .data.AHBPrescTable
                0x2000001c       0x10 ./system/src/cmsis/system_stm32f4xx.o
                0x2000001c                AHBPrescTable
 .data.SystemCoreClock
                0x2000002c        0x4 ./system/src/cmsis/system_stm32f4xx.o
                0x2000002c                SystemCoreClock
 .data.impure_data
                0x20000030       0x60 c:/program files (x86)/gnu tools arm embedded/5.4 2016q3/bin/../lib/gcc/arm-none-eabi/5.4.1/../../../../arm-none-eabi/lib/armv7e-m\libg_nano.a(lib_a-impure.o)
 .data._impure_ptr
                0x20000090        0x4 c:/program files (x86)/gnu tools arm embedded/5.4 2016q3/bin/../lib/gcc/arm-none-eabi/5.4.1/../../../../arm-none-eabi/lib/armv7e-m\libg_nano.a(lib_a-impure.o)
                0x20000090                _impure_ptr
 .data.__global_locale
                0x20000094      0x16c c:/program files (x86)/gnu tools arm embedded/5.4 2016q3/bin/../lib/gcc/arm-none-eabi/5.4.1/../../../../arm-none-eabi/lib/armv7e-m\libg_nano.a(lib_a-locale.o)
                0x20000094                __global_locale
 *(.data_end .data_end.*)
 .data_end      0x20000200        0x4 ./system/src/newlib/_startup.o
                0x20000204                . = ALIGN (0x4)
                0x20000204                _edata = .
                0x20000204                __data_end__ = .

.igot.plt       0x20000204        0x0 load address 0x08004a0c
 .igot.plt      0x20000204        0x0 ./system/src/stm_spl/misc.o

.bss_CCMRAM     0x10000000        0x0
 *(.bss.CCMRAM .bss.CCMRAM.*)

.bss            0x20000204      0x278
                0x20000204                __bss_start__ = .
                0x20000204                _sbss = .
 *(.bss_begin .bss_begin.*)
 .bss_begin     0x20000204        0x4 ./system/src/newlib/_startup.o
 *(.bss .bss.*)
 .bss.current_heap_end.3974
                0x20000208        0x4 ./system/src/newlib/_sbrk.o
 .bss.name.4288
                0x2000020c        0x1 ./system/src/newlib/_syscalls.o
 *fill*         0x2000020d        0x3 
 .bss.buf.5179  0x20000210       0x80 ./system/src/diag/Trace.o
 .bss.debugOVF  0x20000290        0x1 ./src/debugkom.o
                0x20000290                debugOVF
 *fill*         0x20000291        0x1 
 .bss.debugBufCnt
                0x20000292        0x2 ./src/debugkom.o
                0x20000292                debugBufCnt
 .bss.debugBufRDY
                0x20000294        0x1 ./src/debugkom.o
                0x20000294                debugBufRDY
 *fill*         0x20000295        0x3 
 .bss.TimingDelay
                0x20000298        0x4 ./src/delay.o
 .bss.temp_sensor_ready_flag
                0x2000029c        0x1 ./src/temp_meas.o
                0x2000029c                temp_sensor_ready_flag
 .bss.timersNum
                0x2000029d        0x1 ./src/timer.o
                0x2000029d                timersNum
 *fill*         0x2000029e        0x2 
 .bss.__malloc_sbrk_start
                0x200002a0        0x4 c:/program files (x86)/gnu tools arm embedded/5.4 2016q3/bin/../lib/gcc/arm-none-eabi/5.4.1/../../../../arm-none-eabi/lib/armv7e-m\libg_nano.a(lib_a-nano-mallocr.o)
                0x200002a0                __malloc_sbrk_start
 .bss.__malloc_free_list
                0x200002a4        0x4 c:/program files (x86)/gnu tools arm embedded/5.4 2016q3/bin/../lib/gcc/arm-none-eabi/5.4.1/../../../../arm-none-eabi/lib/armv7e-m\libg_nano.a(lib_a-nano-mallocr.o)
                0x200002a4                __malloc_free_list
 *(COMMON)
 COMMON         0x200002a8        0x4 ./system/src/newlib/_syscalls.o
                0x200002a8                errno
 COMMON         0x200002ac        0x4 ./src/coil_driver.o
                0x200002ac                I2C_Timeout
 COMMON         0x200002b0      0x148 ./src/debugkom.o
                0x200002b0                debugBuf
                0x200003b0                debugTimer
                0x200003b4                cbuf
                0x200003f4                debug_record
 COMMON         0x200003f8       0x20 ./src/phot_meas.o
                0x200003f8                ADC1ConvertedValues
 COMMON         0x20000418       0x60 ./src/timer.o
                0x20000418                timerTab
 *(.bss_end .bss_end.*)
 .bss_end       0x20000478        0x4 ./system/src/newlib/_startup.o
                0x2000047c                . = ALIGN (0x4)
                0x2000047c                __bss_end__ = .
                0x2000047c                _ebss = .

.noinit_CCMRAM
 *(.noinit.CCMRAM .noinit.CCMRAM.*)

.noinit         0x2000047c        0x0
                0x2000047c                _noinit = .
 *(.noinit .noinit.*)
                0x2000047c                . = ALIGN (0x4)
                0x2000047c                _end_noinit = .
                [!provide]                PROVIDE (end, _end_noinit)
                [!provide]                PROVIDE (_end, _end_noinit)
                [!provide]                PROVIDE (__end, _end_noinit)
                [!provide]                PROVIDE (__end__, _end_noinit)

._check_stack   0x2000047c      0x100
                0x2000057c                . = (. + _Minimum_Stack_Size)
 *fill*         0x2000047c      0x100 

.b1text
 *(.b1text)
 *(.b1rodata)
 *(.b1rodata.*)

.eb0text
 *(.eb0text)
 *(.eb0rodata)
 *(.eb0rodata.*)

.eb1text
 *(.eb1text)
 *(.eb1rodata)
 *(.eb1rodata.*)

.eb2text
 *(.eb2text)
 *(.eb2rodata)
 *(.eb2rodata.*)

.eb3text
 *(.eb3text)
 *(.eb3rodata)
 *(.eb3rodata.*)

.stab
 *(.stab)

.stabstr
 *(.stabstr)

.stab.excl
 *(.stab.excl)

.stab.exclstr
 *(.stab.exclstr)

.stab.index
 *(.stab.index)

.stab.indexstr
 *(.stab.indexstr)

.comment        0x00000000       0x6e
 *(.comment)
 .comment       0x00000000       0x6e ./system/src/stm_spl/misc.o
                                 0x6f (size before relaxing)
 .comment       0x0000006e       0x6f ./system/src/stm_spl/stm32f4xx_adc.o
 .comment       0x0000006e       0x6f ./system/src/stm_spl/stm32f4xx_dma.o
 .comment       0x0000006e       0x6f ./system/src/stm_spl/stm32f4xx_gpio.o
 .comment       0x0000006e       0x6f ./system/src/stm_spl/stm32f4xx_i2c.o
 .comment       0x0000006e       0x6f ./system/src/stm_spl/stm32f4xx_rcc.o
 .comment       0x0000006e       0x6f ./system/src/stm_spl/stm32f4xx_spi.o
 .comment       0x0000006e       0x6f ./system/src/stm_spl/stm32f4xx_tim.o
 .comment       0x0000006e       0x6f ./system/src/stm_spl/stm32f4xx_usart.o
 .comment       0x0000006e       0x6f ./system/src/newlib/_exit.o
 .comment       0x0000006e       0x6f ./system/src/newlib/_sbrk.o
 .comment       0x0000006e       0x6f ./system/src/newlib/_startup.o
 .comment       0x0000006e       0x6f ./system/src/newlib/_syscalls.o
 .comment       0x0000006e       0x6f ./system/src/diag/Trace.o
 .comment       0x0000006e       0x6f ./system/src/diag/trace_impl.o
 .comment       0x0000006e       0x6f ./system/src/cortexm/_initialize_hardware.o
 .comment       0x0000006e       0x6f ./system/src/cortexm/exception_handlers.o
 .comment       0x0000006e       0x6f ./system/src/cmsis/system_stm32f4xx.o
 .comment       0x0000006e       0x6f ./system/src/cmsis/vectors_stm32f4xx.o
 .comment       0x0000006e       0x6f ./src/coil_driver.o
 .comment       0x0000006e       0x6f ./src/debugkom.o
 .comment       0x0000006e       0x6f ./src/delay.o
 .comment       0x0000006e       0x6f ./src/main.o
 .comment       0x0000006e       0x6f ./src/phot_meas.o
 .comment       0x0000006e       0x6f ./src/temp_meas.o
 .comment       0x0000006e       0x6f ./src/timer.o

.ARM.attributes
                0x00000000       0x31
 .ARM.attributes
                0x00000000       0x33 ./system/src/stm_spl/misc.o
 .ARM.attributes
                0x00000033       0x33 ./system/src/stm_spl/stm32f4xx_adc.o
 .ARM.attributes
                0x00000066       0x33 ./system/src/stm_spl/stm32f4xx_dma.o
 .ARM.attributes
                0x00000099       0x33 ./system/src/stm_spl/stm32f4xx_gpio.o
 .ARM.attributes
                0x000000cc       0x33 ./system/src/stm_spl/stm32f4xx_i2c.o
 .ARM.attributes
                0x000000ff       0x33 ./system/src/stm_spl/stm32f4xx_rcc.o
 .ARM.attributes
                0x00000132       0x33 ./system/src/stm_spl/stm32f4xx_spi.o
 .ARM.attributes
                0x00000165       0x33 ./system/src/stm_spl/stm32f4xx_tim.o
 .ARM.attributes
                0x00000198       0x33 ./system/src/stm_spl/stm32f4xx_usart.o
 .ARM.attributes
                0x000001cb       0x33 ./system/src/newlib/_exit.o
 .ARM.attributes
                0x000001fe       0x33 ./system/src/newlib/_sbrk.o
 .ARM.attributes
                0x00000231       0x33 ./system/src/newlib/_startup.o
 .ARM.attributes
                0x00000264       0x33 ./system/src/newlib/_syscalls.o
 .ARM.attributes
                0x00000297       0x33 ./system/src/diag/Trace.o
 .ARM.attributes
                0x000002ca       0x33 ./system/src/diag/trace_impl.o
 .ARM.attributes
                0x000002fd       0x33 ./system/src/cortexm/_initialize_hardware.o
 .ARM.attributes
                0x00000330       0x33 ./system/src/cortexm/exception_handlers.o
 .ARM.attributes
                0x00000363       0x33 ./system/src/cmsis/system_stm32f4xx.o
 .ARM.attributes
                0x00000396       0x33 ./system/src/cmsis/vectors_stm32f4xx.o
 .ARM.attributes
                0x000003c9       0x33 ./src/coil_driver.o
 .ARM.attributes
                0x000003fc       0x33 ./src/debugkom.o
 .ARM.attributes
                0x0000042f       0x33 ./src/delay.o
 .ARM.attributes
                0x00000462       0x33 ./src/main.o
 .ARM.attributes
                0x00000495       0x33 ./src/phot_meas.o
 .ARM.attributes
                0x000004c8       0x33 ./src/temp_meas.o
 .ARM.attributes
                0x000004fb       0x33 ./src/timer.o
 .ARM.attributes
                0x0000052e       0x2e c:/program files (x86)/gnu tools arm embedded/5.4 2016q3/bin/../lib/gcc/arm-none-eabi/5.4.1/../../../../arm-none-eabi/lib/armv7e-m\libg_nano.a(lib_a-errno.o)
 .ARM.attributes
                0x0000055c       0x2e c:/program files (x86)/gnu tools arm embedded/5.4 2016q3/bin/../lib/gcc/arm-none-eabi/5.4.1/../../../../arm-none-eabi/lib/armv7e-m\libg_nano.a(lib_a-impure.o)
 .ARM.attributes
                0x0000058a       0x2e c:/program files (x86)/gnu tools arm embedded/5.4 2016q3/bin/../lib/gcc/arm-none-eabi/5.4.1/../../../../arm-none-eabi/lib/armv7e-m\libg_nano.a(lib_a-nano-vfprintf_float.o)
 .ARM.attributes
                0x000005b8       0x2e c:/program files (x86)/gnu tools arm embedded/5.4 2016q3/bin/../lib/gcc/arm-none-eabi/5.4.1/../../../../arm-none-eabi/lib/armv7e-m\libg_nano.a(lib_a-nano-vfprintf_i.o)
 .ARM.attributes
                0x000005e6       0x17 c:/program files (x86)/gnu tools arm embedded/5.4 2016q3/bin/../lib/gcc/arm-none-eabi/5.4.1/../../../../arm-none-eabi/lib/armv7e-m\libg_nano.a(lib_a-strlen.o)
 .ARM.attributes
                0x000005fd       0x2e c:/program files (x86)/gnu tools arm embedded/5.4 2016q3/bin/../lib/gcc/arm-none-eabi/5.4.1/../../../../arm-none-eabi/lib/armv7e-m\libg_nano.a(lib_a-vsnprintf.o)
 .ARM.attributes
                0x0000062b       0x2e c:/program files (x86)/gnu tools arm embedded/5.4 2016q3/bin/../lib/gcc/arm-none-eabi/5.4.1/../../../../arm-none-eabi/lib/armv7e-m\libg_nano.a(lib_a-dtoa.o)
 .ARM.attributes
                0x00000659       0x2e c:/program files (x86)/gnu tools arm embedded/5.4 2016q3/bin/../lib/gcc/arm-none-eabi/5.4.1/../../../../arm-none-eabi/lib/armv7e-m\libg_nano.a(lib_a-localeconv.o)
 .ARM.attributes
                0x00000687       0x2e c:/program files (x86)/gnu tools arm embedded/5.4 2016q3/bin/../lib/gcc/arm-none-eabi/5.4.1/../../../../arm-none-eabi/lib/armv7e-m\libg_nano.a(lib_a-malloc.o)
 .ARM.attributes
                0x000006b5       0x1c c:/program files (x86)/gnu tools arm embedded/5.4 2016q3/bin/../lib/gcc/arm-none-eabi/5.4.1/../../../../arm-none-eabi/lib/armv7e-m\libg_nano.a(lib_a-memchr.o)
 .ARM.attributes
                0x000006d1       0x2e c:/program files (x86)/gnu tools arm embedded/5.4 2016q3/bin/../lib/gcc/arm-none-eabi/5.4.1/../../../../arm-none-eabi/lib/armv7e-m\libg_nano.a(lib_a-memcpy-stub.o)
 .ARM.attributes
                0x000006ff       0x2e c:/program files (x86)/gnu tools arm embedded/5.4 2016q3/bin/../lib/gcc/arm-none-eabi/5.4.1/../../../../arm-none-eabi/lib/armv7e-m\libg_nano.a(lib_a-mprec.o)
 .ARM.attributes
                0x0000072d       0x2e c:/program files (x86)/gnu tools arm embedded/5.4 2016q3/bin/../lib/gcc/arm-none-eabi/5.4.1/../../../../arm-none-eabi/lib/armv7e-m\libg_nano.a(lib_a-nano-callocr.o)
 .ARM.attributes
                0x0000075b       0x2e c:/program files (x86)/gnu tools arm embedded/5.4 2016q3/bin/../lib/gcc/arm-none-eabi/5.4.1/../../../../arm-none-eabi/lib/armv7e-m\libg_nano.a(lib_a-nano-freer.o)
 .ARM.attributes
                0x00000789       0x2e c:/program files (x86)/gnu tools arm embedded/5.4 2016q3/bin/../lib/gcc/arm-none-eabi/5.4.1/../../../../arm-none-eabi/lib/armv7e-m\libg_nano.a(lib_a-nano-mallocr.o)
 .ARM.attributes
                0x000007b7       0x2e c:/program files (x86)/gnu tools arm embedded/5.4 2016q3/bin/../lib/gcc/arm-none-eabi/5.4.1/../../../../arm-none-eabi/lib/armv7e-m\libg_nano.a(lib_a-nano-svfprintf.o)
 .ARM.attributes
                0x000007e5       0x2e c:/program files (x86)/gnu tools arm embedded/5.4 2016q3/bin/../lib/gcc/arm-none-eabi/5.4.1/../../../../arm-none-eabi/lib/armv7e-m\libg_nano.a(lib_a-sbrkr.o)
 .ARM.attributes
                0x00000813       0x2e c:/program files (x86)/gnu tools arm embedded/5.4 2016q3/bin/../lib/gcc/arm-none-eabi/5.4.1/../../../../arm-none-eabi/lib/armv7e-m\libg_nano.a(lib_a-locale.o)
 .ARM.attributes
                0x00000841       0x2e c:/program files (x86)/gnu tools arm embedded/5.4 2016q3/bin/../lib/gcc/arm-none-eabi/5.4.1/../../../../arm-none-eabi/lib/armv7e-m\libg_nano.a(lib_a-mbtowc_r.o)
 .ARM.attributes
                0x0000086f       0x2e c:/program files (x86)/gnu tools arm embedded/5.4 2016q3/bin/../lib/gcc/arm-none-eabi/5.4.1/../../../../arm-none-eabi/lib/armv7e-m\libg_nano.a(lib_a-memmove.o)
 .ARM.attributes
                0x0000089d       0x2e c:/program files (x86)/gnu tools arm embedded/5.4 2016q3/bin/../lib/gcc/arm-none-eabi/5.4.1/../../../../arm-none-eabi/lib/armv7e-m\libg_nano.a(lib_a-memset.o)
 .ARM.attributes
                0x000008cb       0x2e c:/program files (x86)/gnu tools arm embedded/5.4 2016q3/bin/../lib/gcc/arm-none-eabi/5.4.1/../../../../arm-none-eabi/lib/armv7e-m\libg_nano.a(lib_a-mlock.o)
 .ARM.attributes
                0x000008f9       0x2e c:/program files (x86)/gnu tools arm embedded/5.4 2016q3/bin/../lib/gcc/arm-none-eabi/5.4.1/../../../../arm-none-eabi/lib/armv7e-m\libg_nano.a(lib_a-nano-reallocr.o)
 .ARM.attributes
                0x00000927       0x2e c:/program files (x86)/gnu tools arm embedded/5.4 2016q3/bin/../lib/gcc/arm-none-eabi/5.4.1/../../../../arm-none-eabi/lib/armv7e-m\libg_nano.a(lib_a-wctomb_r.o)
 .ARM.attributes
                0x00000955       0x2e c:/program files (x86)/gnu tools arm embedded/5.4 2016q3/bin/../lib/gcc/arm-none-eabi/5.4.1/../../../../arm-none-eabi/lib/armv7e-m\libg_nano.a(lib_a-ctype_.o)
 .ARM.attributes
                0x00000983       0x2e c:/program files (x86)/gnu tools arm embedded/5.4 2016q3/bin/../lib/gcc/arm-none-eabi/5.4.1/../../../../arm-none-eabi/lib/armv7e-m\libg_nano.a(lib_a-nano-msizer.o)
 .ARM.attributes
                0x000009b1       0x1e c:/program files (x86)/gnu tools arm embedded/5.4 2016q3/bin/../lib/gcc/arm-none-eabi/5.4.1/armv7e-m\libgcc.a(_arm_addsubdf3.o)
 .ARM.attributes
                0x000009cf       0x1e c:/program files (x86)/gnu tools arm embedded/5.4 2016q3/bin/../lib/gcc/arm-none-eabi/5.4.1/armv7e-m\libgcc.a(_arm_muldivdf3.o)
 .ARM.attributes
                0x000009ed       0x1e c:/program files (x86)/gnu tools arm embedded/5.4 2016q3/bin/../lib/gcc/arm-none-eabi/5.4.1/armv7e-m\libgcc.a(_arm_cmpdf2.o)
 .ARM.attributes
                0x00000a0b       0x1e c:/program files (x86)/gnu tools arm embedded/5.4 2016q3/bin/../lib/gcc/arm-none-eabi/5.4.1/armv7e-m\libgcc.a(_arm_unorddf2.o)
 .ARM.attributes
                0x00000a29       0x1e c:/program files (x86)/gnu tools arm embedded/5.4 2016q3/bin/../lib/gcc/arm-none-eabi/5.4.1/armv7e-m\libgcc.a(_arm_fixdfsi.o)

.debug
 *(.debug)

.line
 *(.line)

.debug_srcinfo
 *(.debug_srcinfo)

.debug_sfnames
 *(.debug_sfnames)

.debug_aranges  0x00000000      0xe78
 *(.debug_aranges)
 .debug_aranges
                0x00000000       0x40 ./system/src/stm_spl/misc.o
 .debug_aranges
                0x00000040      0x148 ./system/src/stm_spl/stm32f4xx_adc.o
 .debug_aranges
                0x00000188       0xb0 ./system/src/stm_spl/stm32f4xx_dma.o
 .debug_aranges
                0x00000238       0x88 ./system/src/stm_spl/stm32f4xx_gpio.o
 .debug_aranges
                0x000002c0      0x130 ./system/src/stm_spl/stm32f4xx_i2c.o
 .debug_aranges
                0x000003f0      0x1c0 ./system/src/stm_spl/stm32f4xx_rcc.o
 .debug_aranges
                0x000005b0       0xe0 ./system/src/stm_spl/stm32f4xx_spi.o
 .debug_aranges
                0x00000690      0x2f8 ./system/src/stm_spl/stm32f4xx_tim.o
 .debug_aranges
                0x00000988      0x100 ./system/src/stm_spl/stm32f4xx_usart.o
 .debug_aranges
                0x00000a88       0x28 ./system/src/newlib/_exit.o
 .debug_aranges
                0x00000ab0       0x20 ./system/src/newlib/_sbrk.o
 .debug_aranges
                0x00000ad0       0x40 ./system/src/newlib/_startup.o
 .debug_aranges
                0x00000b10       0x30 ./system/src/newlib/_syscalls.o
 .debug_aranges
                0x00000b40       0x38 ./system/src/diag/Trace.o
 .debug_aranges
                0x00000b78       0x30 ./system/src/diag/trace_impl.o
 .debug_aranges
                0x00000ba8       0x28 ./system/src/cortexm/_initialize_hardware.o
 .debug_aranges
                0x00000bd0       0x90 ./system/src/cortexm/exception_handlers.o
 .debug_aranges
                0x00000c60       0x30 ./system/src/cmsis/system_stm32f4xx.o
 .debug_aranges
                0x00000c90       0x20 ./system/src/cmsis/vectors_stm32f4xx.o
 .debug_aranges
                0x00000cb0       0x48 ./src/coil_driver.o
 .debug_aranges
                0x00000cf8       0x68 ./src/debugkom.o
 .debug_aranges
                0x00000d60       0x38 ./src/delay.o
 .debug_aranges
                0x00000d98       0x20 ./src/main.o
 .debug_aranges
                0x00000db8       0x38 ./src/phot_meas.o
 .debug_aranges
                0x00000df0       0x30 ./src/temp_meas.o
 .debug_aranges
                0x00000e20       0x58 ./src/timer.o

.debug_pubnames
 *(.debug_pubnames)

.debug_info     0x00000000     0xd080
 *(.debug_info .gnu.linkonce.wi.*)
 .debug_info    0x00000000      0x543 ./system/src/stm_spl/misc.o
 .debug_info    0x00000543      0xc61 ./system/src/stm_spl/stm32f4xx_adc.o
 .debug_info    0x000011a4      0x720 ./system/src/stm_spl/stm32f4xx_dma.o
 .debug_info    0x000018c4      0x820 ./system/src/stm_spl/stm32f4xx_gpio.o
 .debug_info    0x000020e4      0xc24 ./system/src/stm_spl/stm32f4xx_i2c.o
 .debug_info    0x00002d08      0xe87 ./system/src/stm_spl/stm32f4xx_rcc.o
 .debug_info    0x00003b8f      0xc6c ./system/src/stm_spl/stm32f4xx_spi.o
 .debug_info    0x000047fb     0x20dd ./system/src/stm_spl/stm32f4xx_tim.o
 .debug_info    0x000068d8      0xb71 ./system/src/stm_spl/stm32f4xx_usart.o
 .debug_info    0x00007449       0xef ./system/src/newlib/_exit.o
 .debug_info    0x00007538      0x11f ./system/src/newlib/_sbrk.o
 .debug_info    0x00007657      0x4ef ./system/src/newlib/_startup.o
 .debug_info    0x00007b46      0x1b4 ./system/src/newlib/_syscalls.o
 .debug_info    0x00007cfa      0x2e7 ./system/src/diag/Trace.o
 .debug_info    0x00007fe1      0x30a ./system/src/diag/trace_impl.o
 .debug_info    0x000082eb       0xe7 ./system/src/cortexm/_initialize_hardware.o
 .debug_info    0x000083d2      0x8f4 ./system/src/cortexm/exception_handlers.o
 .debug_info    0x00008cc6      0x5ad ./system/src/cmsis/system_stm32f4xx.o
 .debug_info    0x00009273       0xd4 ./system/src/cmsis/vectors_stm32f4xx.o
 .debug_info    0x00009347      0x816 ./src/coil_driver.o
 .debug_info    0x00009b5d      0xda6 ./src/debugkom.o
 .debug_info    0x0000a903      0x760 ./src/delay.o
 .debug_info    0x0000b063      0x1aa ./src/main.o
 .debug_info    0x0000b20d      0x8ad ./src/phot_meas.o
 .debug_info    0x0000baba      0xc23 ./src/temp_meas.o
 .debug_info    0x0000c6dd      0x9a3 ./src/timer.o

.debug_abbrev   0x00000000     0x276b
 *(.debug_abbrev)
 .debug_abbrev  0x00000000      0x15b ./system/src/stm_spl/misc.o
 .debug_abbrev  0x0000015b      0x1d8 ./system/src/stm_spl/stm32f4xx_adc.o
 .debug_abbrev  0x00000333      0x17a ./system/src/stm_spl/stm32f4xx_dma.o
 .debug_abbrev  0x000004ad      0x1e5 ./system/src/stm_spl/stm32f4xx_gpio.o
 .debug_abbrev  0x00000692      0x1cd ./system/src/stm_spl/stm32f4xx_i2c.o
 .debug_abbrev  0x0000085f      0x1e7 ./system/src/stm_spl/stm32f4xx_rcc.o
 .debug_abbrev  0x00000a46      0x1b2 ./system/src/stm_spl/stm32f4xx_spi.o
 .debug_abbrev  0x00000bf8      0x1c3 ./system/src/stm_spl/stm32f4xx_tim.o
 .debug_abbrev  0x00000dbb      0x1be ./system/src/stm_spl/stm32f4xx_usart.o
 .debug_abbrev  0x00000f79       0x8e ./system/src/newlib/_exit.o
 .debug_abbrev  0x00001007       0xb9 ./system/src/newlib/_sbrk.o
 .debug_abbrev  0x000010c0      0x1d4 ./system/src/newlib/_startup.o
 .debug_abbrev  0x00001294       0xe5 ./system/src/newlib/_syscalls.o
 .debug_abbrev  0x00001379      0x156 ./system/src/diag/Trace.o
 .debug_abbrev  0x000014cf      0x1c8 ./system/src/diag/trace_impl.o
 .debug_abbrev  0x00001697       0x88 ./system/src/cortexm/_initialize_hardware.o
 .debug_abbrev  0x0000171f      0x247 ./system/src/cortexm/exception_handlers.o
 .debug_abbrev  0x00001966      0x127 ./system/src/cmsis/system_stm32f4xx.o
 .debug_abbrev  0x00001a8d       0x9d ./system/src/cmsis/vectors_stm32f4xx.o
 .debug_abbrev  0x00001b2a      0x1fb ./src/coil_driver.o
 .debug_abbrev  0x00001d25      0x223 ./src/debugkom.o
 .debug_abbrev  0x00001f48      0x1be ./src/delay.o
 .debug_abbrev  0x00002106       0xda ./src/main.o
 .debug_abbrev  0x000021e0      0x1a9 ./src/phot_meas.o
 .debug_abbrev  0x00002389      0x1bd ./src/temp_meas.o
 .debug_abbrev  0x00002546      0x225 ./src/timer.o

.debug_line     0x00000000     0x8ef3
 *(.debug_line)
 .debug_line    0x00000000      0x3ef ./system/src/stm_spl/misc.o
 .debug_line    0x000003ef      0x6ca ./system/src/stm_spl/stm32f4xx_adc.o
 .debug_line    0x00000ab9      0x56a ./system/src/stm_spl/stm32f4xx_dma.o
 .debug_line    0x00001023      0x4d5 ./system/src/stm_spl/stm32f4xx_gpio.o
 .debug_line    0x000014f8      0x666 ./system/src/stm_spl/stm32f4xx_i2c.o
 .debug_line    0x00001b5e      0x7b1 ./system/src/stm_spl/stm32f4xx_rcc.o
 .debug_line    0x0000230f      0x5d3 ./system/src/stm_spl/stm32f4xx_spi.o
 .debug_line    0x000028e2      0xb89 ./system/src/stm_spl/stm32f4xx_tim.o
 .debug_line    0x0000346b      0x60f ./system/src/stm_spl/stm32f4xx_usart.o
 .debug_line    0x00003a7a      0x33c ./system/src/newlib/_exit.o
 .debug_line    0x00003db6      0x2ee ./system/src/newlib/_sbrk.o
 .debug_line    0x000040a4      0x3b6 ./system/src/newlib/_startup.o
 .debug_line    0x0000445a      0x409 ./system/src/newlib/_syscalls.o
 .debug_line    0x00004863      0x3a8 ./system/src/diag/Trace.o
 .debug_line    0x00004c0b      0x676 ./system/src/diag/trace_impl.o
 .debug_line    0x00005281      0x3c6 ./system/src/cortexm/_initialize_hardware.o
 .debug_line    0x00005647      0x720 ./system/src/cortexm/exception_handlers.o
 .debug_line    0x00005d67      0x3eb ./system/src/cmsis/system_stm32f4xx.o
 .debug_line    0x00006152      0x103 ./system/src/cmsis/vectors_stm32f4xx.o
 .debug_line    0x00006255      0x457 ./src/coil_driver.o
 .debug_line    0x000066ac      0x792 ./src/debugkom.o
 .debug_line    0x00006e3e      0x5ae ./src/delay.o
 .debug_line    0x000073ec      0x689 ./src/main.o
 .debug_line    0x00007a75      0x6da ./src/phot_meas.o
 .debug_line    0x0000814f      0x6c3 ./src/temp_meas.o
 .debug_line    0x00008812      0x6e1 ./src/timer.o

.debug_frame    0x00000000     0x2654
 *(.debug_frame)
 .debug_frame   0x00000000       0x74 ./system/src/stm_spl/misc.o
 .debug_frame   0x00000074      0x2cc ./system/src/stm_spl/stm32f4xx_adc.o
 .debug_frame   0x00000340      0x158 ./system/src/stm_spl/stm32f4xx_dma.o
 .debug_frame   0x00000498      0x11c ./system/src/stm_spl/stm32f4xx_gpio.o
 .debug_frame   0x000005b4      0x26c ./system/src/stm_spl/stm32f4xx_i2c.o
 .debug_frame   0x00000820      0x378 ./system/src/stm_spl/stm32f4xx_rcc.o
 .debug_frame   0x00000b98      0x1e0 ./system/src/stm_spl/stm32f4xx_spi.o
 .debug_frame   0x00000d78      0x6c8 ./system/src/stm_spl/stm32f4xx_tim.o
 .debug_frame   0x00001440      0x21c ./system/src/stm_spl/stm32f4xx_usart.o
 .debug_frame   0x0000165c       0x38 ./system/src/newlib/_exit.o
 .debug_frame   0x00001694       0x28 ./system/src/newlib/_sbrk.o
 .debug_frame   0x000016bc       0x7c ./system/src/newlib/_startup.o
 .debug_frame   0x00001738       0x50 ./system/src/newlib/_syscalls.o
 .debug_frame   0x00001788       0x94 ./system/src/diag/Trace.o
 .debug_frame   0x0000181c       0x60 ./system/src/diag/trace_impl.o
 .debug_frame   0x0000187c       0x40 ./system/src/cortexm/_initialize_hardware.o
 .debug_frame   0x000018bc      0x158 ./system/src/cortexm/exception_handlers.o
 .debug_frame   0x00001a14       0x48 ./system/src/cmsis/system_stm32f4xx.o
 .debug_frame   0x00001a5c       0x20 ./system/src/cmsis/vectors_stm32f4xx.o
 .debug_frame   0x00001a7c       0xa8 ./src/coil_driver.o
 .debug_frame   0x00001b24      0x118 ./src/debugkom.o
 .debug_frame   0x00001c3c       0x58 ./src/delay.o
 .debug_frame   0x00001c94       0x28 ./src/main.o
 .debug_frame   0x00001cbc       0x80 ./src/phot_meas.o
 .debug_frame   0x00001d3c       0x60 ./src/temp_meas.o
 .debug_frame   0x00001d9c      0x104 ./src/timer.o
 .debug_frame   0x00001ea0       0x20 c:/program files (x86)/gnu tools arm embedded/5.4 2016q3/bin/../lib/gcc/arm-none-eabi/5.4.1/../../../../arm-none-eabi/lib/armv7e-m\libg_nano.a(lib_a-errno.o)
 .debug_frame   0x00001ec0       0x8c c:/program files (x86)/gnu tools arm embedded/5.4 2016q3/bin/../lib/gcc/arm-none-eabi/5.4.1/../../../../arm-none-eabi/lib/armv7e-m\libg_nano.a(lib_a-nano-vfprintf_float.o)
 .debug_frame   0x00001f4c       0x60 c:/program files (x86)/gnu tools arm embedded/5.4 2016q3/bin/../lib/gcc/arm-none-eabi/5.4.1/../../../../arm-none-eabi/lib/armv7e-m\libg_nano.a(lib_a-nano-vfprintf_i.o)
 .debug_frame   0x00001fac       0x48 c:/program files (x86)/gnu tools arm embedded/5.4 2016q3/bin/../lib/gcc/arm-none-eabi/5.4.1/../../../../arm-none-eabi/lib/armv7e-m\libg_nano.a(lib_a-vsnprintf.o)
 .debug_frame   0x00001ff4       0x6c c:/program files (x86)/gnu tools arm embedded/5.4 2016q3/bin/../lib/gcc/arm-none-eabi/5.4.1/../../../../arm-none-eabi/lib/armv7e-m\libg_nano.a(lib_a-dtoa.o)
 .debug_frame   0x00002060       0x40 c:/program files (x86)/gnu tools arm embedded/5.4 2016q3/bin/../lib/gcc/arm-none-eabi/5.4.1/../../../../arm-none-eabi/lib/armv7e-m\libg_nano.a(lib_a-localeconv.o)
 .debug_frame   0x000020a0       0x30 c:/program files (x86)/gnu tools arm embedded/5.4 2016q3/bin/../lib/gcc/arm-none-eabi/5.4.1/../../../../arm-none-eabi/lib/armv7e-m\libg_nano.a(lib_a-malloc.o)
 .debug_frame   0x000020d0       0x28 c:/program files (x86)/gnu tools arm embedded/5.4 2016q3/bin/../lib/gcc/arm-none-eabi/5.4.1/../../../../arm-none-eabi/lib/armv7e-m\libg_nano.a(lib_a-memcpy-stub.o)
 .debug_frame   0x000020f8      0x234 c:/program files (x86)/gnu tools arm embedded/5.4 2016q3/bin/../lib/gcc/arm-none-eabi/5.4.1/../../../../arm-none-eabi/lib/armv7e-m\libg_nano.a(lib_a-mprec.o)
 .debug_frame   0x0000232c       0x2c c:/program files (x86)/gnu tools arm embedded/5.4 2016q3/bin/../lib/gcc/arm-none-eabi/5.4.1/../../../../arm-none-eabi/lib/armv7e-m\libg_nano.a(lib_a-nano-callocr.o)
 .debug_frame   0x00002358       0x38 c:/program files (x86)/gnu tools arm embedded/5.4 2016q3/bin/../lib/gcc/arm-none-eabi/5.4.1/../../../../arm-none-eabi/lib/armv7e-m\libg_nano.a(lib_a-nano-freer.o)
 .debug_frame   0x00002390       0x2c c:/program files (x86)/gnu tools arm embedded/5.4 2016q3/bin/../lib/gcc/arm-none-eabi/5.4.1/../../../../arm-none-eabi/lib/armv7e-m\libg_nano.a(lib_a-nano-mallocr.o)
 .debug_frame   0x000023bc       0x90 c:/program files (x86)/gnu tools arm embedded/5.4 2016q3/bin/../lib/gcc/arm-none-eabi/5.4.1/../../../../arm-none-eabi/lib/armv7e-m\libg_nano.a(lib_a-nano-svfprintf.o)
 .debug_frame   0x0000244c       0x2c c:/program files (x86)/gnu tools arm embedded/5.4 2016q3/bin/../lib/gcc/arm-none-eabi/5.4.1/../../../../arm-none-eabi/lib/armv7e-m\libg_nano.a(lib_a-sbrkr.o)
 .debug_frame   0x00002478       0x88 c:/program files (x86)/gnu tools arm embedded/5.4 2016q3/bin/../lib/gcc/arm-none-eabi/5.4.1/../../../../arm-none-eabi/lib/armv7e-m\libg_nano.a(lib_a-locale.o)
 .debug_frame   0x00002500       0x44 c:/program files (x86)/gnu tools arm embedded/5.4 2016q3/bin/../lib/gcc/arm-none-eabi/5.4.1/../../../../arm-none-eabi/lib/armv7e-m\libg_nano.a(lib_a-mbtowc_r.o)
 .debug_frame   0x00002544       0x28 c:/program files (x86)/gnu tools arm embedded/5.4 2016q3/bin/../lib/gcc/arm-none-eabi/5.4.1/../../../../arm-none-eabi/lib/armv7e-m\libg_nano.a(lib_a-memmove.o)
 .debug_frame   0x0000256c       0x20 c:/program files (x86)/gnu tools arm embedded/5.4 2016q3/bin/../lib/gcc/arm-none-eabi/5.4.1/../../../../arm-none-eabi/lib/armv7e-m\libg_nano.a(lib_a-memset.o)
 .debug_frame   0x0000258c       0x30 c:/program files (x86)/gnu tools arm embedded/5.4 2016q3/bin/../lib/gcc/arm-none-eabi/5.4.1/../../../../arm-none-eabi/lib/armv7e-m\libg_nano.a(lib_a-mlock.o)
 .debug_frame   0x000025bc       0x3c c:/program files (x86)/gnu tools arm embedded/5.4 2016q3/bin/../lib/gcc/arm-none-eabi/5.4.1/../../../../arm-none-eabi/lib/armv7e-m\libg_nano.a(lib_a-nano-reallocr.o)
 .debug_frame   0x000025f8       0x3c c:/program files (x86)/gnu tools arm embedded/5.4 2016q3/bin/../lib/gcc/arm-none-eabi/5.4.1/../../../../arm-none-eabi/lib/armv7e-m\libg_nano.a(lib_a-wctomb_r.o)
 .debug_frame   0x00002634       0x20 c:/program files (x86)/gnu tools arm embedded/5.4 2016q3/bin/../lib/gcc/arm-none-eabi/5.4.1/../../../../arm-none-eabi/lib/armv7e-m\libg_nano.a(lib_a-nano-msizer.o)

.debug_str      0x00000000    0x6e466
 *(.debug_str)
 .debug_str     0x00000000    0x62796 ./system/src/stm_spl/misc.o
                              0x629ac (size before relaxing)
 .debug_str     0x00062796      0x922 ./system/src/stm_spl/stm32f4xx_adc.o
                              0x630a7 (size before relaxing)
 .debug_str     0x000630b8      0x683 ./system/src/stm_spl/stm32f4xx_dma.o
                              0x62e11 (size before relaxing)
 .debug_str     0x0006373b      0x2cb ./system/src/stm_spl/stm32f4xx_gpio.o
                              0x62a60 (size before relaxing)
 .debug_str     0x00063a06      0x50e ./system/src/stm_spl/stm32f4xx_i2c.o
                              0x62ce8 (size before relaxing)
 .debug_str     0x00063f14      0xc90 ./system/src/stm_spl/stm32f4xx_rcc.o
                              0x6353a (size before relaxing)
 .debug_str     0x00064ba4      0x3a6 ./system/src/stm_spl/stm32f4xx_spi.o
                              0x62d60 (size before relaxing)
 .debug_str     0x00064f4a      0xc0f ./system/src/stm_spl/stm32f4xx_tim.o
                              0x6346e (size before relaxing)
 .debug_str     0x00065b59      0x531 ./system/src/stm_spl/stm32f4xx_usart.o
                              0x62d9c (size before relaxing)
 .debug_str     0x0006608a     0x482f ./system/src/newlib/_exit.o
                               0x6efe (size before relaxing)
 .debug_str     0x0006a8b9      0x4de ./system/src/newlib/_sbrk.o
                               0x62e9 (size before relaxing)
 .debug_str     0x0006ad97      0x2fd ./system/src/newlib/_startup.o
                               0x5efe (size before relaxing)
 .debug_str     0x0006b094      0xe0b ./system/src/newlib/_syscalls.o
                               0x713c (size before relaxing)
 .debug_str     0x0006be9f      0x890 ./system/src/diag/Trace.o
                               0x76ee (size before relaxing)
 .debug_str     0x0006c72f      0x381 ./system/src/diag/trace_impl.o
                              0x66672 (size before relaxing)
 .debug_str     0x0006cab0       0x4e ./system/src/cortexm/_initialize_hardware.o
                              0x627ad (size before relaxing)
 .debug_str     0x0006cafe      0x19d ./system/src/cortexm/exception_handlers.o
                              0x67434 (size before relaxing)
 .debug_str     0x0006cc9b       0xa9 ./system/src/cmsis/system_stm32f4xx.o
                              0x62992 (size before relaxing)
 .debug_str     0x0006cd44       0x57 ./system/src/cmsis/vectors_stm32f4xx.o
                               0x30b9 (size before relaxing)
 .debug_str     0x0006cd9b      0x1a4 ./src/coil_driver.o
                              0x62c27 (size before relaxing)
 .debug_str     0x0006cf3f      0x9f7 ./src/debugkom.o
                              0x67595 (size before relaxing)
 .debug_str     0x0006d936       0x7d ./src/delay.o
                              0x65bd0 (size before relaxing)
 .debug_str     0x0006d9b3       0x36 ./src/main.o
                              0x67a22 (size before relaxing)
 .debug_str     0x0006d9e9      0x92c ./src/phot_meas.o
                              0x6858c (size before relaxing)
 .debug_str     0x0006e315       0x79 ./src/temp_meas.o
                              0x68d62 (size before relaxing)
 .debug_str     0x0006e38e       0xd8 ./src/timer.o
                              0x670db (size before relaxing)

.debug_loc      0x00000000     0x5efa
 *(.debug_loc)
 .debug_loc     0x00000000      0x191 ./system/src/stm_spl/misc.o
 .debug_loc     0x00000191      0x9f5 ./system/src/stm_spl/stm32f4xx_adc.o
 .debug_loc     0x00000b86      0x3f8 ./system/src/stm_spl/stm32f4xx_dma.o
 .debug_loc     0x00000f7e      0x365 ./system/src/stm_spl/stm32f4xx_gpio.o
 .debug_loc     0x000012e3      0x675 ./system/src/stm_spl/stm32f4xx_i2c.o
 .debug_loc     0x00001958      0xbec ./system/src/stm_spl/stm32f4xx_rcc.o
 .debug_loc     0x00002544      0x6dc ./system/src/stm_spl/stm32f4xx_spi.o
 .debug_loc     0x00002c20     0x19f2 ./system/src/stm_spl/stm32f4xx_tim.o
 .debug_loc     0x00004612      0x745 ./system/src/stm_spl/stm32f4xx_usart.o
 .debug_loc     0x00004d57       0x82 ./system/src/newlib/_sbrk.o
 .debug_loc     0x00004dd9      0x36e ./system/src/newlib/_startup.o
 .debug_loc     0x00005147       0x63 ./system/src/newlib/_syscalls.o
 .debug_loc     0x000051aa      0x102 ./system/src/diag/Trace.o
 .debug_loc     0x000052ac      0x17c ./system/src/diag/trace_impl.o
 .debug_loc     0x00005428      0x2a8 ./system/src/cortexm/exception_handlers.o
 .debug_loc     0x000056d0      0x132 ./system/src/cmsis/system_stm32f4xx.o
 .debug_loc     0x00005802      0x214 ./src/coil_driver.o
 .debug_loc     0x00005a16      0x18f ./src/debugkom.o
 .debug_loc     0x00005ba5       0x66 ./src/delay.o
 .debug_loc     0x00005c0b       0xfd ./src/phot_meas.o
 .debug_loc     0x00005d08      0x1f2 ./src/timer.o

.debug_macinfo
 *(.debug_macinfo)

.debug_weaknames
 *(.debug_weaknames)

.debug_funcnames
 *(.debug_funcnames)

.debug_typenames
 *(.debug_typenames)

.debug_varnames
 *(.debug_varnames)
OUTPUT(uSensor_v2.0.elf elf32-littlearm)

.debug_ranges   0x00000000      0xd08
 .debug_ranges  0x00000000       0x30 ./system/src/stm_spl/misc.o
 .debug_ranges  0x00000030      0x138 ./system/src/stm_spl/stm32f4xx_adc.o
 .debug_ranges  0x00000168       0xa0 ./system/src/stm_spl/stm32f4xx_dma.o
 .debug_ranges  0x00000208       0x78 ./system/src/stm_spl/stm32f4xx_gpio.o
 .debug_ranges  0x00000280      0x120 ./system/src/stm_spl/stm32f4xx_i2c.o
 .debug_ranges  0x000003a0      0x1b0 ./system/src/stm_spl/stm32f4xx_rcc.o
 .debug_ranges  0x00000550       0xd0 ./system/src/stm_spl/stm32f4xx_spi.o
 .debug_ranges  0x00000620      0x2e8 ./system/src/stm_spl/stm32f4xx_tim.o
 .debug_ranges  0x00000908       0xf0 ./system/src/stm_spl/stm32f4xx_usart.o
 .debug_ranges  0x000009f8       0x18 ./system/src/newlib/_exit.o
 .debug_ranges  0x00000a10       0x10 ./system/src/newlib/_sbrk.o
 .debug_ranges  0x00000a20       0x30 ./system/src/newlib/_startup.o
 .debug_ranges  0x00000a50       0x20 ./system/src/newlib/_syscalls.o
 .debug_ranges  0x00000a70       0x28 ./system/src/diag/Trace.o
 .debug_ranges  0x00000a98       0x38 ./system/src/diag/trace_impl.o
 .debug_ranges  0x00000ad0       0x18 ./system/src/cortexm/_initialize_hardware.o
 .debug_ranges  0x00000ae8       0x98 ./system/src/cortexm/exception_handlers.o
 .debug_ranges  0x00000b80       0x20 ./system/src/cmsis/system_stm32f4xx.o
 .debug_ranges  0x00000ba0       0x10 ./system/src/cmsis/vectors_stm32f4xx.o
 .debug_ranges  0x00000bb0       0x38 ./src/coil_driver.o
 .debug_ranges  0x00000be8       0x58 ./src/debugkom.o
 .debug_ranges  0x00000c40       0x28 ./src/delay.o
 .debug_ranges  0x00000c68       0x10 ./src/main.o
 .debug_ranges  0x00000c78       0x28 ./src/phot_meas.o
 .debug_ranges  0x00000ca0       0x20 ./src/temp_meas.o
 .debug_ranges  0x00000cc0       0x48 ./src/timer.o

.debug_macro    0x00000000    0x166ad
 .debug_macro   0x00000000      0x19a ./system/src/stm_spl/misc.o
 .debug_macro   0x0000019a      0x898 ./system/src/stm_spl/misc.o
 .debug_macro   0x00000a32       0x5e ./system/src/stm_spl/misc.o
 .debug_macro   0x00000a90       0x3b ./system/src/stm_spl/misc.o
 .debug_macro   0x00000acb      0x34e ./system/src/stm_spl/misc.o
 .debug_macro   0x00000e19       0x2d ./system/src/stm_spl/misc.o
 .debug_macro   0x00000e46       0x26 ./system/src/stm_spl/misc.o
 .debug_macro   0x00000e6c      0xd39 ./system/src/stm_spl/misc.o
 .debug_macro   0x00001ba5     0x9397 ./system/src/stm_spl/misc.o
 .debug_macro   0x0000af3c      0x44f ./system/src/stm_spl/misc.o
 .debug_macro   0x0000b38b       0xb2 ./system/src/stm_spl/misc.o
 .debug_macro   0x0000b43d      0x477 ./system/src/stm_spl/misc.o
 .debug_macro   0x0000b8b4       0xae ./system/src/stm_spl/misc.o
 .debug_macro   0x0000b962      0x41c ./system/src/stm_spl/misc.o
 .debug_macro   0x0000bd7e      0x2ed ./system/src/stm_spl/misc.o
 .debug_macro   0x0000c06b      0x2ba ./system/src/stm_spl/misc.o
 .debug_macro   0x0000c325       0x64 ./system/src/stm_spl/misc.o
 .debug_macro   0x0000c389       0xeb ./system/src/stm_spl/misc.o
 .debug_macro   0x0000c474      0x650 ./system/src/stm_spl/misc.o
 .debug_macro   0x0000cac4      0x57b ./system/src/stm_spl/misc.o
 .debug_macro   0x0000d03f      0x342 ./system/src/stm_spl/misc.o
 .debug_macro   0x0000d381      0x36c ./system/src/stm_spl/misc.o
 .debug_macro   0x0000d6ed       0xf7 ./system/src/stm_spl/misc.o
 .debug_macro   0x0000d7e4      0x73b ./system/src/stm_spl/misc.o
 .debug_macro   0x0000df1f      0x223 ./system/src/stm_spl/misc.o
 .debug_macro   0x0000e142       0x34 ./system/src/stm_spl/misc.o
 .debug_macro   0x0000e176      0x144 ./system/src/stm_spl/misc.o
 .debug_macro   0x0000e2ba       0xc3 ./system/src/stm_spl/misc.o
 .debug_macro   0x0000e37d       0x40 ./system/src/stm_spl/misc.o
 .debug_macro   0x0000e3bd      0x3cf ./system/src/stm_spl/misc.o
 .debug_macro   0x0000e78c      0x188 ./system/src/stm_spl/misc.o
 .debug_macro   0x0000e914      0x149 ./system/src/stm_spl/misc.o
 .debug_macro   0x0000ea5d      0x21e ./system/src/stm_spl/misc.o
 .debug_macro   0x0000ec7b      0x23a ./system/src/stm_spl/misc.o
 .debug_macro   0x0000eeb5      0x336 ./system/src/stm_spl/misc.o
 .debug_macro   0x0000f1eb       0x35 ./system/src/stm_spl/misc.o
 .debug_macro   0x0000f220       0x7c ./system/src/stm_spl/misc.o
 .debug_macro   0x0000f29c      0x218 ./system/src/stm_spl/stm32f4xx_adc.o
 .debug_macro   0x0000f4b4       0x82 ./system/src/stm_spl/stm32f4xx_adc.o
 .debug_macro   0x0000f536      0x1e8 ./system/src/stm_spl/stm32f4xx_dma.o
 .debug_macro   0x0000f71e      0x471 ./system/src/stm_spl/stm32f4xx_dma.o
 .debug_macro   0x0000fb8f      0x194 ./system/src/stm_spl/stm32f4xx_gpio.o
 .debug_macro   0x0000fd23      0x2e7 ./system/src/stm_spl/stm32f4xx_gpio.o
 .debug_macro   0x0001000a      0x1a6 ./system/src/stm_spl/stm32f4xx_i2c.o
 .debug_macro   0x000101b0      0x2b4 ./system/src/stm_spl/stm32f4xx_i2c.o
 .debug_macro   0x00010464      0x25e ./system/src/stm_spl/stm32f4xx_rcc.o
 .debug_macro   0x000106c2      0x64a ./system/src/stm_spl/stm32f4xx_rcc.o
 .debug_macro   0x00010d0c      0x1bf ./system/src/stm_spl/stm32f4xx_spi.o
 .debug_macro   0x00010ecb      0x366 ./system/src/stm_spl/stm32f4xx_spi.o
 .debug_macro   0x00011231      0x1be ./system/src/stm_spl/stm32f4xx_tim.o
 .debug_macro   0x000113ef      0x735 ./system/src/stm_spl/stm32f4xx_tim.o
 .debug_macro   0x00011b24      0x1ac ./system/src/stm_spl/stm32f4xx_usart.o
 .debug_macro   0x00011cd0      0x21d ./system/src/stm_spl/stm32f4xx_usart.o
 .debug_macro   0x00011eed      0x19c ./system/src/newlib/_exit.o
 .debug_macro   0x00012089       0x9c ./system/src/newlib/_exit.o
 .debug_macro   0x00012125      0x10e ./system/src/newlib/_exit.o
 .debug_macro   0x00012233       0x8d ./system/src/newlib/_exit.o
 .debug_macro   0x000122c0       0x43 ./system/src/newlib/_exit.o
 .debug_macro   0x00012303      0x30d ./system/src/newlib/_exit.o
 .debug_macro   0x00012610       0x35 ./system/src/newlib/_exit.o
 .debug_macro   0x00012645      0x151 ./system/src/newlib/_sbrk.o
 .debug_macro   0x00012796      0x174 ./system/src/newlib/_sbrk.o
 .debug_macro   0x0001290a       0x10 ./system/src/newlib/_sbrk.o
 .debug_macro   0x0001291a      0x23b ./system/src/newlib/_sbrk.o
 .debug_macro   0x00012b55      0x15b ./system/src/newlib/_startup.o
 .debug_macro   0x00012cb0      0x89e ./system/src/newlib/_startup.o
 .debug_macro   0x0001354e      0x1ff ./system/src/newlib/_syscalls.o
 .debug_macro   0x0001374d       0x1c ./system/src/newlib/_syscalls.o
 .debug_macro   0x00013769       0x10 ./system/src/newlib/_syscalls.o
 .debug_macro   0x00013779       0x10 ./system/src/newlib/_syscalls.o
 .debug_macro   0x00013789       0x10 ./system/src/newlib/_syscalls.o
 .debug_macro   0x00013799       0x35 ./system/src/newlib/_syscalls.o
 .debug_macro   0x000137ce      0x122 ./system/src/newlib/_syscalls.o
 .debug_macro   0x000138f0       0x88 ./system/src/newlib/_syscalls.o
 .debug_macro   0x00013978       0x2b ./system/src/newlib/_syscalls.o
 .debug_macro   0x000139a3      0x118 ./system/src/newlib/_syscalls.o
 .debug_macro   0x00013abb      0x159 ./system/src/newlib/_syscalls.o
 .debug_macro   0x00013c14       0x16 ./system/src/newlib/_syscalls.o
 .debug_macro   0x00013c2a      0x1d9 ./system/src/diag/Trace.o
 .debug_macro   0x00013e03       0x16 ./system/src/diag/Trace.o
 .debug_macro   0x00013e19       0x97 ./system/src/diag/Trace.o
 .debug_macro   0x00013eb0       0xfd ./system/src/diag/Trace.o
 .debug_macro   0x00013fad       0x10 ./system/src/diag/Trace.o
 .debug_macro   0x00013fbd       0x16 ./system/src/diag/Trace.o
 .debug_macro   0x00013fd3      0x18b ./system/src/diag/Trace.o
 .debug_macro   0x0001415e       0x4c ./system/src/diag/Trace.o
 .debug_macro   0x000141aa       0x16 ./system/src/diag/Trace.o
 .debug_macro   0x000141c0      0x2eb ./system/src/diag/trace_impl.o
 .debug_macro   0x000144ab       0x10 ./system/src/diag/trace_impl.o
 .debug_macro   0x000144bb       0xcf ./system/src/diag/trace_impl.o
 .debug_macro   0x0001458a       0xbe ./system/src/diag/trace_impl.o
 .debug_macro   0x00014648       0x22 ./system/src/diag/trace_impl.o
 .debug_macro   0x0001466a      0x194 ./system/src/cortexm/_initialize_hardware.o
 .debug_macro   0x000147fe      0x330 ./system/src/cortexm/exception_handlers.o
 .debug_macro   0x00014b2e       0x10 ./system/src/cortexm/exception_handlers.o
 .debug_macro   0x00014b3e      0x1ad ./system/src/cmsis/system_stm32f4xx.o
 .debug_macro   0x00014ceb       0x34 ./system/src/cmsis/vectors_stm32f4xx.o
 .debug_macro   0x00014d1f      0x1d0 ./src/coil_driver.o
 .debug_macro   0x00014eef      0x373 ./src/debugkom.o
 .debug_macro   0x00015262       0x10 ./src/debugkom.o
 .debug_macro   0x00015272       0x16 ./src/debugkom.o
 .debug_macro   0x00015288       0x88 ./src/debugkom.o
 .debug_macro   0x00015310      0x27a ./src/delay.o
 .debug_macro   0x0001558a      0x378 ./src/main.o
 .debug_macro   0x00015902       0x1c ./src/main.o
 .debug_macro   0x0001591e       0x10 ./src/main.o
 .debug_macro   0x0001592e      0x176 ./src/main.o
 .debug_macro   0x00015aa4      0x37a ./src/phot_meas.o
 .debug_macro   0x00015e1e      0x1e1 ./src/phot_meas.o
 .debug_macro   0x00015fff      0x37a ./src/temp_meas.o
 .debug_macro   0x00016379      0x334 ./src/timer.o
