Archive member included to satisfy reference by file (symbol)

c:/program files (x86)/gnu tools arm embedded/5.4 2016q3/bin/../lib/gcc/arm-none-eabi/5.4.1/../../../../arm-none-eabi/lib/armv7e-m\libg_nano.a(lib_a-errno.o)
                              ./system/src/newlib/_sbrk.o (__errno)
c:/program files (x86)/gnu tools arm embedded/5.4 2016q3/bin/../lib/gcc/arm-none-eabi/5.4.1/../../../../arm-none-eabi/lib/armv7e-m\libg_nano.a(lib_a-impure.o)
                              c:/program files (x86)/gnu tools arm embedded/5.4 2016q3/bin/../lib/gcc/arm-none-eabi/5.4.1/../../../../arm-none-eabi/lib/armv7e-m\libg_nano.a(lib_a-errno.o) (_impure_ptr)
c:/program files (x86)/gnu tools arm embedded/5.4 2016q3/bin/../lib/gcc/arm-none-eabi/5.4.1/../../../../arm-none-eabi/lib/armv7e-m\libg_nano.a(lib_a-nano-vfprintf_float.o)
                              (_printf_float)
c:/program files (x86)/gnu tools arm embedded/5.4 2016q3/bin/../lib/gcc/arm-none-eabi/5.4.1/../../../../arm-none-eabi/lib/armv7e-m\libg_nano.a(lib_a-nano-vfprintf_i.o)
                              c:/program files (x86)/gnu tools arm embedded/5.4 2016q3/bin/../lib/gcc/arm-none-eabi/5.4.1/../../../../arm-none-eabi/lib/armv7e-m\libg_nano.a(lib_a-nano-vfprintf_float.o) (_printf_common)
c:/program files (x86)/gnu tools arm embedded/5.4 2016q3/bin/../lib/gcc/arm-none-eabi/5.4.1/../../../../arm-none-eabi/lib/armv7e-m\libg_nano.a(lib_a-strlen.o)
                              ./system/src/diag/Trace.o (strlen)
c:/program files (x86)/gnu tools arm embedded/5.4 2016q3/bin/../lib/gcc/arm-none-eabi/5.4.1/../../../../arm-none-eabi/lib/armv7e-m\libg_nano.a(lib_a-vsnprintf.o)
                              ./system/src/diag/Trace.o (vsnprintf)
c:/program files (x86)/gnu tools arm embedded/5.4 2016q3/bin/../lib/gcc/arm-none-eabi/5.4.1/../../../../arm-none-eabi/lib/armv7e-m\libg_nano.a(lib_a-dtoa.o)
                              c:/program files (x86)/gnu tools arm embedded/5.4 2016q3/bin/../lib/gcc/arm-none-eabi/5.4.1/../../../../arm-none-eabi/lib/armv7e-m\libg_nano.a(lib_a-nano-vfprintf_float.o) (_dtoa_r)
c:/program files (x86)/gnu tools arm embedded/5.4 2016q3/bin/../lib/gcc/arm-none-eabi/5.4.1/../../../../arm-none-eabi/lib/armv7e-m\libg_nano.a(lib_a-localeconv.o)
                              c:/program files (x86)/gnu tools arm embedded/5.4 2016q3/bin/../lib/gcc/arm-none-eabi/5.4.1/../../../../arm-none-eabi/lib/armv7e-m\libg_nano.a(lib_a-nano-vfprintf_float.o) (_localeconv_r)
c:/program files (x86)/gnu tools arm embedded/5.4 2016q3/bin/../lib/gcc/arm-none-eabi/5.4.1/../../../../arm-none-eabi/lib/armv7e-m\libg_nano.a(lib_a-malloc.o)
                              c:/program files (x86)/gnu tools arm embedded/5.4 2016q3/bin/../lib/gcc/arm-none-eabi/5.4.1/../../../../arm-none-eabi/lib/armv7e-m\libg_nano.a(lib_a-dtoa.o) (malloc)
c:/program files (x86)/gnu tools arm embedded/5.4 2016q3/bin/../lib/gcc/arm-none-eabi/5.4.1/../../../../arm-none-eabi/lib/armv7e-m\libg_nano.a(lib_a-memchr.o)
                              c:/program files (x86)/gnu tools arm embedded/5.4 2016q3/bin/../lib/gcc/arm-none-eabi/5.4.1/../../../../arm-none-eabi/lib/armv7e-m\libg_nano.a(lib_a-nano-vfprintf_i.o) (memchr)
c:/program files (x86)/gnu tools arm embedded/5.4 2016q3/bin/../lib/gcc/arm-none-eabi/5.4.1/../../../../arm-none-eabi/lib/armv7e-m\libg_nano.a(lib_a-memcpy-stub.o)
                              c:/program files (x86)/gnu tools arm embedded/5.4 2016q3/bin/../lib/gcc/arm-none-eabi/5.4.1/../../../../arm-none-eabi/lib/armv7e-m\libg_nano.a(lib_a-dtoa.o) (memcpy)
c:/program files (x86)/gnu tools arm embedded/5.4 2016q3/bin/../lib/gcc/arm-none-eabi/5.4.1/../../../../arm-none-eabi/lib/armv7e-m\libg_nano.a(lib_a-mprec.o)
                              c:/program files (x86)/gnu tools arm embedded/5.4 2016q3/bin/../lib/gcc/arm-none-eabi/5.4.1/../../../../arm-none-eabi/lib/armv7e-m\libg_nano.a(lib_a-dtoa.o) (_Balloc)
c:/program files (x86)/gnu tools arm embedded/5.4 2016q3/bin/../lib/gcc/arm-none-eabi/5.4.1/../../../../arm-none-eabi/lib/armv7e-m\libg_nano.a(lib_a-nano-callocr.o)
                              c:/program files (x86)/gnu tools arm embedded/5.4 2016q3/bin/../lib/gcc/arm-none-eabi/5.4.1/../../../../arm-none-eabi/lib/armv7e-m\libg_nano.a(lib_a-mprec.o) (_calloc_r)
c:/program files (x86)/gnu tools arm embedded/5.4 2016q3/bin/../lib/gcc/arm-none-eabi/5.4.1/../../../../arm-none-eabi/lib/armv7e-m\libg_nano.a(lib_a-nano-freer.o)
                              c:/program files (x86)/gnu tools arm embedded/5.4 2016q3/bin/../lib/gcc/arm-none-eabi/5.4.1/../../../../arm-none-eabi/lib/armv7e-m\libg_nano.a(lib_a-malloc.o) (_free_r)
c:/program files (x86)/gnu tools arm embedded/5.4 2016q3/bin/../lib/gcc/arm-none-eabi/5.4.1/../../../../arm-none-eabi/lib/armv7e-m\libg_nano.a(lib_a-nano-mallocr.o)
                              c:/program files (x86)/gnu tools arm embedded/5.4 2016q3/bin/../lib/gcc/arm-none-eabi/5.4.1/../../../../arm-none-eabi/lib/armv7e-m\libg_nano.a(lib_a-malloc.o) (_malloc_r)
[...]
Memory Configuration

Name             Origin             Length             Attributes
RAM              0x20000000         0x00010000         xrw
CCMRAM           0x10000000         0x00000000         xrw
FLASH            0x08000000         0x00020000         xr
FLASHB1          0x00000000         0x00000000         xr
EXTMEMB0         0x00000000         0x00000000         xr
EXTMEMB1         0x00000000         0x00000000         xr
EXTMEMB2         0x00000000         0x00000000         xr
EXTMEMB3         0x00000000         0x00000000         xr
*default*        0x00000000         0xffffffff

Linker script and memory map

LOAD ./system/src/stm_spl/misc.o
LOAD ./system/src/stm_spl/stm32f4xx_adc.o
LOAD ./system/src/stm_spl/stm32f4xx_can.o
LOAD ./system/src/stm_spl/stm32f4xx_cec.o
LOAD ./system/src/stm_spl/stm32f4xx_crc.o
LOAD ./system/src/stm_spl/stm32f4xx_cryp.o
LOAD ./system/src/stm_spl/stm32f4xx_cryp_aes.o
LOAD ./system/src/stm_spl/stm32f4xx_cryp_des.o
LOAD ./system/src/stm_spl/stm32f4xx_cryp_tdes.o
LOAD ./system/src/stm_spl/stm32f4xx_dac.o
LOAD ./system/src/stm_spl/stm32f4xx_dbgmcu.o
LOAD ./system/src/stm_spl/stm32f4xx_dcmi.o
LOAD ./system/src/stm_spl/stm32f4xx_dma.o
LOAD ./system/src/stm_spl/stm32f4xx_dma2d.o
LOAD ./system/src/stm_spl/stm32f4xx_exti.o
LOAD ./system/src/stm_spl/stm32f4xx_flash.o
LOAD ./system/src/stm_spl/stm32f4xx_flash_ramfunc.o
LOAD ./system/src/stm_spl/stm32f4xx_fmpi2c.o
LOAD ./system/src/stm_spl/stm32f4xx_gpio.o
LOAD ./system/src/stm_spl/stm32f4xx_hash.o
LOAD ./system/src/stm_spl/stm32f4xx_hash_md5.o
LOAD ./system/src/stm_spl/stm32f4xx_hash_sha1.o
LOAD ./system/src/stm_spl/stm32f4xx_i2c.o
LOAD ./system/src/stm_spl/stm32f4xx_iwdg.o
LOAD ./system/src/stm_spl/stm32f4xx_ltdc.o
LOAD ./system/src/stm_spl/stm32f4xx_pwr.o
LOAD ./system/src/stm_spl/stm32f4xx_qspi.o
LOAD ./system/src/stm_spl/stm32f4xx_rcc.o
LOAD ./system/src/stm_spl/stm32f4xx_rng.o
LOAD ./system/src/stm_spl/stm32f4xx_rtc.o
LOAD ./system/src/stm_spl/stm32f4xx_sai.o
LOAD ./system/src/stm_spl/stm32f4xx_sdio.o
LOAD ./system/src/stm_spl/stm32f4xx_spdifrx.o
LOAD ./system/src/stm_spl/stm32f4xx_spi.o
LOAD ./system/src/stm_spl/stm32f4xx_syscfg.o
LOAD ./system/src/stm_spl/stm32f4xx_tim.o
LOAD ./system/src/stm_spl/stm32f4xx_usart.o
LOAD ./system/src/stm_spl/stm32f4xx_wwdg.o
LOAD ./system/src/newlib/_cxx.o
LOAD ./system/src/newlib/_exit.o
LOAD ./system/src/newlib/_sbrk.o
LOAD ./system/src/newlib/_startup.o
LOAD ./system/src/newlib/_syscalls.o
LOAD ./system/src/newlib/assert.o
LOAD ./system/src/diag/Trace.o
LOAD ./system/src/diag/trace_impl.o
LOAD ./system/src/cortexm/_initialize_hardware.o
LOAD ./system/src/cortexm/_reset_hardware.o
LOAD ./system/src/cortexm/exception_handlers.o
LOAD ./system/src/cmsis/system_stm32f4xx.o
LOAD ./system/src/cmsis/vectors_stm32f4xx.o
LOAD ./src/coil_driver.o
LOAD ./src/debugkom.o
LOAD ./src/delay.o
LOAD ./src/main.o
LOAD ./src/phot_meas.o
LOAD ./src/stm32f4_discovery.o
LOAD ./src/temp_meas.o
LOAD ./src/timer.o
LOAD c:/program files (x86)/gnu tools arm embedded/5.4 2016q3/bin/../lib/gcc/arm-none-eabi/5.4.1/../../../../arm-none-eabi/lib/armv7e-m\libstdc++_nano.a
LOAD c:/program files (x86)/gnu tools arm embedded/5.4 2016q3/bin/../lib/gcc/arm-none-eabi/5.4.1/../../../../arm-none-eabi/lib/armv7e-m\libm.a
START GROUP
LOAD c:/program files (x86)/gnu tools arm embedded/5.4 2016q3/bin/../lib/gcc/arm-none-eabi/5.4.1/armv7e-m\libgcc.a
LOAD c:/program files (x86)/gnu tools arm embedded/5.4 2016q3/bin/../lib/gcc/arm-none-eabi/5.4.1/../../../../arm-none-eabi/lib/armv7e-m\libg_nano.a
LOAD c:/program files (x86)/gnu tools arm embedded/5.4 2016q3/bin/../lib/gcc/arm-none-eabi/5.4.1/../../../../arm-none-eabi/lib/armv7e-m\libc_nano.a
END GROUP
START GROUP
LOAD c:/program files (x86)/gnu tools arm embedded/5.4 2016q3/bin/../lib/gcc/arm-none-eabi/5.4.1/armv7e-m\libgcc.a
LOAD c:/program files (x86)/gnu tools arm embedded/5.4 2016q3/bin/../lib/gcc/arm-none-eabi/5.4.1/../../../../arm-none-eabi/lib/armv7e-m\libc_nano.a
END GROUP
                0x20010000                __stack = (ORIGIN (RAM) + LENGTH (RAM))
                0x20010000                _estack = __stack
                0x00000400                __Main_Stack_Size = 0x400
                [!provide]                PROVIDE (_Main_Stack_Size, __Main_Stack_Size)
                0x2000fc00                __Main_Stack_Limit = (__stack - __Main_Stack_Size)
                [!provide]                PROVIDE (_Main_Stack_Limit, __Main_Stack_Limit)
                0x00000100                _Minimum_Stack_Size = 0x100
                0x20000448                PROVIDE (_Heap_Begin, _end_noinit)
                0x2000fc00                PROVIDE (_Heap_Limit, (__stack - __Main_Stack_Size))

.isr_vector     0x08000000      0x410
 FILL mask 0xff
                0x08000000                __vectors_start = ABSOLUTE (.)
                0x08000000                __vectors_start__ = ABSOLUTE (.)
 *(.isr_vector)
 .isr_vector    0x08000000      0x1ac ./system/src/cmsis/vectors_stm32f4xx.o
                0x08000000                __isr_vectors
 *(.cfmconfig)
 *(.after_vectors .after_vectors.*)
 .after_vectors
                0x080001ac      0x130 ./system/src/newlib/_startup.o
                0x080001ac                _start
 .after_vectors
                0x080002dc      0x130 ./system/src/cortexm/exception_handlers.o
                0x080002dc                Reset_Handler
                0x080002e4                NMI_Handler
                0x080002e8                HardFault_Handler
                0x080002fc                HardFault_Handler_C
                0x0800035c                MemManage_Handler
                0x08000360                BusFault_Handler
                0x08000374                BusFault_Handler_C
                0x080003a8                UsageFault_Handler
                0x080003bc                UsageFault_Handler_C
                0x080003f0                SVC_Handler
                0x080003f4                DebugMon_Handler
                0x080003f8                PendSV_Handler
 .after_vectors
                0x0800040c        0x4 ./system/src/cmsis/vectors_stm32f4xx.o
                0x0800040c                RTC_Alarm_IRQHandler
                0x0800040c                HASH_RNG_IRQHandler
                0x0800040c                EXTI2_IRQHandler
                0x0800040c                TIM8_CC_IRQHandler
                0x0800040c                UART8_IRQHandler
                0x0800040c                SPI4_IRQHandler
                0x0800040c                TIM1_CC_IRQHandler
                0x0800040c                DMA2_Stream5_IRQHandler
                0x0800040c                DMA1_Stream5_IRQHandler
                0x0800040c                PVD_IRQHandler
                0x0800040c                SDIO_IRQHandler
                0x0800040c                TAMP_STAMP_IRQHandler
                0x0800040c                CAN2_RX1_IRQHandler
                0x0800040c                EXTI3_IRQHandler
                0x0800040c                TIM8_TRG_COM_TIM14_IRQHandler
                0x0800040c                TIM1_UP_TIM10_IRQHandler
                0x0800040c                TIM8_UP_TIM13_IRQHandler
                0x0800040c                I2C3_ER_IRQHandler
                0x0800040c                EXTI0_IRQHandler
                0x0800040c                I2C2_EV_IRQHandler
                0x0800040c                DMA1_Stream2_IRQHandler
                0x0800040c                CAN1_RX0_IRQHandler
                0x0800040c                FPU_IRQHandler
                0x0800040c                OTG_HS_WKUP_IRQHandler
                0x0800040c                LTDC_ER_IRQHandler
                0x0800040c                CAN2_SCE_IRQHandler
                0x0800040c                DMA2_Stream2_IRQHandler
                0x0800040c                SPI1_IRQHandler
                0x0800040c                TIM6_DAC_IRQHandler
                0x0800040c                TIM1_BRK_TIM9_IRQHandler
                0x0800040c                DCMI_IRQHandler
                0x0800040c                CAN2_RX0_IRQHandler
                0x0800040c                DMA2_Stream3_IRQHandler
                0x0800040c                USART6_IRQHandler
                0x0800040c                USART3_IRQHandler
                0x0800040c                CAN1_RX1_IRQHandler
                0x0800040c                UART5_IRQHandler
                0x0800040c                TIM4_IRQHandler
                0x0800040c                I2C1_EV_IRQHandler
                0x0800040c                DMA1_Stream6_IRQHandler
                0x0800040c                DMA1_Stream1_IRQHandler
                0x0800040c                UART4_IRQHandler
                0x0800040c                TIM3_IRQHandler
                0x0800040c                RCC_IRQHandler
                0x0800040c                TIM8_BRK_TIM12_IRQHandler
                0x0800040c                Default_Handler
                0x0800040c                EXTI15_10_IRQHandler
                0x0800040c                ADC_IRQHandler
                0x0800040c                DMA1_Stream7_IRQHandler
                0x0800040c                SPI5_IRQHandler
                0x0800040c                TIM7_IRQHandler
                0x0800040c                CAN2_TX_IRQHandler
                0x0800040c                TIM5_IRQHandler
                0x0800040c                DMA2_Stream7_IRQHandler
                0x0800040c                I2C3_EV_IRQHandler
                0x0800040c                EXTI9_5_IRQHandler
                0x0800040c                RTC_WKUP_IRQHandler
                0x0800040c                LTDC_IRQHandler
                0x0800040c                ETH_WKUP_IRQHandler
                0x0800040c                SPI2_IRQHandler
                0x0800040c                OTG_HS_EP1_IN_IRQHandler
                0x0800040c                DMA1_Stream0_IRQHandler
                0x0800040c                CAN1_TX_IRQHandler
                0x0800040c                EXTI4_IRQHandler
                0x0800040c                ETH_IRQHandler
                0x0800040c                OTG_HS_EP1_OUT_IRQHandler
                0x0800040c                WWDG_IRQHandler
                0x0800040c                SPI6_IRQHandler
                0x0800040c                OTG_FS_WKUP_IRQHandler
                0x0800040c                TIM1_TRG_COM_TIM11_IRQHandler
                0x0800040c                OTG_HS_IRQHandler
                0x0800040c                DMA2D_IRQHandler
                0x0800040c                EXTI1_IRQHandler
                0x0800040c                UART7_IRQHandler
                0x0800040c                I2C2_ER_IRQHandler
                0x0800040c                DMA2_Stream1_IRQHandler
                0x0800040c                CAN1_SCE_IRQHandler
                0x0800040c                FLASH_IRQHandler
                0x0800040c                DMA2_Stream4_IRQHandler
                0x0800040c                USART1_IRQHandler
                0x0800040c                OTG_FS_IRQHandler
                0x0800040c                SPI3_IRQHandler
                0x0800040c                DMA1_Stream4_IRQHandler
                0x0800040c                I2C1_ER_IRQHandler
                0x0800040c                FMC_IRQHandler
                0x0800040c                DMA2_Stream6_IRQHandler
                0x0800040c                SAI1_IRQHandler
                0x0800040c                DMA1_Stream3_IRQHandler

.inits          0x08000410       0x28
                0x08000410                __data_regions_array_start = .
                0x08000410        0x4 LONG 0x80039b0 LOADADDR (.data)
                0x08000414        0x4 LONG 0x20000000 ADDR (.data)
                0x08000418        0x4 LONG 0x200001f4 (ADDR (.data) + SIZEOF (.data))
                0x0800041c        0x4 LONG 0x80039b0 LOADADDR (.data_CCMRAM)
                0x08000420        0x4 LONG 0x10000000 ADDR (.data_CCMRAM)
                0x08000424        0x4 LONG 0x10000000 (ADDR (.data_CCMRAM) + SIZEOF (.data_CCMRAM))
                0x08000428                __data_regions_array_end = .
                0x08000428                __bss_regions_array_start = .
                0x08000428        0x4 LONG 0x200001f4 ADDR (.bss)
                0x0800042c        0x4 LONG 0x20000448 (ADDR (.bss) + SIZEOF (.bss))
                0x08000430        0x4 LONG 0x10000000 ADDR (.bss_CCMRAM)
                0x08000434        0x4 LONG 0x10000000 (ADDR (.bss_CCMRAM) + SIZEOF (.bss_CCMRAM))
                0x08000438                __bss_regions_array_end = .
 *(.init)
 *(.fini)
                0x08000438                . = ALIGN (0x4)
                0x08000438                PROVIDE (__preinit_array_start, .)
 *(.preinit_array_sysinit .preinit_array_sysinit.*)
 *(.preinit_array_platform .preinit_array_platform.*)
 *(.preinit_array .preinit_array.*)
                0x08000438                PROVIDE (__preinit_array_end, .)
                0x08000438                . = ALIGN (0x4)
                0x08000438                PROVIDE (__init_array_start, .)
 *(SORT(.init_array.*))
 *(.init_array)
                0x08000438                PROVIDE (__init_array_end, .)
                0x08000438                . = ALIGN (0x4)
                0x08000438                PROVIDE (__fini_array_start, .)
 *(SORT(.fini_array.*))
 *(.fini_array)
                0x08000438                PROVIDE (__fini_array_end, .)

.flashtext
 *(.flashtext .flashtext.*)

.text           0x08000440     0x3570
 *(.text .text.*)
 .text.DMA_GetITStatus
                0x08000440       0x60 ./system/src/stm_spl/stm32f4xx_dma.o
                0x08000440                DMA_GetITStatus
 .text.DMA_ClearITPendingBit
                0x080004a0       0x34 ./system/src/stm_spl/stm32f4xx_dma.o
                0x080004a0                DMA_ClearITPendingBit
 .text.GPIO_Init
                0x080004d4       0x84 ./system/src/stm_spl/stm32f4xx_gpio.o
                0x080004d4                GPIO_Init
 .text.GPIO_ResetBits
                0x08000558        0x4 ./system/src/stm_spl/stm32f4xx_gpio.o
                0x08000558                GPIO_ResetBits
 .text.RCC_AHB1PeriphClockCmd
                0x0800055c       0x1c ./system/src/stm_spl/stm32f4xx_rcc.o
                0x0800055c                RCC_AHB1PeriphClockCmd
 .text.TIM_GetITStatus
                0x08000578       0x18 ./system/src/stm_spl/stm32f4xx_tim.o
                0x08000578                TIM_GetITStatus
 .text.TIM_ClearITPendingBit
                0x08000590        0x8 ./system/src/stm_spl/stm32f4xx_tim.o
                0x08000590                TIM_ClearITPendingBit
 .text.USART_ReceiveData
                0x08000598        0x8 ./system/src/stm_spl/stm32f4xx_usart.o
                0x08000598                USART_ReceiveData
 .text.USART_ITConfig
                0x080005a0       0x38 ./system/src/stm_spl/stm32f4xx_usart.o
                0x080005a0                USART_ITConfig
 .text.USART_GetFlagStatus
                0x080005d8       0x10 ./system/src/stm_spl/stm32f4xx_usart.o
                0x080005d8                USART_GetFlagStatus
 .text.USART_GetITStatus
                0x080005e8       0x4c ./system/src/stm_spl/stm32f4xx_usart.o
                0x080005e8                USART_GetITStatus
 .text._exit    0x08000634        0x4 ./system/src/newlib/_exit.o
                0x08000634                _exit
 .text._sbrk    0x08000638       0x44 ./system/src/newlib/_sbrk.o
                0x08000638                _sbrk
 .text.__initialize_args
                0x0800067c       0x10 ./system/src/newlib/_syscalls.o
                0x0800067c                __initialize_args
 .text.trace_printf
                0x0800068c       0x30 ./system/src/diag/Trace.o
                0x0800068c                trace_printf
 .text._trace_write_semihosting_debug
                0x080006bc       0x64 ./system/src/diag/trace_impl.o
 .text.trace_write
                0x08000720        0x8 ./system/src/diag/trace_impl.o
                0x08000720                trace_write
 .text.__initialize_hardware_early
                0x08000728        0x8 ./system/src/cortexm/_initialize_hardware.o
                0x08000728                __initialize_hardware_early
 .text.__initialize_hardware
                0x08000730        0x8 ./system/src/cortexm/_initialize_hardware.o
                0x08000730                __initialize_hardware
 .text.dumpExceptionStack
                0x08000738       0xf0 ./system/src/cortexm/exception_handlers.o
                0x08000738                dumpExceptionStack
 .text.isSemihosting
                0x08000828       0x20 ./system/src/cortexm/exception_handlers.o
                0x08000828                isSemihosting
 .text.SetSysClock
                0x08000848       0x74 ./system/src/cmsis/system_stm32f4xx.o
 .text.SystemInit
                0x080008bc       0x44 ./system/src/cmsis/system_stm32f4xx.o
                0x080008bc                SystemInit
 .text.SystemCoreClockUpdate
                0x08000900       0xa4 ./system/src/cmsis/system_stm32f4xx.o
                0x08000900                SystemCoreClockUpdate
 .text.USART2_IRQHandler
                0x080009a4       0x90 ./src/debugkom.o
                0x080009a4                USART2_IRQHandler
 .text.DelayInit
                0x08000a34       0x44 ./src/delay.o
                0x08000a34                DelayInit
 .text.TimingDelay_Decrement
                0x08000a78       0x14 ./src/delay.o
                0x08000a78                TimingDelay_Decrement
 .text.SysTick_Handler
                0x08000a8c        0x8 ./src/delay.o
                0x08000a8c                SysTick_Handler
 .text.main     0x08000a94       0x44 ./src/main.o
                0x08000a94                main
 .text.DMA2_Stream0_IRQHandler
                0x08000ad8       0x24 ./src/temp_meas.o
                0x08000ad8                DMA2_Stream0_IRQHandler
 .text.Timer_Handler
                0x08000afc       0x5c ./src/timer.o
                0x08000afc                Timer_Handler
 .text.TIM2_IRQHandler
                0x08000b58       0x20 ./src/timer.o
                0x08000b58                TIM2_IRQHandler
 .text.__errno  0x08000b78        0xc c:/program files (x86)/gnu tools arm embedded/5.4 2016q3/bin/../lib/gcc/arm-none-eabi/5.4.1/../../../../arm-none-eabi/lib/armv7e-m\libg_nano.a(lib_a-errno.o)
                0x08000b78                __errno
 .text.__cvt    0x08000b84       0xbe c:/program files (x86)/gnu tools arm embedded/5.4 2016q3/bin/../lib/gcc/arm-none-eabi/5.4.1/../../../../arm-none-eabi/lib/armv7e-m\libg_nano.a(lib_a-nano-vfprintf_float.o)
                0x08000b84                __cvt
 .text.__exponent
                0x08000c42       0x60 c:/program files (x86)/gnu tools arm embedded/5.4 2016q3/bin/../lib/gcc/arm-none-eabi/5.4.1/../../../../arm-none-eabi/lib/armv7e-m\libg_nano.a(lib_a-nano-vfprintf_float.o)
                0x08000c42                __exponent
 *fill*         0x08000ca2        0x2 
 .text._printf_float
                0x08000ca4      0x488 c:/program files (x86)/gnu tools arm embedded/5.4 2016q3/bin/../lib/gcc/arm-none-eabi/5.4.1/../../../../arm-none-eabi/lib/armv7e-m\libg_nano.a(lib_a-nano-vfprintf_float.o)
                0x08000ca4                _printf_float
 .text._printf_common
                0x0800112c       0xec c:/program files (x86)/gnu tools arm embedded/5.4 2016q3/bin/../lib/gcc/arm-none-eabi/5.4.1/../../../../arm-none-eabi/lib/armv7e-m\libg_nano.a(lib_a-nano-vfprintf_i.o)
                0x0800112c                _printf_common
 .text._printf_i
                0x08001218      0x24c c:/program files (x86)/gnu tools arm embedded/5.4 2016q3/bin/../lib/gcc/arm-none-eabi/5.4.1/../../../../arm-none-eabi/lib/armv7e-m\libg_nano.a(lib_a-nano-vfprintf_i.o)
                0x08001218                _printf_i
 .text          0x08001464       0x10 c:/program files (x86)/gnu tools arm embedded/5.4 2016q3/bin/../lib/gcc/arm-none-eabi/5.4.1/../../../../arm-none-eabi/lib/armv7e-m\libg_nano.a(lib_a-strlen.o)
                0x08001464                strlen
 .text._vsnprintf_r
                0x08001474       0x56 c:/program files (x86)/gnu tools arm embedded/5.4 2016q3/bin/../lib/gcc/arm-none-eabi/5.4.1/../../../../arm-none-eabi/lib/armv7e-m\libg_nano.a(lib_a-vsnprintf.o)
                0x08001474                _vsniprintf_r
                0x08001474                _vsnprintf_r
 *fill*         0x080014ca        0x2 
 .text.vsnprintf
                0x080014cc       0x1c c:/program files (x86)/gnu tools arm embedded/5.4 2016q3/bin/../lib/gcc/arm-none-eabi/5.4.1/../../../../arm-none-eabi/lib/armv7e-m\libg_nano.a(lib_a-vsnprintf.o)
                0x080014cc                vsniprintf
                0x080014cc                vsnprintf
 .text.quorem   0x080014e8      0x11e c:/program files (x86)/gnu tools arm embedded/5.4 2016q3/bin/../lib/gcc/arm-none-eabi/5.4.1/../../../../arm-none-eabi/lib/armv7e-m\libg_nano.a(lib_a-dtoa.o)
 *fill*         0x08001606        0x2 
 .text._dtoa_r  0x08001608      0xb38 c:/program files (x86)/gnu tools arm embedded/5.4 2016q3/bin/../lib/gcc/arm-none-eabi/5.4.1/../../../../arm-none-eabi/lib/armv7e-m\libg_nano.a(lib_a-dtoa.o)
                0x08001608                _dtoa_r
 .text._localeconv_r
                0x08002140       0x1c c:/program files (x86)/gnu tools arm embedded/5.4 2016q3/bin/../lib/gcc/arm-none-eabi/5.4.1/../../../../arm-none-eabi/lib/armv7e-m\libg_nano.a(lib_a-localeconv.o)
                0x08002140                _localeconv_r
 .text.malloc   0x0800215c       0x10 c:/program files (x86)/gnu tools arm embedded/5.4 2016q3/bin/../lib/gcc/arm-none-eabi/5.4.1/../../../../arm-none-eabi/lib/armv7e-m\libg_nano.a(lib_a-malloc.o)
                0x0800215c                malloc
 *fill*         0x0800216c        0x4 
 .text          0x08002170       0xa0 c:/program files (x86)/gnu tools arm embedded/5.4 2016q3/bin/../lib/gcc/arm-none-eabi/5.4.1/../../../../arm-none-eabi/lib/armv7e-m\libg_nano.a(lib_a-memchr.o)
                0x08002170                memchr
 .text.memcpy   0x08002210       0x16 c:/program files (x86)/gnu tools arm embedded/5.4 2016q3/bin/../lib/gcc/arm-none-eabi/5.4.1/../../../../arm-none-eabi/lib/armv7e-m\libg_nano.a(lib_a-memcpy-stub.o)
                0x08002210                memcpy
 .text._Balloc  0x08002226       0x6a c:/program files (x86)/gnu tools arm embedded/5.4 2016q3/bin/../lib/gcc/arm-none-eabi/5.4.1/../../../../arm-none-eabi/lib/armv7e-m\libg_nano.a(lib_a-mprec.o)
                0x08002226                _Balloc
 .text._Bfree   0x08002290       0x2e c:/program files (x86)/gnu tools arm embedded/5.4 2016q3/bin/../lib/gcc/arm-none-eabi/5.4.1/../../../../arm-none-eabi/lib/armv7e-m\libg_nano.a(lib_a-mprec.o)
                0x08002290                _Bfree
 .text.__multadd
                0x080022be       0x76 c:/program files (x86)/gnu tools arm embedded/5.4 2016q3/bin/../lib/gcc/arm-none-eabi/5.4.1/../../../../arm-none-eabi/lib/armv7e-m\libg_nano.a(lib_a-mprec.o)
                0x080022be                __multadd
 .text.__hi0bits
                0x08002334       0x40 c:/program files (x86)/gnu tools arm embedded/5.4 2016q3/bin/../lib/gcc/arm-none-eabi/5.4.1/../../../../arm-none-eabi/lib/armv7e-m\libg_nano.a(lib_a-mprec.o)
                0x08002334                __hi0bits
 .text.__lo0bits
                0x08002374       0x5a c:/program files (x86)/gnu tools arm embedded/5.4 2016q3/bin/../lib/gcc/arm-none-eabi/5.4.1/../../../../arm-none-eabi/lib/armv7e-m\libg_nano.a(lib_a-mprec.o)
                0x08002374                __lo0bits
 .text.__i2b    0x080023ce       0x12 c:/program files (x86)/gnu tools arm embedded/5.4 2016q3/bin/../lib/gcc/arm-none-eabi/5.4.1/../../../../arm-none-eabi/lib/armv7e-m\libg_nano.a(lib_a-mprec.o)
                0x080023ce                __i2b
 .text.__multiply
                0x080023e0      0x122 c:/program files (x86)/gnu tools arm embedded/5.4 2016q3/bin/../lib/gcc/arm-none-eabi/5.4.1/../../../../arm-none-eabi/lib/armv7e-m\libg_nano.a(lib_a-mprec.o)
                0x080023e0                __multiply
 *fill*         0x08002502        0x2 
 .text.__pow5mult
                0x08002504       0x9c c:/program files (x86)/gnu tools arm embedded/5.4 2016q3/bin/../lib/gcc/arm-none-eabi/5.4.1/../../../../arm-none-eabi/lib/armv7e-m\libg_nano.a(lib_a-mprec.o)
                0x08002504                __pow5mult
 .text.__lshift
                0x080025a0       0xa2 c:/program files (x86)/gnu tools arm embedded/5.4 2016q3/bin/../lib/gcc/arm-none-eabi/5.4.1/../../../../arm-none-eabi/lib/armv7e-m\libg_nano.a(lib_a-mprec.o)
                0x080025a0                __lshift
 .text.__mcmp   0x08002642       0x38 c:/program files (x86)/gnu tools arm embedded/5.4 2016q3/bin/../lib/gcc/arm-none-eabi/5.4.1/../../../../arm-none-eabi/lib/armv7e-m\libg_nano.a(lib_a-mprec.o)
                0x08002642                __mcmp
 .text.__mdiff  0x0800267a       0xbe c:/program files (x86)/gnu tools arm embedded/5.4 2016q3/bin/../lib/gcc/arm-none-eabi/5.4.1/../../../../arm-none-eabi/lib/armv7e-m\libg_nano.a(lib_a-mprec.o)
                0x0800267a                __mdiff
 .text.__d2b    0x08002738       0x9c c:/program files (x86)/gnu tools arm embedded/5.4 2016q3/bin/../lib/gcc/arm-none-eabi/5.4.1/../../../../arm-none-eabi/lib/armv7e-m\libg_nano.a(lib_a-mprec.o)
                0x08002738                __d2b
 .text._calloc_r
                0x080027d4       0x1c c:/program files (x86)/gnu tools arm embedded/5.4 2016q3/bin/../lib/gcc/arm-none-eabi/5.4.1/../../../../arm-none-eabi/lib/armv7e-m\libg_nano.a(lib_a-nano-callocr.o)
                0x080027d4                _calloc_r
 .text._free_r  0x080027f0       0x9c c:/program files (x86)/gnu tools arm embedded/5.4 2016q3/bin/../lib/gcc/arm-none-eabi/5.4.1/../../../../arm-none-eabi/lib/armv7e-m\libg_nano.a(lib_a-nano-freer.o)
                0x080027f0                _free_r
 .text._malloc_r
                0x0800288c       0xbc c:/program files (x86)/gnu tools arm embedded/5.4 2016q3/bin/../lib/gcc/arm-none-eabi/5.4.1/../../../../arm-none-eabi/lib/armv7e-m\libg_nano.a(lib_a-nano-mallocr.o)
                0x0800288c                _malloc_r
 .text.__ssputs_r
                0x08002948       0xb2 c:/program files (x86)/gnu tools arm embedded/5.4 2016q3/bin/../lib/gcc/arm-none-eabi/5.4.1/../../../../arm-none-eabi/lib/armv7e-m\libg_nano.a(lib_a-nano-svfprintf.o)
                0x08002948                __ssputs_r
 *fill*         0x080029fa        0x2 
 .text._svfprintf_r
                0x080029fc      0x1e8 c:/program files (x86)/gnu tools arm embedded/5.4 2016q3/bin/../lib/gcc/arm-none-eabi/5.4.1/../../../../arm-none-eabi/lib/armv7e-m\libg_nano.a(lib_a-nano-svfprintf.o)
                0x080029fc                _svfiprintf_r
                0x080029fc                _svfprintf_r
 .text._sbrk_r  0x08002be4       0x20 c:/program files (x86)/gnu tools arm embedded/5.4 2016q3/bin/../lib/gcc/arm-none-eabi/5.4.1/../../../../arm-none-eabi/lib/armv7e-m\libg_nano.a(lib_a-sbrkr.o)
                0x08002be4                _sbrk_r
 .text.__ascii_mbtowc
                0x08002c04       0x24 c:/program files (x86)/gnu tools arm embedded/5.4 2016q3/bin/../lib/gcc/arm-none-eabi/5.4.1/../../../../arm-none-eabi/lib/armv7e-m\libg_nano.a(lib_a-mbtowc_r.o)
                0x08002c04                __ascii_mbtowc
 .text.memmove  0x08002c28       0x36 c:/program files (x86)/gnu tools arm embedded/5.4 2016q3/bin/../lib/gcc/arm-none-eabi/5.4.1/../../../../arm-none-eabi/lib/armv7e-m\libg_nano.a(lib_a-memmove.o)
                0x08002c28                memmove
 .text.memset   0x08002c5e       0x10 c:/program files (x86)/gnu tools arm embedded/5.4 2016q3/bin/../lib/gcc/arm-none-eabi/5.4.1/../../../../arm-none-eabi/lib/armv7e-m\libg_nano.a(lib_a-memset.o)
                0x08002c5e                memset
 .text.__malloc_lock
                0x08002c6e        0x2 c:/program files (x86)/gnu tools arm embedded/5.4 2016q3/bin/../lib/gcc/arm-none-eabi/5.4.1/../../../../arm-none-eabi/lib/armv7e-m\libg_nano.a(lib_a-mlock.o)
                0x08002c6e                __malloc_lock
 .text.__malloc_unlock
                0x08002c70        0x2 c:/program files (x86)/gnu tools arm embedded/5.4 2016q3/bin/../lib/gcc/arm-none-eabi/5.4.1/../../../../arm-none-eabi/lib/armv7e-m\libg_nano.a(lib_a-mlock.o)
                0x08002c70                __malloc_unlock
 .text._realloc_r
                0x08002c72       0x4c c:/program files (x86)/gnu tools arm embedded/5.4 2016q3/bin/../lib/gcc/arm-none-eabi/5.4.1/../../../../arm-none-eabi/lib/armv7e-m\libg_nano.a(lib_a-nano-reallocr.o)
                0x08002c72                _realloc_r
 .text.__ascii_wctomb
                0x08002cbe       0x1a c:/program files (x86)/gnu tools arm embedded/5.4 2016q3/bin/../lib/gcc/arm-none-eabi/5.4.1/../../../../arm-none-eabi/lib/armv7e-m\libg_nano.a(lib_a-wctomb_r.o)
                0x08002cbe                __ascii_wctomb
 .text._malloc_usable_size_r
                0x08002cd8       0x14 c:/program files (x86)/gnu tools arm embedded/5.4 2016q3/bin/../lib/gcc/arm-none-eabi/5.4.1/../../../../arm-none-eabi/lib/armv7e-m\libg_nano.a(lib_a-nano-msizer.o)
                0x08002cd8                _malloc_usable_size_r
 .text          0x08002cec      0x370 c:/program files (x86)/gnu tools arm embedded/5.4 2016q3/bin/../lib/gcc/arm-none-eabi/5.4.1/armv7e-m\libgcc.a(_arm_addsubdf3.o)
                0x08002cec                __aeabi_drsub
                0x08002cf4                __aeabi_dsub
                0x08002cf4                __subdf3
                0x08002cf8                __aeabi_dadd
                0x08002cf8                __adddf3
                0x08002f70                __floatunsidf
                0x08002f70                __aeabi_ui2d
                0x08002f90                __floatsidf
                0x08002f90                __aeabi_i2d
                0x08002fb4                __aeabi_f2d
                0x08002fb4                __extendsfdf2
                0x08002ff0                __floatundidf
                0x08002ff0                __aeabi_ul2d
                0x08003000                __floatdidf
                0x08003000                __aeabi_l2d
 .text          0x0800305c      0x424 c:/program files (x86)/gnu tools arm embedded/5.4 2016q3/bin/../lib/gcc/arm-none-eabi/5.4.1/armv7e-m\libgcc.a(_arm_muldivdf3.o)
                0x0800305c                __aeabi_dmul
                0x0800305c                __muldf3
                0x080032b0                __divdf3
                0x080032b0                __aeabi_ddiv
 .text          0x08003480      0x110 c:/program files (x86)/gnu tools arm embedded/5.4 2016q3/bin/../lib/gcc/arm-none-eabi/5.4.1/armv7e-m\libgcc.a(_arm_cmpdf2.o)
                0x08003480                __gtdf2
                0x08003480                __gedf2
                0x08003488                __ltdf2
                0x08003488                __ledf2
                0x08003490                __nedf2
                0x08003490                __eqdf2
                0x08003490                __cmpdf2
                0x0800350c                __aeabi_cdrcmple
                0x0800351c                __aeabi_cdcmpeq
                0x0800351c                __aeabi_cdcmple
                0x0800352c                __aeabi_dcmpeq
                0x08003540                __aeabi_dcmplt
                0x08003554                __aeabi_dcmple
                0x08003568                __aeabi_dcmpge
                0x0800357c                __aeabi_dcmpgt
 .text          0x08003590       0x2c c:/program files (x86)/gnu tools arm embedded/5.4 2016q3/bin/../lib/gcc/arm-none-eabi/5.4.1/armv7e-m\libgcc.a(_arm_unorddf2.o)
                0x08003590                __unorddf2
                0x08003590                __aeabi_dcmpun
 .text          0x080035bc       0x50 c:/program files (x86)/gnu tools arm embedded/5.4 2016q3/bin/../lib/gcc/arm-none-eabi/5.4.1/armv7e-m\libgcc.a(_arm_fixdfsi.o)
                0x080035bc                __aeabi_d2iz
                0x080035bc                __fixdfsi
 *(.rodata .rodata.* .constdata .constdata.*)
 .rodata.str1.4
                0x0800360c      0x148 ./system/src/cortexm/exception_handlers.o
                                0x146 (size before relaxing)
 .rodata.str1.1
                0x08003754       0x12 c:/program files (x86)/gnu tools arm embedded/5.4 2016q3/bin/../lib/gcc/arm-none-eabi/5.4.1/../../../../arm-none-eabi/lib/armv7e-m\libg_nano.a(lib_a-nano-vfprintf_float.o)
 .rodata.str1.1
                0x08003766       0x22 c:/program files (x86)/gnu tools arm embedded/5.4 2016q3/bin/../lib/gcc/arm-none-eabi/5.4.1/../../../../arm-none-eabi/lib/armv7e-m\libg_nano.a(lib_a-nano-vfprintf_i.o)
 .rodata.str1.1
                0x08003788        0xd c:/program files (x86)/gnu tools arm embedded/5.4 2016q3/bin/../lib/gcc/arm-none-eabi/5.4.1/../../../../arm-none-eabi/lib/armv7e-m\libg_nano.a(lib_a-dtoa.o)
                                  0xf (size before relaxing)
 *fill*         0x08003795        0x3 
 .rodata.__mprec_tens
                0x08003798       0xc8 c:/program files (x86)/gnu tools arm embedded/5.4 2016q3/bin/../lib/gcc/arm-none-eabi/5.4.1/../../../../arm-none-eabi/lib/armv7e-m\libg_nano.a(lib_a-mprec.o)
                0x08003798                __mprec_tens
 .rodata.__mprec_bigtens
                0x08003860       0x28 c:/program files (x86)/gnu tools arm embedded/5.4 2016q3/bin/../lib/gcc/arm-none-eabi/5.4.1/../../../../arm-none-eabi/lib/armv7e-m\libg_nano.a(lib_a-mprec.o)
                0x08003860                __mprec_bigtens
 .rodata.p05.6097
                0x08003888        0xc c:/program files (x86)/gnu tools arm embedded/5.4 2016q3/bin/../lib/gcc/arm-none-eabi/5.4.1/../../../../arm-none-eabi/lib/armv7e-m\libg_nano.a(lib_a-mprec.o)
 .rodata.str1.1
                0x08003894       0x11 c:/program files (x86)/gnu tools arm embedded/5.4 2016q3/bin/../lib/gcc/arm-none-eabi/5.4.1/../../../../arm-none-eabi/lib/armv7e-m\libg_nano.a(lib_a-nano-svfprintf.o)
 .rodata.str1.1
                0x080038a5        0xa c:/program files (x86)/gnu tools arm embedded/5.4 2016q3/bin/../lib/gcc/arm-none-eabi/5.4.1/../../../../arm-none-eabi/lib/armv7e-m\libg_nano.a(lib_a-locale.o)
                                  0xb (size before relaxing)
 .rodata._ctype_
                0x080038af      0x101 c:/program files (x86)/gnu tools arm embedded/5.4 2016q3/bin/../lib/gcc/arm-none-eabi/5.4.1/../../../../arm-none-eabi/lib/armv7e-m\libg_nano.a(lib_a-ctype_.o)
                0x080038af                _ctype_
 *(vtable)
 *(.eh_frame*)
 *(.glue_7)
 .glue_7        0x080039b0        0x0 linker stubs
 *(.glue_7t)
 .glue_7t       0x080039b0        0x0 linker stubs

.vfp11_veneer   0x080039b0        0x0
 .vfp11_veneer  0x080039b0        0x0 linker stubs

.v4_bx          0x080039b0        0x0
 .v4_bx         0x080039b0        0x0 linker stubs

.iplt           0x080039b0        0x0
 .iplt          0x080039b0        0x0 ./system/src/stm_spl/misc.o

.rel.dyn        0x080039b0        0x0
 .rel.iplt      0x080039b0        0x0 ./system/src/stm_spl/misc.o

.ARM.extab
 *(.ARM.extab* .gnu.linkonce.armextab.*)
                0x080039b0                . = ALIGN (0x4)
                0x080039b0                __exidx_start = .

.ARM.exidx
 *(.ARM.exidx* .gnu.linkonce.armexidx.*)
                0x080039b0                __exidx_end = .
                0x080039b0                . = ALIGN (0x4)
                0x080039b0                _etext = .
                0x080039b0                __etext = .

.data_CCMRAM    0x10000000        0x0 load address 0x080039b0
 FILL mask 0xff
 *(.data.CCMRAM .data.CCMRAM.*)
                0x10000000                . = ALIGN (0x4)
                0x080039b0                _sidata = LOADADDR (.data)

.data           0x20000000      0x1f4 load address 0x080039b0
 FILL mask 0xff
                0x20000000                _sdata = .
                0x20000000                __data_start__ = .
 *(.data_begin .data_begin.*)
 .data_begin    0x20000000        0x4 ./system/src/newlib/_startup.o
 *(.data .data.*)
 .data.argv.4289
                0x20000004        0x8 ./system/src/newlib/_syscalls.o
 .data.AHBPrescTable
                0x2000000c       0x10 ./system/src/cmsis/system_stm32f4xx.o
                0x2000000c                AHBPrescTable
 .data.SystemCoreClock
                0x2000001c        0x4 ./system/src/cmsis/system_stm32f4xx.o
                0x2000001c                SystemCoreClock
 .data.impure_data
                0x20000020       0x60 c:/program files (x86)/gnu tools arm embedded/5.4 2016q3/bin/../lib/gcc/arm-none-eabi/5.4.1/../../../../arm-none-eabi/lib/armv7e-m\libg_nano.a(lib_a-impure.o)
 .data._impure_ptr
                0x20000080        0x4 c:/program files (x86)/gnu tools arm embedded/5.4 2016q3/bin/../lib/gcc/arm-none-eabi/5.4.1/../../../../arm-none-eabi/lib/armv7e-m\libg_nano.a(lib_a-impure.o)
                0x20000080                _impure_ptr
 .data.__global_locale
                0x20000084      0x16c c:/program files (x86)/gnu tools arm embedded/5.4 2016q3/bin/../lib/gcc/arm-none-eabi/5.4.1/../../../../arm-none-eabi/lib/armv7e-m\libg_nano.a(lib_a-locale.o)
                0x20000084                __global_locale
 *(.data_end .data_end.*)
 .data_end      0x200001f0        0x4 ./system/src/newlib/_startup.o
                0x200001f4                . = ALIGN (0x4)
                0x200001f4                _edata = .
                0x200001f4                __data_end__ = .

.igot.plt       0x200001f4        0x0 load address 0x08003ba4
 .igot.plt      0x200001f4        0x0 ./system/src/stm_spl/misc.o

.bss_CCMRAM     0x10000000        0x0
 *(.bss.CCMRAM .bss.CCMRAM.*)

.bss            0x200001f4      0x254
                0x200001f4                __bss_start__ = .
                0x200001f4                _sbss = .
 *(.bss_begin .bss_begin.*)
 .bss_begin     0x200001f4        0x4 ./system/src/newlib/_startup.o
 *(.bss .bss.*)
 .bss.current_heap_end.3974
                0x200001f8        0x4 ./system/src/newlib/_sbrk.o
 .bss.name.4288
                0x200001fc        0x1 ./system/src/newlib/_syscalls.o
 *fill*         0x200001fd        0x3 
 .bss.buf.5179  0x20000200       0x80 ./system/src/diag/Trace.o
 .bss.debugOVF  0x20000280        0x1 ./src/debugkom.o
                0x20000280                debugOVF
 *fill*         0x20000281        0x1 
 .bss.debugBufCnt
                0x20000282        0x2 ./src/debugkom.o
                0x20000282                debugBufCnt
 .bss.debugBufRDY
                0x20000284        0x1 ./src/debugkom.o
                0x20000284                debugBufRDY
 *fill*         0x20000285        0x3 
 .bss.TimingDelay
                0x20000288        0x4 ./src/delay.o
 .bss.temp_sensor_ready_flag
                0x2000028c        0x1 ./src/temp_meas.o
                0x2000028c                temp_sensor_ready_flag
 .bss.timersNum
                0x2000028d        0x1 ./src/timer.o
                0x2000028d                timersNum
 *fill*         0x2000028e        0x2 
 .bss.__malloc_sbrk_start
                0x20000290        0x4 c:/program files (x86)/gnu tools arm embedded/5.4 2016q3/bin/../lib/gcc/arm-none-eabi/5.4.1/../../../../arm-none-eabi/lib/armv7e-m\libg_nano.a(lib_a-nano-mallocr.o)
                0x20000290                __malloc_sbrk_start
 .bss.__malloc_free_list
                0x20000294        0x4 c:/program files (x86)/gnu tools arm embedded/5.4 2016q3/bin/../lib/gcc/arm-none-eabi/5.4.1/../../../../arm-none-eabi/lib/armv7e-m\libg_nano.a(lib_a-nano-mallocr.o)
                0x20000294                __malloc_free_list
 *(COMMON)
 COMMON         0x20000298        0x4 ./system/src/newlib/_syscalls.o
                0x20000298                errno
 COMMON         0x2000029c      0x148 ./src/debugkom.o
                0x2000029c                debugBuf
                0x2000039c                debugTimer
                0x200003a0                cbuf
                0x200003e0                debug_record
 COMMON         0x200003e4       0x60 ./src/timer.o
                0x200003e4                timerTab
 *(.bss_end .bss_end.*)
 .bss_end       0x20000444        0x4 ./system/src/newlib/_startup.o
                0x20000448                . = ALIGN (0x4)
                0x20000448                __bss_end__ = .
                0x20000448                _ebss = .

.noinit_CCMRAM
 *(.noinit.CCMRAM .noinit.CCMRAM.*)

.noinit         0x20000448        0x0
                0x20000448                _noinit = .
 *(.noinit .noinit.*)
                0x20000448                . = ALIGN (0x4)
                0x20000448                _end_noinit = .
                [!provide]                PROVIDE (end, _end_noinit)
                [!provide]                PROVIDE (_end, _end_noinit)
                [!provide]                PROVIDE (__end, _end_noinit)
                [!provide]                PROVIDE (__end__, _end_noinit)

._check_stack   0x20000448      0x100
                0x20000548                . = (. + _Minimum_Stack_Size)
 *fill*         0x20000448      0x100 

.b1text
 *(.b1text)
 *(.b1rodata)
 *(.b1rodata.*)

.eb0text
 *(.eb0text)
 *(.eb0rodata)
 *(.eb0rodata.*)

.eb1text
 *(.eb1text)
 *(.eb1rodata)
 *(.eb1rodata.*)

.eb2text
 *(.eb2text)
 *(.eb2rodata)
 *(.eb2rodata.*)

.eb3text
 *(.eb3text)
 *(.eb3rodata)
 *(.eb3rodata.*)

.stab
 *(.stab)

.stabstr
 *(.stabstr)

.stab.excl
 *(.stab.excl)

.stab.exclstr
 *(.stab.exclstr)

.stab.index
 *(.stab.index)

.stab.indexstr
 *(.stab.indexstr)

.comment        0x00000000       0x6e
 *(.comment)
 .comment       0x00000000       0x6e ./system/src/stm_spl/stm32f4xx_dma.o
                                 0x6f (size before relaxing)
 .comment       0x0000006e       0x6f ./system/src/stm_spl/stm32f4xx_gpio.o
 .comment       0x0000006e       0x6f ./system/src/stm_spl/stm32f4xx_rcc.o
 .comment       0x0000006e       0x6f ./system/src/stm_spl/stm32f4xx_tim.o
 .comment       0x0000006e       0x6f ./system/src/stm_spl/stm32f4xx_usart.o
 .comment       0x0000006e       0x6f ./system/src/newlib/_exit.o
 .comment       0x0000006e       0x6f ./system/src/newlib/_sbrk.o
 .comment       0x0000006e       0x6f ./system/src/newlib/_startup.o
 .comment       0x0000006e       0x6f ./system/src/newlib/_syscalls.o
 .comment       0x0000006e       0x6f ./system/src/diag/Trace.o
 .comment       0x0000006e       0x6f ./system/src/diag/trace_impl.o
 .comment       0x0000006e       0x6f ./system/src/cortexm/_initialize_hardware.o
 .comment       0x0000006e       0x6f ./system/src/cortexm/exception_handlers.o
 .comment       0x0000006e       0x6f ./system/src/cmsis/system_stm32f4xx.o
 .comment       0x0000006e       0x6f ./system/src/cmsis/vectors_stm32f4xx.o
 .comment       0x0000006e       0x6f ./src/debugkom.o
 .comment       0x0000006e       0x6f ./src/delay.o
 .comment       0x0000006e       0x6f ./src/main.o
 .comment       0x0000006e       0x6f ./src/temp_meas.o
 .comment       0x0000006e       0x6f ./src/timer.o

.ARM.attributes
                0x00000000       0x31
 .ARM.attributes
                0x00000000       0x33 ./system/src/stm_spl/stm32f4xx_dma.o
 .ARM.attributes
                0x00000033       0x33 ./system/src/stm_spl/stm32f4xx_gpio.o
 .ARM.attributes
                0x00000066       0x33 ./system/src/stm_spl/stm32f4xx_rcc.o
 .ARM.attributes
                0x00000099       0x33 ./system/src/stm_spl/stm32f4xx_tim.o
 .ARM.attributes
                0x000000cc       0x33 ./system/src/stm_spl/stm32f4xx_usart.o
 .ARM.attributes
                0x000000ff       0x33 ./system/src/newlib/_exit.o
 .ARM.attributes
                0x00000132       0x33 ./system/src/newlib/_sbrk.o
 .ARM.attributes
                0x00000165       0x33 ./system/src/newlib/_startup.o
 .ARM.attributes
                0x00000198       0x33 ./system/src/newlib/_syscalls.o
 .ARM.attributes
                0x000001cb       0x33 ./system/src/diag/Trace.o
 .ARM.attributes
                0x000001fe       0x33 ./system/src/diag/trace_impl.o
 .ARM.attributes
                0x00000231       0x33 ./system/src/cortexm/_initialize_hardware.o
 .ARM.attributes
                0x00000264       0x33 ./system/src/cortexm/exception_handlers.o
 .ARM.attributes
                0x00000297       0x33 ./system/src/cmsis/system_stm32f4xx.o
 .ARM.attributes
                0x000002ca       0x33 ./system/src/cmsis/vectors_stm32f4xx.o
 .ARM.attributes
                0x000002fd       0x33 ./src/debugkom.o
 .ARM.attributes
                0x00000330       0x33 ./src/delay.o
 .ARM.attributes
                0x00000363       0x33 ./src/main.o
 .ARM.attributes
                0x00000396       0x33 ./src/temp_meas.o
 .ARM.attributes
                0x000003c9       0x33 ./src/timer.o
 .ARM.attributes
                0x000003fc       0x2e c:/program files (x86)/gnu tools arm embedded/5.4 2016q3/bin/../lib/gcc/arm-none-eabi/5.4.1/../../../../arm-none-eabi/lib/armv7e-m\libg_nano.a(lib_a-errno.o)
 .ARM.attributes
                0x0000042a       0x2e c:/program files (x86)/gnu tools arm embedded/5.4 2016q3/bin/../lib/gcc/arm-none-eabi/5.4.1/../../../../arm-none-eabi/lib/armv7e-m\libg_nano.a(lib_a-impure.o)
 .ARM.attributes
                0x00000458       0x2e c:/program files (x86)/gnu tools arm embedded/5.4 2016q3/bin/../lib/gcc/arm-none-eabi/5.4.1/../../../../arm-none-eabi/lib/armv7e-m\libg_nano.a(lib_a-nano-vfprintf_float.o)
 .ARM.attributes
                0x00000486       0x2e c:/program files (x86)/gnu tools arm embedded/5.4 2016q3/bin/../lib/gcc/arm-none-eabi/5.4.1/../../../../arm-none-eabi/lib/armv7e-m\libg_nano.a(lib_a-nano-vfprintf_i.o)
 .ARM.attributes
                0x000004b4       0x17 c:/program files (x86)/gnu tools arm embedded/5.4 2016q3/bin/../lib/gcc/arm-none-eabi/5.4.1/../../../../arm-none-eabi/lib/armv7e-m\libg_nano.a(lib_a-strlen.o)
 .ARM.attributes
                0x000004cb       0x2e c:/program files (x86)/gnu tools arm embedded/5.4 2016q3/bin/../lib/gcc/arm-none-eabi/5.4.1/../../../../arm-none-eabi/lib/armv7e-m\libg_nano.a(lib_a-vsnprintf.o)
 .ARM.attributes
                0x000004f9       0x2e c:/program files (x86)/gnu tools arm embedded/5.4 2016q3/bin/../lib/gcc/arm-none-eabi/5.4.1/../../../../arm-none-eabi/lib/armv7e-m\libg_nano.a(lib_a-dtoa.o)
 .ARM.attributes
                0x00000527       0x2e c:/program files (x86)/gnu tools arm embedded/5.4 2016q3/bin/../lib/gcc/arm-none-eabi/5.4.1/../../../../arm-none-eabi/lib/armv7e-m\libg_nano.a(lib_a-localeconv.o)
 .ARM.attributes
                0x00000555       0x2e c:/program files (x86)/gnu tools arm embedded/5.4 2016q3/bin/../lib/gcc/arm-none-eabi/5.4.1/../../../../arm-none-eabi/lib/armv7e-m\libg_nano.a(lib_a-malloc.o)
 .ARM.attributes
                0x00000583       0x1c c:/program files (x86)/gnu tools arm embedded/5.4 2016q3/bin/../lib/gcc/arm-none-eabi/5.4.1/../../../../arm-none-eabi/lib/armv7e-m\libg_nano.a(lib_a-memchr.o)
 .ARM.attributes
                0x0000059f       0x2e c:/program files (x86)/gnu tools arm embedded/5.4 2016q3/bin/../lib/gcc/arm-none-eabi/5.4.1/../../../../arm-none-eabi/lib/armv7e-m\libg_nano.a(lib_a-memcpy-stub.o)
 .ARM.attributes
                0x000005cd       0x2e c:/program files (x86)/gnu tools arm embedded/5.4 2016q3/bin/../lib/gcc/arm-none-eabi/5.4.1/../../../../arm-none-eabi/lib/armv7e-m\libg_nano.a(lib_a-mprec.o)
 .ARM.attributes
                0x000005fb       0x2e c:/program files (x86)/gnu tools arm embedded/5.4 2016q3/bin/../lib/gcc/arm-none-eabi/5.4.1/../../../../arm-none-eabi/lib/armv7e-m\libg_nano.a(lib_a-nano-callocr.o)
 .ARM.attributes
                0x00000629       0x2e c:/program files (x86)/gnu tools arm embedded/5.4 2016q3/bin/../lib/gcc/arm-none-eabi/5.4.1/../../../../arm-none-eabi/lib/armv7e-m\libg_nano.a(lib_a-nano-freer.o)
 .ARM.attributes
                0x00000657       0x2e c:/program files (x86)/gnu tools arm embedded/5.4 2016q3/bin/../lib/gcc/arm-none-eabi/5.4.1/../../../../arm-none-eabi/lib/armv7e-m\libg_nano.a(lib_a-nano-mallocr.o)
 .ARM.attributes
                0x00000685       0x2e c:/program files (x86)/gnu tools arm embedded/5.4 2016q3/bin/../lib/gcc/arm-none-eabi/5.4.1/../../../../arm-none-eabi/lib/armv7e-m\libg_nano.a(lib_a-nano-svfprintf.o)
 .ARM.attributes
                0x000006b3       0x2e c:/program files (x86)/gnu tools arm embedded/5.4 2016q3/bin/../lib/gcc/arm-none-eabi/5.4.1/../../../../arm-none-eabi/lib/armv7e-m\libg_nano.a(lib_a-sbrkr.o)
 .ARM.attributes
                0x000006e1       0x2e c:/program files (x86)/gnu tools arm embedded/5.4 2016q3/bin/../lib/gcc/arm-none-eabi/5.4.1/../../../../arm-none-eabi/lib/armv7e-m\libg_nano.a(lib_a-locale.o)
 .ARM.attributes
                0x0000070f       0x2e c:/program files (x86)/gnu tools arm embedded/5.4 2016q3/bin/../lib/gcc/arm-none-eabi/5.4.1/../../../../arm-none-eabi/lib/armv7e-m\libg_nano.a(lib_a-mbtowc_r.o)
 .ARM.attributes
                0x0000073d       0x2e c:/program files (x86)/gnu tools arm embedded/5.4 2016q3/bin/../lib/gcc/arm-none-eabi/5.4.1/../../../../arm-none-eabi/lib/armv7e-m\libg_nano.a(lib_a-memmove.o)
 .ARM.attributes
                0x0000076b       0x2e c:/program files (x86)/gnu tools arm embedded/5.4 2016q3/bin/../lib/gcc/arm-none-eabi/5.4.1/../../../../arm-none-eabi/lib/armv7e-m\libg_nano.a(lib_a-memset.o)
 .ARM.attributes
                0x00000799       0x2e c:/program files (x86)/gnu tools arm embedded/5.4 2016q3/bin/../lib/gcc/arm-none-eabi/5.4.1/../../../../arm-none-eabi/lib/armv7e-m\libg_nano.a(lib_a-mlock.o)
 .ARM.attributes
                0x000007c7       0x2e c:/program files (x86)/gnu tools arm embedded/5.4 2016q3/bin/../lib/gcc/arm-none-eabi/5.4.1/../../../../arm-none-eabi/lib/armv7e-m\libg_nano.a(lib_a-nano-reallocr.o)
 .ARM.attributes
                0x000007f5       0x2e c:/program files (x86)/gnu tools arm embedded/5.4 2016q3/bin/../lib/gcc/arm-none-eabi/5.4.1/../../../../arm-none-eabi/lib/armv7e-m\libg_nano.a(lib_a-wctomb_r.o)
 .ARM.attributes
                0x00000823       0x2e c:/program files (x86)/gnu tools arm embedded/5.4 2016q3/bin/../lib/gcc/arm-none-eabi/5.4.1/../../../../arm-none-eabi/lib/armv7e-m\libg_nano.a(lib_a-ctype_.o)
 .ARM.attributes
                0x00000851       0x2e c:/program files (x86)/gnu tools arm embedded/5.4 2016q3/bin/../lib/gcc/arm-none-eabi/5.4.1/../../../../arm-none-eabi/lib/armv7e-m\libg_nano.a(lib_a-nano-msizer.o)
 .ARM.attributes
                0x0000087f       0x1e c:/program files (x86)/gnu tools arm embedded/5.4 2016q3/bin/../lib/gcc/arm-none-eabi/5.4.1/armv7e-m\libgcc.a(_arm_addsubdf3.o)
 .ARM.attributes
                0x0000089d       0x1e c:/program files (x86)/gnu tools arm embedded/5.4 2016q3/bin/../lib/gcc/arm-none-eabi/5.4.1/armv7e-m\libgcc.a(_arm_muldivdf3.o)
 .ARM.attributes
                0x000008bb       0x1e c:/program files (x86)/gnu tools arm embedded/5.4 2016q3/bin/../lib/gcc/arm-none-eabi/5.4.1/armv7e-m\libgcc.a(_arm_cmpdf2.o)
 .ARM.attributes
                0x000008d9       0x1e c:/program files (x86)/gnu tools arm embedded/5.4 2016q3/bin/../lib/gcc/arm-none-eabi/5.4.1/armv7e-m\libgcc.a(_arm_unorddf2.o)
 .ARM.attributes
                0x000008f7       0x1e c:/program files (x86)/gnu tools arm embedded/5.4 2016q3/bin/../lib/gcc/arm-none-eabi/5.4.1/armv7e-m\libgcc.a(_arm_fixdfsi.o)

.debug
 *(.debug)

.line
 *(.line)

.debug_srcinfo
 *(.debug_srcinfo)

.debug_sfnames
 *(.debug_sfnames)

.debug_aranges  0x00000000      0xa60
 *(.debug_aranges)
 .debug_aranges
                0x00000000       0xb0 ./system/src/stm_spl/stm32f4xx_dma.o
 .debug_aranges
                0x000000b0       0x88 ./system/src/stm_spl/stm32f4xx_gpio.o
 .debug_aranges
                0x00000138      0x1c0 ./system/src/stm_spl/stm32f4xx_rcc.o
 .debug_aranges
                0x000002f8      0x2f8 ./system/src/stm_spl/stm32f4xx_tim.o
 .debug_aranges
                0x000005f0      0x100 ./system/src/stm_spl/stm32f4xx_usart.o
 .debug_aranges
                0x000006f0       0x28 ./system/src/newlib/_exit.o
 .debug_aranges
                0x00000718       0x20 ./system/src/newlib/_sbrk.o
 .debug_aranges
                0x00000738       0x40 ./system/src/newlib/_startup.o
 .debug_aranges
                0x00000778       0x30 ./system/src/newlib/_syscalls.o
 .debug_aranges
                0x000007a8       0x38 ./system/src/diag/Trace.o
 .debug_aranges
                0x000007e0       0x30 ./system/src/diag/trace_impl.o
 .debug_aranges
                0x00000810       0x28 ./system/src/cortexm/_initialize_hardware.o
 .debug_aranges
                0x00000838       0x90 ./system/src/cortexm/exception_handlers.o
 .debug_aranges
                0x000008c8       0x30 ./system/src/cmsis/system_stm32f4xx.o
 .debug_aranges
                0x000008f8       0x20 ./system/src/cmsis/vectors_stm32f4xx.o
 .debug_aranges
                0x00000918       0x68 ./src/debugkom.o
 .debug_aranges
                0x00000980       0x38 ./src/delay.o
 .debug_aranges
                0x000009b8       0x20 ./src/main.o
 .debug_aranges
                0x000009d8       0x30 ./src/temp_meas.o
 .debug_aranges
                0x00000a08       0x58 ./src/timer.o

.debug_pubnames
 *(.debug_pubnames)

.debug_info     0x00000000     0x971a
 *(.debug_info .gnu.linkonce.wi.*)
 .debug_info    0x00000000      0x720 ./system/src/stm_spl/stm32f4xx_dma.o
 .debug_info    0x00000720      0x820 ./system/src/stm_spl/stm32f4xx_gpio.o
 .debug_info    0x00000f40      0xe87 ./system/src/stm_spl/stm32f4xx_rcc.o
 .debug_info    0x00001dc7     0x20dd ./system/src/stm_spl/stm32f4xx_tim.o
 .debug_info    0x00003ea4      0xb71 ./system/src/stm_spl/stm32f4xx_usart.o
 .debug_info    0x00004a15       0xef ./system/src/newlib/_exit.o
 .debug_info    0x00004b04      0x11f ./system/src/newlib/_sbrk.o
 .debug_info    0x00004c23      0x4ef ./system/src/newlib/_startup.o
 .debug_info    0x00005112      0x1b4 ./system/src/newlib/_syscalls.o
 .debug_info    0x000052c6      0x2e7 ./system/src/diag/Trace.o
 .debug_info    0x000055ad      0x30a ./system/src/diag/trace_impl.o
 .debug_info    0x000058b7       0xe7 ./system/src/cortexm/_initialize_hardware.o
 .debug_info    0x0000599e      0x8f4 ./system/src/cortexm/exception_handlers.o
 .debug_info    0x00006292      0x5ad ./system/src/cmsis/system_stm32f4xx.o
 .debug_info    0x0000683f       0xd4 ./system/src/cmsis/vectors_stm32f4xx.o
 .debug_info    0x00006913      0xda6 ./src/debugkom.o
 .debug_info    0x000076b9      0x760 ./src/delay.o
 .debug_info    0x00007e19      0x33b ./src/main.o
 .debug_info    0x00008154      0xc23 ./src/temp_meas.o
 .debug_info    0x00008d77      0x9a3 ./src/timer.o

.debug_abbrev   0x00000000     0x1d97
 *(.debug_abbrev)
 .debug_abbrev  0x00000000      0x17a ./system/src/stm_spl/stm32f4xx_dma.o
 .debug_abbrev  0x0000017a      0x1e5 ./system/src/stm_spl/stm32f4xx_gpio.o
 .debug_abbrev  0x0000035f      0x1e7 ./system/src/stm_spl/stm32f4xx_rcc.o
 .debug_abbrev  0x00000546      0x1c3 ./system/src/stm_spl/stm32f4xx_tim.o
 .debug_abbrev  0x00000709      0x1be ./system/src/stm_spl/stm32f4xx_usart.o
 .debug_abbrev  0x000008c7       0x8e ./system/src/newlib/_exit.o
 .debug_abbrev  0x00000955       0xb9 ./system/src/newlib/_sbrk.o
 .debug_abbrev  0x00000a0e      0x1d4 ./system/src/newlib/_startup.o
 .debug_abbrev  0x00000be2       0xe5 ./system/src/newlib/_syscalls.o
 .debug_abbrev  0x00000cc7      0x156 ./system/src/diag/Trace.o
 .debug_abbrev  0x00000e1d      0x1c8 ./system/src/diag/trace_impl.o
 .debug_abbrev  0x00000fe5       0x88 ./system/src/cortexm/_initialize_hardware.o
 .debug_abbrev  0x0000106d      0x247 ./system/src/cortexm/exception_handlers.o
 .debug_abbrev  0x000012b4      0x127 ./system/src/cmsis/system_stm32f4xx.o
 .debug_abbrev  0x000013db       0x9d ./system/src/cmsis/vectors_stm32f4xx.o
 .debug_abbrev  0x00001478      0x223 ./src/debugkom.o
 .debug_abbrev  0x0000169b      0x1be ./src/delay.o
 .debug_abbrev  0x00001859      0x15c ./src/main.o
 .debug_abbrev  0x000019b5      0x1bd ./src/temp_meas.o
 .debug_abbrev  0x00001b72      0x225 ./src/timer.o

.debug_line     0x00000000     0x6c81
 *(.debug_line)
 .debug_line    0x00000000      0x56a ./system/src/stm_spl/stm32f4xx_dma.o
 .debug_line    0x0000056a      0x4d5 ./system/src/stm_spl/stm32f4xx_gpio.o
 .debug_line    0x00000a3f      0x7b1 ./system/src/stm_spl/stm32f4xx_rcc.o
 .debug_line    0x000011f0      0xb89 ./system/src/stm_spl/stm32f4xx_tim.o
 .debug_line    0x00001d79      0x60f ./system/src/stm_spl/stm32f4xx_usart.o
 .debug_line    0x00002388      0x33c ./system/src/newlib/_exit.o
 .debug_line    0x000026c4      0x2ee ./system/src/newlib/_sbrk.o
 .debug_line    0x000029b2      0x3b6 ./system/src/newlib/_startup.o
 .debug_line    0x00002d68      0x409 ./system/src/newlib/_syscalls.o
 .debug_line    0x00003171      0x3a8 ./system/src/diag/Trace.o
 .debug_line    0x00003519      0x676 ./system/src/diag/trace_impl.o
 .debug_line    0x00003b8f      0x3c6 ./system/src/cortexm/_initialize_hardware.o
 .debug_line    0x00003f55      0x720 ./system/src/cortexm/exception_handlers.o
 .debug_line    0x00004675      0x3eb ./system/src/cmsis/system_stm32f4xx.o
 .debug_line    0x00004a60      0x103 ./system/src/cmsis/vectors_stm32f4xx.o
 .debug_line    0x00004b63      0x792 ./src/debugkom.o
 .debug_line    0x000052f5      0x5ae ./src/delay.o
 .debug_line    0x000058a3      0x63a ./src/main.o
 .debug_line    0x00005edd      0x6c3 ./src/temp_meas.o
 .debug_line    0x000065a0      0x6e1 ./src/timer.o

.debug_frame    0x00000000     0x1da4
 *(.debug_frame)
 .debug_frame   0x00000000      0x158 ./system/src/stm_spl/stm32f4xx_dma.o
 .debug_frame   0x00000158      0x11c ./system/src/stm_spl/stm32f4xx_gpio.o
 .debug_frame   0x00000274      0x378 ./system/src/stm_spl/stm32f4xx_rcc.o
 .debug_frame   0x000005ec      0x6c8 ./system/src/stm_spl/stm32f4xx_tim.o
 .debug_frame   0x00000cb4      0x21c ./system/src/stm_spl/stm32f4xx_usart.o
 .debug_frame   0x00000ed0       0x38 ./system/src/newlib/_exit.o
 .debug_frame   0x00000f08       0x28 ./system/src/newlib/_sbrk.o
 .debug_frame   0x00000f30       0x7c ./system/src/newlib/_startup.o
 .debug_frame   0x00000fac       0x50 ./system/src/newlib/_syscalls.o
 .debug_frame   0x00000ffc       0x94 ./system/src/diag/Trace.o
 .debug_frame   0x00001090       0x60 ./system/src/diag/trace_impl.o
 .debug_frame   0x000010f0       0x40 ./system/src/cortexm/_initialize_hardware.o
 .debug_frame   0x00001130      0x158 ./system/src/cortexm/exception_handlers.o
 .debug_frame   0x00001288       0x48 ./system/src/cmsis/system_stm32f4xx.o
 .debug_frame   0x000012d0       0x20 ./system/src/cmsis/vectors_stm32f4xx.o
 .debug_frame   0x000012f0      0x118 ./src/debugkom.o
 .debug_frame   0x00001408       0x58 ./src/delay.o
 .debug_frame   0x00001460       0x2c ./src/main.o
 .debug_frame   0x0000148c       0x60 ./src/temp_meas.o
 .debug_frame   0x000014ec      0x104 ./src/timer.o
 .debug_frame   0x000015f0       0x20 c:/program files (x86)/gnu tools arm embedded/5.4 2016q3/bin/../lib/gcc/arm-none-eabi/5.4.1/../../../../arm-none-eabi/lib/armv7e-m\libg_nano.a(lib_a-errno.o)
 .debug_frame   0x00001610       0x8c c:/program files (x86)/gnu tools arm embedded/5.4 2016q3/bin/../lib/gcc/arm-none-eabi/5.4.1/../../../../arm-none-eabi/lib/armv7e-m\libg_nano.a(lib_a-nano-vfprintf_float.o)
 .debug_frame   0x0000169c       0x60 c:/program files (x86)/gnu tools arm embedded/5.4 2016q3/bin/../lib/gcc/arm-none-eabi/5.4.1/../../../../arm-none-eabi/lib/armv7e-m\libg_nano.a(lib_a-nano-vfprintf_i.o)
 .debug_frame   0x000016fc       0x48 c:/program files (x86)/gnu tools arm embedded/5.4 2016q3/bin/../lib/gcc/arm-none-eabi/5.4.1/../../../../arm-none-eabi/lib/armv7e-m\libg_nano.a(lib_a-vsnprintf.o)
 .debug_frame   0x00001744       0x6c c:/program files (x86)/gnu tools arm embedded/5.4 2016q3/bin/../lib/gcc/arm-none-eabi/5.4.1/../../../../arm-none-eabi/lib/armv7e-m\libg_nano.a(lib_a-dtoa.o)
 .debug_frame   0x000017b0       0x40 c:/program files (x86)/gnu tools arm embedded/5.4 2016q3/bin/../lib/gcc/arm-none-eabi/5.4.1/../../../../arm-none-eabi/lib/armv7e-m\libg_nano.a(lib_a-localeconv.o)
 .debug_frame   0x000017f0       0x30 c:/program files (x86)/gnu tools arm embedded/5.4 2016q3/bin/../lib/gcc/arm-none-eabi/5.4.1/../../../../arm-none-eabi/lib/armv7e-m\libg_nano.a(lib_a-malloc.o)
 .debug_frame   0x00001820       0x28 c:/program files (x86)/gnu tools arm embedded/5.4 2016q3/bin/../lib/gcc/arm-none-eabi/5.4.1/../../../../arm-none-eabi/lib/armv7e-m\libg_nano.a(lib_a-memcpy-stub.o)
 .debug_frame   0x00001848      0x234 c:/program files (x86)/gnu tools arm embedded/5.4 2016q3/bin/../lib/gcc/arm-none-eabi/5.4.1/../../../../arm-none-eabi/lib/armv7e-m\libg_nano.a(lib_a-mprec.o)
 .debug_frame   0x00001a7c       0x2c c:/program files (x86)/gnu tools arm embedded/5.4 2016q3/bin/../lib/gcc/arm-none-eabi/5.4.1/../../../../arm-none-eabi/lib/armv7e-m\libg_nano.a(lib_a-nano-callocr.o)
 .debug_frame   0x00001aa8       0x38 c:/program files (x86)/gnu tools arm embedded/5.4 2016q3/bin/../lib/gcc/arm-none-eabi/5.4.1/../../../../arm-none-eabi/lib/armv7e-m\libg_nano.a(lib_a-nano-freer.o)
 .debug_frame   0x00001ae0       0x2c c:/program files (x86)/gnu tools arm embedded/5.4 2016q3/bin/../lib/gcc/arm-none-eabi/5.4.1/../../../../arm-none-eabi/lib/armv7e-m\libg_nano.a(lib_a-nano-mallocr.o)
 .debug_frame   0x00001b0c       0x90 c:/program files (x86)/gnu tools arm embedded/5.4 2016q3/bin/../lib/gcc/arm-none-eabi/5.4.1/../../../../arm-none-eabi/lib/armv7e-m\libg_nano.a(lib_a-nano-svfprintf.o)
 .debug_frame   0x00001b9c       0x2c c:/program files (x86)/gnu tools arm embedded/5.4 2016q3/bin/../lib/gcc/arm-none-eabi/5.4.1/../../../../arm-none-eabi/lib/armv7e-m\libg_nano.a(lib_a-sbrkr.o)
 .debug_frame   0x00001bc8       0x88 c:/program files (x86)/gnu tools arm embedded/5.4 2016q3/bin/../lib/gcc/arm-none-eabi/5.4.1/../../../../arm-none-eabi/lib/armv7e-m\libg_nano.a(lib_a-locale.o)
 .debug_frame   0x00001c50       0x44 c:/program files (x86)/gnu tools arm embedded/5.4 2016q3/bin/../lib/gcc/arm-none-eabi/5.4.1/../../../../arm-none-eabi/lib/armv7e-m\libg_nano.a(lib_a-mbtowc_r.o)
 .debug_frame   0x00001c94       0x28 c:/program files (x86)/gnu tools arm embedded/5.4 2016q3/bin/../lib/gcc/arm-none-eabi/5.4.1/../../../../arm-none-eabi/lib/armv7e-m\libg_nano.a(lib_a-memmove.o)
 .debug_frame   0x00001cbc       0x20 c:/program files (x86)/gnu tools arm embedded/5.4 2016q3/bin/../lib/gcc/arm-none-eabi/5.4.1/../../../../arm-none-eabi/lib/armv7e-m\libg_nano.a(lib_a-memset.o)
 .debug_frame   0x00001cdc       0x30 c:/program files (x86)/gnu tools arm embedded/5.4 2016q3/bin/../lib/gcc/arm-none-eabi/5.4.1/../../../../arm-none-eabi/lib/armv7e-m\libg_nano.a(lib_a-mlock.o)
 .debug_frame   0x00001d0c       0x3c c:/program files (x86)/gnu tools arm embedded/5.4 2016q3/bin/../lib/gcc/arm-none-eabi/5.4.1/../../../../arm-none-eabi/lib/armv7e-m\libg_nano.a(lib_a-nano-reallocr.o)
 .debug_frame   0x00001d48       0x3c c:/program files (x86)/gnu tools arm embedded/5.4 2016q3/bin/../lib/gcc/arm-none-eabi/5.4.1/../../../../arm-none-eabi/lib/armv7e-m\libg_nano.a(lib_a-wctomb_r.o)
 .debug_frame   0x00001d84       0x20 c:/program files (x86)/gnu tools arm embedded/5.4 2016q3/bin/../lib/gcc/arm-none-eabi/5.4.1/../../../../arm-none-eabi/lib/armv7e-m\libg_nano.a(lib_a-nano-msizer.o)

.debug_str      0x00000000    0x6d288
 *(.debug_str)
 .debug_str     0x00000000    0x62bb9 ./system/src/stm_spl/stm32f4xx_dma.o
                              0x62deb (size before relaxing)
 .debug_str     0x00062bb9      0x2cb ./system/src/stm_spl/stm32f4xx_gpio.o
                              0x62a3a (size before relaxing)
 .debug_str     0x00062e84      0xd7c ./system/src/stm_spl/stm32f4xx_rcc.o
                              0x63514 (size before relaxing)
 .debug_str     0x00063c00      0xc2d ./system/src/stm_spl/stm32f4xx_tim.o
                              0x63448 (size before relaxing)
 .debug_str     0x0006482d      0x538 ./system/src/stm_spl/stm32f4xx_usart.o
                              0x62d76 (size before relaxing)
 .debug_str     0x00064d65     0x482f ./system/src/newlib/_exit.o
                               0x6ed8 (size before relaxing)
 .debug_str     0x00069594      0x4de ./system/src/newlib/_sbrk.o
                               0x62c3 (size before relaxing)
 .debug_str     0x00069a72      0x2fd ./system/src/newlib/_startup.o
                               0x5ed8 (size before relaxing)
 .debug_str     0x00069d6f      0xe0b ./system/src/newlib/_syscalls.o
                               0x7116 (size before relaxing)
 .debug_str     0x0006ab7a      0x890 ./system/src/diag/Trace.o
                               0x76c8 (size before relaxing)
 .debug_str     0x0006b40a      0x381 ./system/src/diag/trace_impl.o
                              0x6664c (size before relaxing)
 .debug_str     0x0006b78b       0x4e ./system/src/cortexm/_initialize_hardware.o
                              0x62787 (size before relaxing)
 .debug_str     0x0006b7d9      0x1f1 ./system/src/cortexm/exception_handlers.o
                              0x6740e (size before relaxing)
 .debug_str     0x0006b9ca       0xa9 ./system/src/cmsis/system_stm32f4xx.o
                              0x6296c (size before relaxing)
 .debug_str     0x0006ba73       0x57 ./system/src/cmsis/vectors_stm32f4xx.o
                               0x3093 (size before relaxing)
 .debug_str     0x0006baca      0xa9e ./src/debugkom.o
                              0x6756f (size before relaxing)
 .debug_str     0x0006c568       0xd4 ./src/delay.o
                              0x65baa (size before relaxing)
 .debug_str     0x0006c63c        0xe ./src/main.o
                              0x6743e (size before relaxing)
 .debug_str     0x0006c64a      0xb66 ./src/temp_meas.o
                              0x68d3c (size before relaxing)
 .debug_str     0x0006d1b0       0xd8 ./src/timer.o
                              0x670b5 (size before relaxing)

.debug_loc      0x00000000     0x4312
 *(.debug_loc)
 .debug_loc     0x00000000      0x3f8 ./system/src/stm_spl/stm32f4xx_dma.o
 .debug_loc     0x000003f8      0x365 ./system/src/stm_spl/stm32f4xx_gpio.o
 .debug_loc     0x0000075d      0xbec ./system/src/stm_spl/stm32f4xx_rcc.o
 .debug_loc     0x00001349     0x19f2 ./system/src/stm_spl/stm32f4xx_tim.o
 .debug_loc     0x00002d3b      0x745 ./system/src/stm_spl/stm32f4xx_usart.o
 .debug_loc     0x00003480       0x82 ./system/src/newlib/_sbrk.o
 .debug_loc     0x00003502      0x36e ./system/src/newlib/_startup.o
 .debug_loc     0x00003870       0x63 ./system/src/newlib/_syscalls.o
 .debug_loc     0x000038d3      0x102 ./system/src/diag/Trace.o
 .debug_loc     0x000039d5      0x17c ./system/src/diag/trace_impl.o
 .debug_loc     0x00003b51      0x2a8 ./system/src/cortexm/exception_handlers.o
 .debug_loc     0x00003df9      0x132 ./system/src/cmsis/system_stm32f4xx.o
 .debug_loc     0x00003f2b      0x18f ./src/debugkom.o
 .debug_loc     0x000040ba       0x66 ./src/delay.o
 .debug_loc     0x00004120      0x1f2 ./src/timer.o

.debug_macinfo
 *(.debug_macinfo)

.debug_weaknames
 *(.debug_weaknames)

.debug_funcnames
 *(.debug_funcnames)

.debug_typenames
 *(.debug_typenames)

.debug_varnames
 *(.debug_varnames)
OUTPUT(uSensor_v2.0.elf elf32-littlearm)

.debug_ranges   0x00000000      0x950
 .debug_ranges  0x00000000       0xa0 ./system/src/stm_spl/stm32f4xx_dma.o
 .debug_ranges  0x000000a0       0x78 ./system/src/stm_spl/stm32f4xx_gpio.o
 .debug_ranges  0x00000118      0x1b0 ./system/src/stm_spl/stm32f4xx_rcc.o
 .debug_ranges  0x000002c8      0x2e8 ./system/src/stm_spl/stm32f4xx_tim.o
 .debug_ranges  0x000005b0       0xf0 ./system/src/stm_spl/stm32f4xx_usart.o
 .debug_ranges  0x000006a0       0x18 ./system/src/newlib/_exit.o
 .debug_ranges  0x000006b8       0x10 ./system/src/newlib/_sbrk.o
 .debug_ranges  0x000006c8       0x30 ./system/src/newlib/_startup.o
 .debug_ranges  0x000006f8       0x20 ./system/src/newlib/_syscalls.o
 .debug_ranges  0x00000718       0x28 ./system/src/diag/Trace.o
 .debug_ranges  0x00000740       0x38 ./system/src/diag/trace_impl.o
 .debug_ranges  0x00000778       0x18 ./system/src/cortexm/_initialize_hardware.o
 .debug_ranges  0x00000790       0x98 ./system/src/cortexm/exception_handlers.o
 .debug_ranges  0x00000828       0x20 ./system/src/cmsis/system_stm32f4xx.o
 .debug_ranges  0x00000848       0x10 ./system/src/cmsis/vectors_stm32f4xx.o
 .debug_ranges  0x00000858       0x58 ./src/debugkom.o
 .debug_ranges  0x000008b0       0x28 ./src/delay.o
 .debug_ranges  0x000008d8       0x10 ./src/main.o
 .debug_ranges  0x000008e8       0x20 ./src/temp_meas.o
 .debug_ranges  0x00000908       0x48 ./src/timer.o

.debug_macro    0x00000000     0x5edf
 .debug_macro   0x00000000      0x1e8 ./system/src/stm_spl/stm32f4xx_dma.o
 .debug_macro   0x000001e8      0x471 ./system/src/stm_spl/stm32f4xx_dma.o
 .debug_macro   0x00000659      0x194 ./system/src/stm_spl/stm32f4xx_gpio.o
 .debug_macro   0x000007ed      0x2e7 ./system/src/stm_spl/stm32f4xx_gpio.o
 .debug_macro   0x00000ad4      0x25e ./system/src/stm_spl/stm32f4xx_rcc.o
 .debug_macro   0x00000d32      0x64a ./system/src/stm_spl/stm32f4xx_rcc.o
 .debug_macro   0x0000137c      0x1be ./system/src/stm_spl/stm32f4xx_tim.o
 .debug_macro   0x0000153a      0x735 ./system/src/stm_spl/stm32f4xx_tim.o
 .debug_macro   0x00001c6f      0x1ac ./system/src/stm_spl/stm32f4xx_usart.o
 .debug_macro   0x00001e1b      0x21d ./system/src/stm_spl/stm32f4xx_usart.o
 .debug_macro   0x00002038      0x19c ./system/src/newlib/_exit.o
 .debug_macro   0x000021d4       0x9c ./system/src/newlib/_exit.o
 .debug_macro   0x00002270      0x10e ./system/src/newlib/_exit.o
 .debug_macro   0x0000237e       0x8d ./system/src/newlib/_exit.o
 .debug_macro   0x0000240b       0x43 ./system/src/newlib/_exit.o
 .debug_macro   0x0000244e      0x30d ./system/src/newlib/_exit.o
 .debug_macro   0x0000275b       0x35 ./system/src/newlib/_exit.o
 .debug_macro   0x00002790      0x151 ./system/src/newlib/_sbrk.o
 .debug_macro   0x000028e1      0x174 ./system/src/newlib/_sbrk.o
 .debug_macro   0x00002a55       0x10 ./system/src/newlib/_sbrk.o
 .debug_macro   0x00002a65      0x23b ./system/src/newlib/_sbrk.o
 .debug_macro   0x00002ca0      0x15b ./system/src/newlib/_startup.o
 .debug_macro   0x00002dfb      0x89e ./system/src/newlib/_startup.o
 .debug_macro   0x00003699      0x1ff ./system/src/newlib/_syscalls.o
 .debug_macro   0x00003898       0x1c ./system/src/newlib/_syscalls.o
 .debug_macro   0x000038b4       0x10 ./system/src/newlib/_syscalls.o
 .debug_macro   0x000038c4       0x10 ./system/src/newlib/_syscalls.o
 .debug_macro   0x000038d4       0x10 ./system/src/newlib/_syscalls.o
 .debug_macro   0x000038e4       0x35 ./system/src/newlib/_syscalls.o
 .debug_macro   0x00003919      0x122 ./system/src/newlib/_syscalls.o
 .debug_macro   0x00003a3b       0x88 ./system/src/newlib/_syscalls.o
 .debug_macro   0x00003ac3       0x2b ./system/src/newlib/_syscalls.o
 .debug_macro   0x00003aee      0x118 ./system/src/newlib/_syscalls.o
 .debug_macro   0x00003c06      0x159 ./system/src/newlib/_syscalls.o
 .debug_macro   0x00003d5f       0x16 ./system/src/newlib/_syscalls.o
 .debug_macro   0x00003d75      0x1d9 ./system/src/diag/Trace.o
 .debug_macro   0x00003f4e       0x16 ./system/src/diag/Trace.o
 .debug_macro   0x00003f64       0x97 ./system/src/diag/Trace.o
 .debug_macro   0x00003ffb       0xfd ./system/src/diag/Trace.o
 .debug_macro   0x000040f8       0x10 ./system/src/diag/Trace.o
 .debug_macro   0x00004108       0x16 ./system/src/diag/Trace.o
 .debug_macro   0x0000411e      0x18b ./system/src/diag/Trace.o
 .debug_macro   0x000042a9       0x4c ./system/src/diag/Trace.o
 .debug_macro   0x000042f5       0x16 ./system/src/diag/Trace.o
 .debug_macro   0x0000430b      0x2eb ./system/src/diag/trace_impl.o
 .debug_macro   0x000045f6       0x10 ./system/src/diag/trace_impl.o
 .debug_macro   0x00004606       0xcf ./system/src/diag/trace_impl.o
 .debug_macro   0x000046d5       0xbe ./system/src/diag/trace_impl.o
 .debug_macro   0x00004793       0x22 ./system/src/diag/trace_impl.o
 .debug_macro   0x000047b5      0x194 ./system/src/cortexm/_initialize_hardware.o
 .debug_macro   0x00004949      0x330 ./system/src/cortexm/exception_handlers.o
 .debug_macro   0x00004c79       0x10 ./system/src/cortexm/exception_handlers.o
 .debug_macro   0x00004c89      0x1ad ./system/src/cmsis/system_stm32f4xx.o
 .debug_macro   0x00004e36       0x34 ./system/src/cmsis/vectors_stm32f4xx.o
 .debug_macro   0x00004e6a      0x373 ./src/debugkom.o
 .debug_macro   0x000051dd       0x10 ./src/debugkom.o
 .debug_macro   0x000051ed       0x16 ./src/debugkom.o
 .debug_macro   0x00005203       0x88 ./src/debugkom.o
 .debug_macro   0x0000528b      0x27a ./src/delay.o
 .debug_macro   0x00005505      0x32c ./src/main.o
 .debug_macro   0x00005831      0x37a ./src/temp_meas.o
 .debug_macro   0x00005bab      0x334 ./src/timer.o
